#
# There is insufficient memory for the Java Runtime Environment to continue.
# Native memory allocation (malloc) failed to allocate 2253872 bytes. Error detail: Chunk::new
# Possible reasons:
#   The system is out of physical RAM or swap space
#   This process is running with CompressedOops enabled, and the Java Heap may be blocking the growth of the native heap
# Possible solutions:
#   Reduce memory load on the system
#   Increase physical memory or swap space
#   Check if swap backing store is full
#   Decrease Java heap size (-Xmx/-Xms)
#   Decrease number of Java threads
#   Decrease Java thread stack sizes (-Xss)
#   Set larger code cache with -XX:ReservedCodeCacheSize=
#   JVM is running with Unscaled Compressed Oops mode in which the Java heap is
#     placed in the first 4GB address space. The Java Heap base address is the
#     maximum limit for the native heap growth. Please use -XX:HeapBaseMinAddress
#     to set the Java Heap base and to place the Java Heap above 4GB virtual address.
# This output file may be truncated or incomplete.
#
#  Out of Memory Error (arena.cpp:168), pid=17268, tid=30288
#
# JRE version: OpenJDK Runtime Environment Temurin-21.0.8+9 (21.0.8+9) (build 21.0.8+9-LTS)
# Java VM: OpenJDK 64-Bit Server VM Temurin-21.0.8+9 (21.0.8+9-LTS, mixed mode, sharing, tiered, compressed oops, compressed class ptrs, parallel gc, windows-amd64)
# No core dump will be written. Minidumps are not enabled by default on client versions of Windows
#

---------------  S U M M A R Y ------------

Command Line: --add-modules=ALL-SYSTEM --add-opens=java.base/java.util=ALL-UNNAMED --add-opens=java.base/java.lang=ALL-UNNAMED --add-opens=java.base/sun.nio.fs=ALL-UNNAMED -Declipse.application=org.eclipse.jdt.ls.core.id1 -Dosgi.bundles.defaultStartLevel=4 -Declipse.product=org.eclipse.jdt.ls.core.product -Djava.import.generatesMetadataFilesAtProjectRoot=false -DDetectVMInstallationsJob.disabled=true -Dfile.encoding=utf8 -XX:+UseParallelGC -XX:GCTimeRatio=4 -XX:AdaptiveSizePolicyWeight=90 -Dsun.zip.disableMemoryMapping=true -Xmx2G -Xms100m -Xlog:disable -javaagent:c:\Users\waniw\.vscode\extensions\redhat.java-1.46.0-win32-x64\lombok\lombok-1.18.39-4050.jar -XX:+HeapDumpOnOutOfMemoryError -XX:HeapDumpPath=c:\Users\waniw\AppData\Roaming\Code\User\workspaceStorage\67cdc74a77c06671975aabb63d870477\redhat.java -Daether.dependencyCollector.impl=bf c:\Users\waniw\.vscode\extensions\redhat.java-1.46.0-win32-x64\server\plugins\org.eclipse.equinox.launcher_1.7.0.v20250519-0528.jar -configuration c:\Users\waniw\AppData\Roaming\Code\User\globalStorage\redhat.java\1.46.0\config_win -data c:\Users\waniw\AppData\Roaming\Code\User\workspaceStorage\67cdc74a77c06671975aabb63d870477\redhat.java\jdt_ws --pipe=\\.\pipe\lsp-450172f71ddc330a6e4fad5fb60f8add-sock

Host: AMD Ryzen 5 5600U with Radeon Graphics         , 12 cores, 7G,  Windows 11 , 64 bit Build 26100 (10.0.26100.5074)
Time: Wed Oct  8 22:24:32 2025 South Africa Standard Time elapsed time: 10.178374 seconds (0d 0h 0m 10s)

---------------  T H R E A D  ---------------

Current thread (0x000001687489f8d0):  JavaThread "C2 CompilerThread1" daemon [_thread_in_native, id=30288, stack(0x0000001469f00000,0x000000146a000000) (1024K)]


Current CompileTask:
C2:10178 8187       4       org.eclipse.jdt.internal.compiler.util.JrtFileSystem$2::visitFile (10 bytes)

Stack: [0x0000001469f00000,0x000000146a000000]
Native frames: (J=compiled Java code, j=interpreted, Vv=VM code, C=native code)
V  [jvm.dll+0x6d2449]
V  [jvm.dll+0x8ae341]
V  [jvm.dll+0x8b08be]
V  [jvm.dll+0x8b0fa3]
V  [jvm.dll+0x280c96]
V  [jvm.dll+0xc581d]
V  [jvm.dll+0xc5d53]
V  [jvm.dll+0x3b919c]
V  [jvm.dll+0x385315]
V  [jvm.dll+0x38477a]
V  [jvm.dll+0x248ed0]
V  [jvm.dll+0x2484af]
V  [jvm.dll+0x1c89ee]
V  [jvm.dll+0x257d4d]
V  [jvm.dll+0x2562ea]
V  [jvm.dll+0x3f2d16]
V  [jvm.dll+0x857e6b]
V  [jvm.dll+0x6d0b0d]
C  [ucrtbase.dll+0x37b0]
C  [KERNEL32.DLL+0x2e8d7]
C  [ntdll.dll+0x8d9c]


---------------  P R O C E S S  ---------------

Threads class SMR info:
_java_thread_list=0x000001687cb49130, length=44, elements={
0x000001681b8ef0f0, 0x000001681b9933e0, 0x000001681b9946d0, 0x000001681b996bb0,
0x000001681b997a80, 0x000001681b9a2450, 0x000001681b9a98e0, 0x00000168746b2530,
0x00000168746b4560, 0x000001681b9aa600, 0x000001687489f8d0, 0x000001681b9a8530,
0x000001681b9aac90, 0x000001681b9a8bc0, 0x000001681b9a9f70, 0x000001681b9ab320,
0x000001681b9ab9b0, 0x000001687a44f000, 0x000001687a44f690, 0x000001687a44c210,
0x000001687a44d5c0, 0x000001687a44dc50, 0x000001687a44fd20, 0x000001687a44c8a0,
0x000001687a44e2e0, 0x000001687a4503b0, 0x000001687a44cf30, 0x000001687a451760,
0x000001687a452b10, 0x000001687a450a40, 0x000001687a453830, 0x000001687a451df0,
0x000001687a4531a0, 0x000001687a452480, 0x000001687a4510d0, 0x000001687c60d400,
0x000001687c60c6e0, 0x000001687c609f80, 0x000001687c60cd70, 0x000001687c60c050,
0x000001687c60a610, 0x000001687c60e120, 0x000001687c60aca0, 0x000001687c7c74f0
}

Java Threads: ( => current thread )
  0x000001681b8ef0f0 JavaThread "main"                              [_thread_blocked, id=15180, stack(0x0000001469200000,0x0000001469300000) (1024K)]
  0x000001681b9933e0 JavaThread "Reference Handler"          daemon [_thread_blocked, id=4952, stack(0x0000001469600000,0x0000001469700000) (1024K)]
  0x000001681b9946d0 JavaThread "Finalizer"                  daemon [_thread_blocked, id=31500, stack(0x0000001469700000,0x0000001469800000) (1024K)]
  0x000001681b996bb0 JavaThread "Signal Dispatcher"          daemon [_thread_blocked, id=36764, stack(0x0000001469800000,0x0000001469900000) (1024K)]
  0x000001681b997a80 JavaThread "Attach Listener"            daemon [_thread_blocked, id=11332, stack(0x0000001469900000,0x0000001469a00000) (1024K)]
  0x000001681b9a2450 JavaThread "Service Thread"             daemon [_thread_blocked, id=10164, stack(0x0000001469a00000,0x0000001469b00000) (1024K)]
  0x000001681b9a98e0 JavaThread "Monitor Deflation Thread"   daemon [_thread_blocked, id=16232, stack(0x0000001469b00000,0x0000001469c00000) (1024K)]
  0x00000168746b2530 JavaThread "C2 CompilerThread0"         daemon [_thread_in_native, id=3024, stack(0x0000001469c00000,0x0000001469d00000) (1024K)]
  0x00000168746b4560 JavaThread "C1 CompilerThread0"         daemon [_thread_blocked, id=3408, stack(0x0000001469d00000,0x0000001469e00000) (1024K)]
  0x000001681b9aa600 JavaThread "Common-Cleaner"             daemon [_thread_blocked, id=26512, stack(0x0000001469e00000,0x0000001469f00000) (1024K)]
=>0x000001687489f8d0 JavaThread "C2 CompilerThread1"         daemon [_thread_in_native, id=30288, stack(0x0000001469f00000,0x000000146a000000) (1024K)]
  0x000001681b9a8530 JavaThread "Notification Thread"        daemon [_thread_blocked, id=16236, stack(0x000000146a000000,0x000000146a100000) (1024K)]
  0x000001681b9aac90 JavaThread "Active Thread: Equinox Container: 2be0032b-6db6-4a90-a466-22ec09a956dc"        [_thread_blocked, id=11364, stack(0x000000146a800000,0x000000146a900000) (1024K)]
  0x000001681b9a8bc0 JavaThread "Refresh Thread: Equinox Container: 2be0032b-6db6-4a90-a466-22ec09a956dc" daemon [_thread_blocked, id=32896, stack(0x000000146a900000,0x000000146aa00000) (1024K)]
  0x000001681b9a9f70 JavaThread "Framework Event Dispatcher: Equinox Container: 2be0032b-6db6-4a90-a466-22ec09a956dc" daemon [_thread_blocked, id=40552, stack(0x000000146ab00000,0x000000146ac00000) (1024K)]
  0x000001681b9ab320 JavaThread "Start Level: Equinox Container: 2be0032b-6db6-4a90-a466-22ec09a956dc" daemon [_thread_blocked, id=15136, stack(0x000000146ac00000,0x000000146ad00000) (1024K)]
  0x000001681b9ab9b0 JavaThread "Bundle File Closer"         daemon [_thread_blocked, id=39876, stack(0x000000146af00000,0x000000146b000000) (1024K)]
  0x000001687a44f000 JavaThread "SCR Component Actor"        daemon [_thread_blocked, id=34128, stack(0x000000146b000000,0x000000146b100000) (1024K)]
  0x000001687a44f690 JavaThread "Worker-JM"                         [_thread_blocked, id=30036, stack(0x000000146b100000,0x000000146b200000) (1024K)]
  0x000001687a44c210 JavaThread "JNA Cleaner"                daemon [_thread_blocked, id=31272, stack(0x000000146b200000,0x000000146b300000) (1024K)]
  0x000001687a44d5c0 JavaThread "Worker-0: Java indexing... "        [_thread_blocked, id=41844, stack(0x000000146b300000,0x000000146b400000) (1024K)]
  0x000001687a44dc50 JavaThread "Worker-1: Initialize After Load"        [_thread_in_native, id=18612, stack(0x000000146b400000,0x000000146b500000) (1024K)]
  0x000001687a44fd20 JavaThread "Java indexing"              daemon [_thread_in_Java, id=33308, stack(0x000000146a100000,0x000000146a200000) (1024K)]
  0x000001687a44c8a0 JavaThread "Worker-2"                          [_thread_blocked, id=14496, stack(0x000000146b700000,0x000000146b800000) (1024K)]
  0x000001687a44e2e0 JavaThread "Worker-3"                          [_thread_blocked, id=11356, stack(0x000000146b900000,0x000000146ba00000) (1024K)]
  0x000001687a4503b0 JavaThread "Thread-1"                   daemon [_thread_in_native, id=36484, stack(0x000000146ba00000,0x000000146bb00000) (1024K)]
  0x000001687a44cf30 JavaThread "Thread-2"                   daemon [_thread_in_native, id=8312, stack(0x000000146bb00000,0x000000146bc00000) (1024K)]
  0x000001687a451760 JavaThread "Thread-3"                   daemon [_thread_in_native, id=10632, stack(0x000000146bc00000,0x000000146bd00000) (1024K)]
  0x000001687a452b10 JavaThread "Thread-4"                   daemon [_thread_in_native, id=36472, stack(0x000000146bd00000,0x000000146be00000) (1024K)]
  0x000001687a450a40 JavaThread "Thread-5"                   daemon [_thread_in_native, id=30276, stack(0x000000146be00000,0x000000146bf00000) (1024K)]
  0x000001687a453830 JavaThread "Thread-6"                   daemon [_thread_in_native, id=35500, stack(0x000000146bf00000,0x000000146c000000) (1024K)]
  0x000001687a451df0 JavaThread "Thread-7"                   daemon [_thread_in_native, id=36412, stack(0x000000146c000000,0x000000146c100000) (1024K)]
  0x000001687a4531a0 JavaThread "Thread-8"                   daemon [_thread_in_native, id=37992, stack(0x000000146c100000,0x000000146c200000) (1024K)]
  0x000001687a452480 JavaThread "Thread-9"                   daemon [_thread_in_native, id=30544, stack(0x000000146c200000,0x000000146c300000) (1024K)]
  0x000001687a4510d0 JavaThread "Thread-10"                  daemon [_thread_in_native, id=28640, stack(0x000000146c300000,0x000000146c400000) (1024K)]
  0x000001687c60d400 JavaThread "Thread-11"                  daemon [_thread_in_native, id=22444, stack(0x000000146c400000,0x000000146c500000) (1024K)]
  0x000001687c60c6e0 JavaThread "Thread-12"                  daemon [_thread_in_native, id=26864, stack(0x000000146c500000,0x000000146c600000) (1024K)]
  0x000001687c609f80 JavaThread "Thread-13"                  daemon [_thread_in_native, id=4796, stack(0x000000146c600000,0x000000146c700000) (1024K)]
  0x000001687c60cd70 JavaThread "pool-2-thread-1"                   [_thread_blocked, id=19600, stack(0x000000146c700000,0x000000146c800000) (1024K)]
  0x000001687c60c050 JavaThread "Worker-4"                          [_thread_blocked, id=21256, stack(0x000000146c800000,0x000000146c900000) (1024K)]
  0x000001687c60a610 JavaThread "WorkspaceEventsHandler"            [_thread_blocked, id=37136, stack(0x000000146c900000,0x000000146ca00000) (1024K)]
  0x000001687c60e120 JavaThread "pool-1-thread-1"                   [_thread_blocked, id=4892, stack(0x000000146ca00000,0x000000146cb00000) (1024K)]
  0x000001687c60aca0 JavaThread "Worker-5"                          [_thread_blocked, id=28808, stack(0x000000146cb00000,0x000000146cc00000) (1024K)]
  0x000001687c7c74f0 JavaThread "C2 CompilerThread2"         daemon [_thread_in_native, id=33340, stack(0x000000146b800000,0x000000146b900000) (1024K)]
Total: 44

Other Threads:
  0x000001681b8849c0 VMThread "VM Thread"                           [id=35136, stack(0x0000001469500000,0x0000001469600000) (1024K)]
  0x000001681b77bb20 WatcherThread "VM Periodic Task Thread"        [id=40872, stack(0x0000001469400000,0x0000001469500000) (1024K)]
  0x000001681b90dc40 WorkerThread "GC Thread#0"                     [id=24788, stack(0x0000001469300000,0x0000001469400000) (1024K)]
  0x000001687a085960 WorkerThread "GC Thread#1"                     [id=36040, stack(0x000000146a200000,0x000000146a300000) (1024K)]
  0x0000016875989450 WorkerThread "GC Thread#2"                     [id=27200, stack(0x000000146a300000,0x000000146a400000) (1024K)]
  0x000001687a21c7e0 WorkerThread "GC Thread#3"                     [id=34596, stack(0x000000146a400000,0x000000146a500000) (1024K)]
  0x0000016875d91860 WorkerThread "GC Thread#4"                     [id=28744, stack(0x000000146a500000,0x000000146a600000) (1024K)]
  0x000001687a08b190 WorkerThread "GC Thread#5"                     [id=17284, stack(0x000000146a600000,0x000000146a700000) (1024K)]
  0x000001687a08b530 WorkerThread "GC Thread#6"                     [id=648, stack(0x000000146a700000,0x000000146a800000) (1024K)]
  0x000001687a27e4b0 WorkerThread "GC Thread#7"                     [id=20420, stack(0x000000146aa00000,0x000000146ab00000) (1024K)]
  0x000001687a76d6a0 WorkerThread "GC Thread#8"                     [id=12696, stack(0x000000146ad00000,0x000000146ae00000) (1024K)]
  0x000001687a6bd3a0 WorkerThread "GC Thread#9"                     [id=34380, stack(0x000000146ae00000,0x000000146af00000) (1024K)]
Total: 12

Threads with active compile tasks:
C2 CompilerThread0  11215 8207   !   4       org.eclipse.jdt.internal.core.search.indexing.BinaryIndexer::indexDocument (1172 bytes)
C2 CompilerThread1  11215 8187       4       org.eclipse.jdt.internal.compiler.util.JrtFileSystem$2::visitFile (10 bytes)
C2 CompilerThread2  11215 8188       4       org.eclipse.jdt.internal.compiler.util.JrtFileSystem$2::visitFile (72 bytes)
Total: 3

VM state: not at safepoint (normal execution)

VM Mutex/Monitor currently owned by a thread: None

Heap address: 0x0000000080000000, size: 2048 MB, Compressed Oops mode: 32-bit

CDS archive(s) mapped at: [0x0000016833000000-0x0000016833ba0000-0x0000016833ba0000), size 12189696, SharedBaseAddress: 0x0000016833000000, ArchiveRelocationMode: 1.
Compressed class space mapped at: 0x0000016834000000-0x0000016874000000, reserved size: 1073741824
Narrow klass base: 0x0000016833000000, Narrow klass shift: 0, Narrow klass range: 0x100000000

GC Precious Log:
 CardTable entry size: 512
 CPUs: 12 total, 12 available
 Memory: 7525M
 Large Page Support: Disabled
 NUMA Support: Disabled
 Compressed Oops: Enabled (32-bit)
 Alignments: Space 512K, Generation 512K, Heap 2M
 Heap Min Capacity: 100M
 Heap Initial Capacity: 100M
 Heap Max Capacity: 2G
 Pre-touch: Disabled
 Parallel Workers: 10

Heap:
 PSYoungGen      total 13824K, used 8079K [0x00000000d5580000, 0x00000000d6600000, 0x0000000100000000)
  eden space 11264K, 52% used [0x00000000d5580000,0x00000000d5b41228,0x00000000d6080000)
  from space 2560K, 85% used [0x00000000d6380000,0x00000000d65a2cf8,0x00000000d6600000)
  to   space 2560K, 0% used [0x00000000d6100000,0x00000000d6100000,0x00000000d6380000)
 ParOldGen       total 145408K, used 145157K [0x0000000080000000, 0x0000000088e00000, 0x00000000d5580000)
  object space 145408K, 99% used [0x0000000080000000,0x0000000088dc1438,0x0000000088e00000)
 Metaspace       used 48472K, committed 49600K, reserved 1114112K
  class space    used 5186K, committed 5696K, reserved 1048576K

Card table byte_map: [0x000001681b290000,0x000001681b6a0000] _byte_map_base: 0x000001681ae90000

Marking Bits: (ParMarkBitMap*) 0x00007fffb382a340
 Begin Bits: [0x000001682dd90000, 0x000001682fd90000)
 End Bits:   [0x000001682fd90000, 0x0000016831d90000)

Polling page: 0x0000016819900000

Metaspace:

Usage:
  Non-class:     42.27 MB used.
      Class:      5.07 MB used.
       Both:     47.34 MB used.

Virtual space:
  Non-class space:       64.00 MB reserved,      42.88 MB ( 67%) committed,  1 nodes.
      Class space:        1.00 GB reserved,       5.56 MB ( <1%) committed,  1 nodes.
             Both:        1.06 GB reserved,      48.44 MB (  4%) committed. 

Chunk freelists:
   Non-Class:  4.19 MB
       Class:  10.41 MB
        Both:  14.59 MB

MaxMetaspaceSize: unlimited
CompressedClassSpaceSize: 1.00 GB
Initial GC threshold: 21.00 MB
Current GC threshold: 58.38 MB
CDS: on
 - commit_granule_bytes: 65536.
 - commit_granule_words: 8192.
 - virtual_space_node_default_size: 8388608.
 - enlarge_chunks_in_place: 1.
 - use_allocation_guard: 0.


Internal statistics:

num_allocs_failed_limit: 6.
num_arena_births: 880.
num_arena_deaths: 14.
num_vsnodes_births: 2.
num_vsnodes_deaths: 0.
num_space_committed: 775.
num_space_uncommitted: 0.
num_chunks_returned_to_freelist: 20.
num_chunks_taken_from_freelist: 2952.
num_chunk_merges: 10.
num_chunk_splits: 1879.
num_chunks_enlarged: 1163.
num_inconsistent_stats: 0.

CodeHeap 'non-profiled nmethods': size=120000Kb used=4645Kb max_used=4645Kb free=115355Kb
 bounds [0x00000168265b0000, 0x0000016826a40000, 0x000001682dae0000]
CodeHeap 'profiled nmethods': size=120000Kb used=15766Kb max_used=15766Kb free=104234Kb
 bounds [0x000001681eae0000, 0x000001681fa50000, 0x0000016826010000]
CodeHeap 'non-nmethods': size=5760Kb used=1387Kb max_used=1445Kb free=4372Kb
 bounds [0x0000016826010000, 0x0000016826280000, 0x00000168265b0000]
CodeCache: size=245760Kb, used=21798Kb, max_used=21856Kb, free=223961Kb
 total_blobs=8249, nmethods=7557, adapters=598, full_count=0
Compilation: enabled, stopped_count=0, restarted_count=0

Compilation events (20 events):
Event: 7.845 Thread 0x000001687c7c74f0 nmethod 8208 0x0000016826a28290 code [0x0000016826a28520, 0x0000016826a29508]
Event: 7.845 Thread 0x000001687c7c74f0 8210       4       org.eclipse.jdt.internal.compiler.classfmt.MethodInfo::createMethod (710 bytes)
Event: 7.876 Thread 0x000001687489f8d0 nmethod 8193 0x0000016826a2a010 code [0x0000016826a2a6e0, 0x0000016826a31948]
Event: 7.878 Thread 0x000001687489f8d0 8196   !   4       java.lang.Thread::blockedOn (27 bytes)
Event: 7.879 Thread 0x000001687489f8d0 nmethod 8196 0x0000016826a35990 code [0x0000016826a35b20, 0x0000016826a35d30]
Event: 7.879 Thread 0x000001687489f8d0 8187       4       org.eclipse.jdt.internal.compiler.util.JrtFileSystem$2::visitFile (10 bytes)
Event: 7.889 Thread 0x000001687c7c74f0 nmethod 8210 0x0000016826a35e10 code [0x0000016826a360e0, 0x0000016826a381f8]
Event: 7.889 Thread 0x000001687c7c74f0 8188       4       org.eclipse.jdt.internal.compiler.util.JrtFileSystem$2::visitFile (72 bytes)
Event: 7.955 Thread 0x00000168746b4560 8216       2       org.eclipse.jdt.internal.compiler.classfmt.FieldInfo::decodeAnnotations (185 bytes)
Event: 7.956 Thread 0x00000168746b4560 nmethod 8216 0x000001681fa3f490 code [0x000001681fa3f680, 0x000001681fa3fe60]
Event: 7.971 Thread 0x00000168746b4560 8217       2       org.eclipse.jdt.internal.compiler.classfmt.ClassFileReader::decodeAnnotations (252 bytes)
Event: 7.971 Thread 0x00000168746b4560 nmethod 8217 0x000001681fa40190 code [0x000001681fa403c0, 0x000001681fa40f60]
Event: 9.050 Thread 0x00000168746b4560 8218       3       org.eclipse.jdt.internal.compiler.util.Util::scanClassTypeSignature (109 bytes)
Event: 9.051 Thread 0x00000168746b4560 nmethod 8218 0x000001681fa41390 code [0x000001681fa41600, 0x000001681fa41f08]
Event: 9.099 Thread 0x00000168746b4560 8221   !   3       java.util.zip.ZipFile$Source::checkAndAddEntry (295 bytes)
Event: 9.101 Thread 0x00000168746b4560 nmethod 8221 0x000001681fa42290 code [0x000001681fa42680, 0x000001681fa440d8]
Event: 9.101 Thread 0x00000168746b4560 8222       3       java.util.zip.ZipFile$Source::isMetaName (141 bytes)
Event: 9.101 Thread 0x00000168746b4560 nmethod 8222 0x000001681fa45010 code [0x000001681fa451e0, 0x000001681fa45680]
Event: 9.116 Thread 0x00000168746b4560 8225       1       org.eclipse.jdt.internal.compiler.classfmt.ModuleInfo$PackageExportInfo::name (5 bytes)
Event: 9.116 Thread 0x00000168746b4560 nmethod 8225 0x0000016826a39110 code [0x0000016826a392a0, 0x0000016826a39368]

GC Heap History (20 events):
Event: 7.917 GC heap after
{Heap after GC invocations=63 (full 2):
 PSYoungGen      total 9728K, used 1752K [0x00000000d5580000, 0x00000000d6100000, 0x0000000100000000)
  eden space 7680K, 0% used [0x00000000d5580000,0x00000000d5580000,0x00000000d5d00000)
  from space 2048K, 85% used [0x00000000d5d00000,0x00000000d5eb63f0,0x00000000d5f00000)
  to   space 2048K, 0% used [0x00000000d5f00000,0x00000000d5f00000,0x00000000d6100000)
 ParOldGen       total 126464K, used 126225K [0x0000000080000000, 0x0000000087b80000, 0x00000000d5580000)
  object space 126464K, 99% used [0x0000000080000000,0x0000000087b445f0,0x0000000087b80000)
 Metaspace       used 48472K, committed 49600K, reserved 1114112K
  class space    used 5186K, committed 5696K, reserved 1048576K
}
Event: 7.944 GC heap before
{Heap before GC invocations=64 (full 2):
 PSYoungGen      total 9728K, used 9417K [0x00000000d5580000, 0x00000000d6100000, 0x0000000100000000)
  eden space 7680K, 99% used [0x00000000d5580000,0x00000000d5cfc350,0x00000000d5d00000)
  from space 2048K, 85% used [0x00000000d5d00000,0x00000000d5eb63f0,0x00000000d5f00000)
  to   space 2048K, 0% used [0x00000000d5f00000,0x00000000d5f00000,0x00000000d6100000)
 ParOldGen       total 126464K, used 126225K [0x0000000080000000, 0x0000000087b80000, 0x00000000d5580000)
  object space 126464K, 99% used [0x0000000080000000,0x0000000087b445f0,0x0000000087b80000)
 Metaspace       used 48472K, committed 49600K, reserved 1114112K
  class space    used 5186K, committed 5696K, reserved 1048576K
}
Event: 7.946 GC heap after
{Heap after GC invocations=64 (full 2):
 PSYoungGen      total 9728K, used 1995K [0x00000000d5580000, 0x00000000d6100000, 0x0000000100000000)
  eden space 7680K, 0% used [0x00000000d5580000,0x00000000d5580000,0x00000000d5d00000)
  from space 2048K, 97% used [0x00000000d5f00000,0x00000000d60f2ce0,0x00000000d6100000)
  to   space 2048K, 0% used [0x00000000d5d00000,0x00000000d5d00000,0x00000000d5f00000)
 ParOldGen       total 128000K, used 127817K [0x0000000080000000, 0x0000000087d00000, 0x00000000d5580000)
  object space 128000K, 99% used [0x0000000080000000,0x0000000087cd2748,0x0000000087d00000)
 Metaspace       used 48472K, committed 49600K, reserved 1114112K
  class space    used 5186K, committed 5696K, reserved 1048576K
}
Event: 7.964 GC heap before
{Heap before GC invocations=65 (full 2):
 PSYoungGen      total 9728K, used 9675K [0x00000000d5580000, 0x00000000d6100000, 0x0000000100000000)
  eden space 7680K, 100% used [0x00000000d5580000,0x00000000d5d00000,0x00000000d5d00000)
  from space 2048K, 97% used [0x00000000d5f00000,0x00000000d60f2ce0,0x00000000d6100000)
  to   space 2048K, 0% used [0x00000000d5d00000,0x00000000d5d00000,0x00000000d5f00000)
 ParOldGen       total 128000K, used 127817K [0x0000000080000000, 0x0000000087d00000, 0x00000000d5580000)
  object space 128000K, 99% used [0x0000000080000000,0x0000000087cd2748,0x0000000087d00000)
 Metaspace       used 48472K, committed 49600K, reserved 1114112K
  class space    used 5186K, committed 5696K, reserved 1048576K
}
Event: 7.966 GC heap after
{Heap after GC invocations=65 (full 2):
 PSYoungGen      total 9728K, used 1867K [0x00000000d5580000, 0x00000000d6100000, 0x0000000100000000)
  eden space 7680K, 0% used [0x00000000d5580000,0x00000000d5580000,0x00000000d5d00000)
  from space 2048K, 91% used [0x00000000d5d00000,0x00000000d5ed2f50,0x00000000d5f00000)
  to   space 2048K, 0% used [0x00000000d5f00000,0x00000000d5f00000,0x00000000d6100000)
 ParOldGen       total 130048K, used 129639K [0x0000000080000000, 0x0000000087f00000, 0x00000000d5580000)
  object space 130048K, 99% used [0x0000000080000000,0x0000000087e99e08,0x0000000087f00000)
 Metaspace       used 48472K, committed 49600K, reserved 1114112K
  class space    used 5186K, committed 5696K, reserved 1048576K
}
Event: 7.988 GC heap before
{Heap before GC invocations=66 (full 2):
 PSYoungGen      total 9728K, used 9547K [0x00000000d5580000, 0x00000000d6100000, 0x0000000100000000)
  eden space 7680K, 100% used [0x00000000d5580000,0x00000000d5d00000,0x00000000d5d00000)
  from space 2048K, 91% used [0x00000000d5d00000,0x00000000d5ed2f50,0x00000000d5f00000)
  to   space 2048K, 0% used [0x00000000d5f00000,0x00000000d5f00000,0x00000000d6100000)
 ParOldGen       total 130048K, used 129639K [0x0000000080000000, 0x0000000087f00000, 0x00000000d5580000)
  object space 130048K, 99% used [0x0000000080000000,0x0000000087e99e08,0x0000000087f00000)
 Metaspace       used 48472K, committed 49600K, reserved 1114112K
  class space    used 5186K, committed 5696K, reserved 1048576K
}
Event: 7.990 GC heap after
{Heap after GC invocations=66 (full 2):
 PSYoungGen      total 9728K, used 1771K [0x00000000d5580000, 0x00000000d6100000, 0x0000000100000000)
  eden space 7680K, 0% used [0x00000000d5580000,0x00000000d5580000,0x00000000d5d00000)
  from space 2048K, 86% used [0x00000000d5f00000,0x00000000d60bad30,0x00000000d6100000)
  to   space 2048K, 0% used [0x00000000d5d00000,0x00000000d5d00000,0x00000000d5f00000)
 ParOldGen       total 131584K, used 131347K [0x0000000080000000, 0x0000000088080000, 0x00000000d5580000)
  object space 131584K, 99% used [0x0000000080000000,0x0000000088044c50,0x0000000088080000)
 Metaspace       used 48472K, committed 49600K, reserved 1114112K
  class space    used 5186K, committed 5696K, reserved 1048576K
}
Event: 8.009 GC heap before
{Heap before GC invocations=67 (full 2):
 PSYoungGen      total 9728K, used 9451K [0x00000000d5580000, 0x00000000d6100000, 0x0000000100000000)
  eden space 7680K, 100% used [0x00000000d5580000,0x00000000d5d00000,0x00000000d5d00000)
  from space 2048K, 86% used [0x00000000d5f00000,0x00000000d60bad30,0x00000000d6100000)
  to   space 2048K, 0% used [0x00000000d5d00000,0x00000000d5d00000,0x00000000d5f00000)
 ParOldGen       total 131584K, used 131347K [0x0000000080000000, 0x0000000088080000, 0x00000000d5580000)
  object space 131584K, 99% used [0x0000000080000000,0x0000000088044c50,0x0000000088080000)
 Metaspace       used 48472K, committed 49600K, reserved 1114112K
  class space    used 5186K, committed 5696K, reserved 1048576K
}
Event: 9.019 GC heap after
{Heap after GC invocations=67 (full 2):
 PSYoungGen      total 9728K, used 1939K [0x00000000d5580000, 0x00000000d6280000, 0x0000000100000000)
  eden space 7680K, 0% used [0x00000000d5580000,0x00000000d5580000,0x00000000d5d00000)
  from space 2048K, 94% used [0x00000000d5d00000,0x00000000d5ee4e60,0x00000000d5f00000)
  to   space 2048K, 0% used [0x00000000d6080000,0x00000000d6080000,0x00000000d6280000)
 ParOldGen       total 133120K, used 133039K [0x0000000080000000, 0x0000000088200000, 0x00000000d5580000)
  object space 133120K, 99% used [0x0000000080000000,0x00000000881ebce0,0x0000000088200000)
 Metaspace       used 48472K, committed 49600K, reserved 1114112K
  class space    used 5186K, committed 5696K, reserved 1048576K
}
Event: 9.034 GC heap before
{Heap before GC invocations=68 (full 2):
 PSYoungGen      total 9728K, used 9619K [0x00000000d5580000, 0x00000000d6280000, 0x0000000100000000)
  eden space 7680K, 100% used [0x00000000d5580000,0x00000000d5d00000,0x00000000d5d00000)
  from space 2048K, 94% used [0x00000000d5d00000,0x00000000d5ee4e60,0x00000000d5f00000)
  to   space 2048K, 0% used [0x00000000d6080000,0x00000000d6080000,0x00000000d6280000)
 ParOldGen       total 133120K, used 133039K [0x0000000080000000, 0x0000000088200000, 0x00000000d5580000)
  object space 133120K, 99% used [0x0000000080000000,0x00000000881ebce0,0x0000000088200000)
 Metaspace       used 48472K, committed 49600K, reserved 1114112K
  class space    used 5186K, committed 5696K, reserved 1048576K
}
Event: 9.036 GC heap after
{Heap after GC invocations=68 (full 2):
 PSYoungGen      total 11264K, used 1791K [0x00000000d5580000, 0x00000000d6280000, 0x0000000100000000)
  eden space 9216K, 0% used [0x00000000d5580000,0x00000000d5580000,0x00000000d5e80000)
  from space 2048K, 87% used [0x00000000d6080000,0x00000000d623fda0,0x00000000d6280000)
  to   space 2048K, 0% used [0x00000000d5e80000,0x00000000d5e80000,0x00000000d6080000)
 ParOldGen       total 135168K, used 134758K [0x0000000080000000, 0x0000000088400000, 0x00000000d5580000)
  object space 135168K, 99% used [0x0000000080000000,0x0000000088399aa8,0x0000000088400000)
 Metaspace       used 48472K, committed 49600K, reserved 1114112K
  class space    used 5186K, committed 5696K, reserved 1048576K
}
Event: 9.068 GC heap before
{Heap before GC invocations=69 (full 2):
 PSYoungGen      total 11264K, used 11000K [0x00000000d5580000, 0x00000000d6280000, 0x0000000100000000)
  eden space 9216K, 99% used [0x00000000d5580000,0x00000000d5e7e600,0x00000000d5e80000)
  from space 2048K, 87% used [0x00000000d6080000,0x00000000d623fda0,0x00000000d6280000)
  to   space 2048K, 0% used [0x00000000d5e80000,0x00000000d5e80000,0x00000000d6080000)
 ParOldGen       total 135168K, used 134758K [0x0000000080000000, 0x0000000088400000, 0x00000000d5580000)
  object space 135168K, 99% used [0x0000000080000000,0x0000000088399aa8,0x0000000088400000)
 Metaspace       used 48472K, committed 49600K, reserved 1114112K
  class space    used 5186K, committed 5696K, reserved 1048576K
}
Event: 9.069 GC heap after
{Heap after GC invocations=69 (full 2):
 PSYoungGen      total 11264K, used 2046K [0x00000000d5580000, 0x00000000d6880000, 0x0000000100000000)
  eden space 9216K, 0% used [0x00000000d5580000,0x00000000d5580000,0x00000000d5e80000)
  from space 2048K, 99% used [0x00000000d5e80000,0x00000000d607f8c8,0x00000000d6080000)
  to   space 4096K, 0% used [0x00000000d6480000,0x00000000d6480000,0x00000000d6880000)
 ParOldGen       total 136704K, used 136409K [0x0000000080000000, 0x0000000088580000, 0x00000000d5580000)
  object space 136704K, 99% used [0x0000000080000000,0x00000000885365d0,0x0000000088580000)
 Metaspace       used 48472K, committed 49600K, reserved 1114112K
  class space    used 5186K, committed 5696K, reserved 1048576K
}
Event: 9.090 GC heap before
{Heap before GC invocations=70 (full 2):
 PSYoungGen      total 11264K, used 8762K [0x00000000d5580000, 0x00000000d6880000, 0x0000000100000000)
  eden space 9216K, 72% used [0x00000000d5580000,0x00000000d5c0ef90,0x00000000d5e80000)
  from space 2048K, 99% used [0x00000000d5e80000,0x00000000d607f8c8,0x00000000d6080000)
  to   space 4096K, 0% used [0x00000000d6480000,0x00000000d6480000,0x00000000d6880000)
 ParOldGen       total 136704K, used 136409K [0x0000000080000000, 0x0000000088580000, 0x00000000d5580000)
  object space 136704K, 99% used [0x0000000080000000,0x00000000885365d0,0x0000000088580000)
 Metaspace       used 48472K, committed 49600K, reserved 1114112K
  class space    used 5186K, committed 5696K, reserved 1048576K
}
Event: 9.092 GC heap after
{Heap after GC invocations=70 (full 2):
 PSYoungGen      total 11264K, used 1618K [0x00000000d5580000, 0x00000000d6680000, 0x0000000100000000)
  eden space 9216K, 0% used [0x00000000d5580000,0x00000000d5580000,0x00000000d5e80000)
  from space 2048K, 79% used [0x00000000d6480000,0x00000000d6614b10,0x00000000d6680000)
  to   space 2560K, 0% used [0x00000000d6180000,0x00000000d6180000,0x00000000d6400000)
 ParOldGen       total 138752K, used 138387K [0x0000000080000000, 0x0000000088780000, 0x00000000d5580000)
  object space 138752K, 99% used [0x0000000080000000,0x0000000088724e08,0x0000000088780000)
 Metaspace       used 48472K, committed 49600K, reserved 1114112K
  class space    used 5186K, committed 5696K, reserved 1048576K
}
Event: 9.111 GC heap before
{Heap before GC invocations=71 (full 2):
 PSYoungGen      total 11264K, used 10834K [0x00000000d5580000, 0x00000000d6680000, 0x0000000100000000)
  eden space 9216K, 100% used [0x00000000d5580000,0x00000000d5e80000,0x00000000d5e80000)
  from space 2048K, 79% used [0x00000000d6480000,0x00000000d6614b10,0x00000000d6680000)
  to   space 2560K, 0% used [0x00000000d6180000,0x00000000d6180000,0x00000000d6400000)
 ParOldGen       total 138752K, used 138387K [0x0000000080000000, 0x0000000088780000, 0x00000000d5580000)
  object space 138752K, 99% used [0x0000000080000000,0x0000000088724e08,0x0000000088780000)
 Metaspace       used 48472K, committed 49600K, reserved 1114112K
  class space    used 5186K, committed 5696K, reserved 1048576K
}
Event: 9.113 GC heap after
{Heap after GC invocations=71 (full 2):
 PSYoungGen      total 10752K, used 1451K [0x00000000d5580000, 0x00000000d6500000, 0x0000000100000000)
  eden space 9216K, 0% used [0x00000000d5580000,0x00000000d5580000,0x00000000d5e80000)
  from space 1536K, 94% used [0x00000000d6180000,0x00000000d62eaf10,0x00000000d6300000)
  to   space 2048K, 0% used [0x00000000d6300000,0x00000000d6300000,0x00000000d6500000)
 ParOldGen       total 140288K, used 139810K [0x0000000080000000, 0x0000000088900000, 0x00000000d5580000)
  object space 140288K, 99% used [0x0000000080000000,0x0000000088888b38,0x0000000088900000)
 Metaspace       used 48472K, committed 49600K, reserved 1114112K
  class space    used 5186K, committed 5696K, reserved 1048576K
}
Event: 9.141 GC heap before
{Heap before GC invocations=72 (full 2):
 PSYoungGen      total 10752K, used 10667K [0x00000000d5580000, 0x00000000d6500000, 0x0000000100000000)
  eden space 9216K, 100% used [0x00000000d5580000,0x00000000d5e80000,0x00000000d5e80000)
  from space 1536K, 94% used [0x00000000d6180000,0x00000000d62eaf10,0x00000000d6300000)
  to   space 2048K, 0% used [0x00000000d6300000,0x00000000d6300000,0x00000000d6500000)
 ParOldGen       total 140288K, used 139810K [0x0000000080000000, 0x0000000088900000, 0x00000000d5580000)
  object space 140288K, 99% used [0x0000000080000000,0x0000000088888b38,0x0000000088900000)
 Metaspace       used 48472K, committed 49600K, reserved 1114112K
  class space    used 5186K, committed 5696K, reserved 1048576K
}
Event: 9.143 GC heap after
{Heap after GC invocations=72 (full 2):
 PSYoungGen      total 11264K, used 2029K [0x00000000d5580000, 0x00000000d6680000, 0x0000000100000000)
  eden space 9216K, 0% used [0x00000000d5580000,0x00000000d5580000,0x00000000d5e80000)
  from space 2048K, 99% used [0x00000000d6300000,0x00000000d64fb778,0x00000000d6500000)
  to   space 4096K, 0% used [0x00000000d5e80000,0x00000000d5e80000,0x00000000d6280000)
 ParOldGen       total 141312K, used 141172K [0x0000000080000000, 0x0000000088a00000, 0x00000000d5580000)
  object space 141312K, 99% used [0x0000000080000000,0x00000000889dd310,0x0000000088a00000)
 Metaspace       used 48472K, committed 49600K, reserved 1114112K
  class space    used 5186K, committed 5696K, reserved 1048576K
}
Event: 9.175 GC heap before
{Heap before GC invocations=73 (full 2):
 PSYoungGen      total 11264K, used 11245K [0x00000000d5580000, 0x00000000d6680000, 0x0000000100000000)
  eden space 9216K, 100% used [0x00000000d5580000,0x00000000d5e80000,0x00000000d5e80000)
  from space 2048K, 99% used [0x00000000d6300000,0x00000000d64fb778,0x00000000d6500000)
  to   space 4096K, 0% used [0x00000000d5e80000,0x00000000d5e80000,0x00000000d6280000)
 ParOldGen       total 141312K, used 141172K [0x0000000080000000, 0x0000000088a00000, 0x00000000d5580000)
  object space 141312K, 99% used [0x0000000080000000,0x00000000889dd310,0x0000000088a00000)
 Metaspace       used 48472K, committed 49600K, reserved 1114112K
  class space    used 5186K, committed 5696K, reserved 1048576K
}

Dll operation events (10 events):
Event: 0.015 Loaded shared library c:\Users\waniw\.vscode\extensions\redhat.java-1.46.0-win32-x64\jre\21.0.8-win32-x86_64\bin\java.dll
Event: 0.090 Loaded shared library c:\Users\waniw\.vscode\extensions\redhat.java-1.46.0-win32-x64\jre\21.0.8-win32-x86_64\bin\zip.dll
Event: 0.109 Loaded shared library C:\Users\waniw\.vscode\extensions\redhat.java-1.46.0-win32-x64\jre\21.0.8-win32-x86_64\bin\instrument.dll
Event: 0.114 Loaded shared library C:\Users\waniw\.vscode\extensions\redhat.java-1.46.0-win32-x64\jre\21.0.8-win32-x86_64\bin\net.dll
Event: 0.116 Loaded shared library C:\Users\waniw\.vscode\extensions\redhat.java-1.46.0-win32-x64\jre\21.0.8-win32-x86_64\bin\nio.dll
Event: 0.120 Loaded shared library C:\Users\waniw\.vscode\extensions\redhat.java-1.46.0-win32-x64\jre\21.0.8-win32-x86_64\bin\zip.dll
Event: 0.136 Loaded shared library C:\Users\waniw\.vscode\extensions\redhat.java-1.46.0-win32-x64\jre\21.0.8-win32-x86_64\bin\jimage.dll
Event: 0.203 Loaded shared library c:\Users\waniw\.vscode\extensions\redhat.java-1.46.0-win32-x64\jre\21.0.8-win32-x86_64\bin\verify.dll
Event: 1.138 Loaded shared library C:\Users\waniw\AppData\Roaming\Code\User\globalStorage\redhat.java\1.46.0\config_win\org.eclipse.equinox.launcher\org.eclipse.equinox.launcher.win32.win32.x86_64_1.2.1400.v20250801-0854\eclipse_11916.dll
Event: 2.416 Loaded shared library C:\Users\waniw\AppData\Local\Temp\jna-112897810\jna5995961181980272888.dll

Deoptimization events (20 events):
Event: 9.099 Thread 0x000001687a44dc50 Uncommon trap: trap_request=0xffffff45 fr.pc=0x000001682668e718 relative=0x0000000000000a58
Event: 9.099 Thread 0x000001687a44dc50 Uncommon trap: reason=unstable_if action=reinterpret pc=0x000001682668e718 method=java.util.zip.ZipCoder$UTF8ZipCoder.checkedHash([BII)I @ 27 c2
Event: 9.099 Thread 0x000001687a44dc50 DEOPT PACKING pc=0x000001682668e718 sp=0x000000146b4fe120
Event: 9.099 Thread 0x000001687a44dc50 DEOPT UNPACKING pc=0x0000016826063aa2 sp=0x000000146b4fdfe0 mode 2
Event: 9.099 Thread 0x000001687a44dc50 Uncommon trap: trap_request=0xffffff45 fr.pc=0x000001682667f5d4 relative=0x00000000000005f4
Event: 9.099 Thread 0x000001687a44dc50 Uncommon trap: reason=unstable_if action=reinterpret pc=0x000001682667f5d4 method=java.lang.String.newStringUTF8NoRepl([BIIZ)Ljava/lang/String; @ 37 c2
Event: 9.099 Thread 0x000001687a44dc50 DEOPT PACKING pc=0x000001682667f5d4 sp=0x000000146b4fdf50
Event: 9.099 Thread 0x000001687a44dc50 DEOPT UNPACKING pc=0x0000016826063aa2 sp=0x000000146b4fdee0 mode 2
Event: 9.099 Thread 0x000001687a44dc50 Uncommon trap: trap_request=0xffffff45 fr.pc=0x000001682676ff4c relative=0x000000000000018c
Event: 9.099 Thread 0x000001687a44dc50 Uncommon trap: reason=unstable_if action=reinterpret pc=0x000001682676ff4c method=java.lang.String.hashCode()I @ 20 c2
Event: 9.099 Thread 0x000001687a44dc50 DEOPT PACKING pc=0x000001682676ff4c sp=0x000000146b4fdfe0
Event: 9.099 Thread 0x000001687a44dc50 DEOPT UNPACKING pc=0x0000016826063aa2 sp=0x000000146b4fdf08 mode 2
Event: 9.099 Thread 0x000001687a44dc50 Uncommon trap: trap_request=0xffffff45 fr.pc=0x0000016826925730 relative=0x0000000000000430
Event: 9.099 Thread 0x000001687a44dc50 Uncommon trap: reason=unstable_if action=reinterpret pc=0x0000016826925730 method=jdk.internal.util.ArraysSupport.vectorizedHashCode(Ljava/lang/Object;IIII)I @ 61 c2
Event: 9.099 Thread 0x000001687a44dc50 DEOPT PACKING pc=0x0000016826925730 sp=0x000000146b4fde70
Event: 9.099 Thread 0x000001687a44dc50 DEOPT UNPACKING pc=0x0000016826063aa2 sp=0x000000146b4fde20 mode 2
Event: 9.099 Thread 0x000001687a44dc50 Uncommon trap: trap_request=0xffffff45 fr.pc=0x000001682668d03c relative=0x000000000000017c
Event: 9.099 Thread 0x000001687a44dc50 Uncommon trap: reason=unstable_if action=reinterpret pc=0x000001682668d03c method=java.util.zip.ZipFile$Source.isMetaName([BII)Z @ 57 c2
Event: 9.099 Thread 0x000001687a44dc50 DEOPT PACKING pc=0x000001682668d03c sp=0x000000146b4fe140
Event: 9.099 Thread 0x000001687a44dc50 DEOPT UNPACKING pc=0x0000016826063aa2 sp=0x000000146b4fe0d0 mode 2

Classes loaded (20 events):
Event: 5.917 Loading class jdk/internal/jimage/ImageReader$Directory
Event: 5.917 Loading class jdk/internal/jimage/ImageReader$Directory done
Event: 5.979 Loading class java/nio/file/FileTreeWalker$DirectoryNode
Event: 5.979 Loading class java/nio/file/FileTreeWalker$DirectoryNode done
Event: 5.979 Loading class java/nio/file/FileTreeWalker$Event
Event: 5.979 Loading class java/nio/file/FileTreeWalker$Event done
Event: 5.980 Loading class java/nio/file/FileTreeWalker$EventType
Event: 5.980 Loading class java/nio/file/FileTreeWalker$EventType done
Event: 5.980 Loading class java/nio/file/Files$3
Event: 5.980 Loading class java/nio/file/Files$3 done
Event: 5.980 Loading class java/nio/file/FileVisitResult
Event: 5.980 Loading class java/nio/file/FileVisitResult done
Event: 6.068 Loading class java/nio/channels/Channels$ReadableByteChannelImpl
Event: 6.068 Loading class java/nio/channels/Channels$ReadableByteChannelImpl done
Event: 6.068 Loading class java/nio/channels/NonWritableChannelException
Event: 6.068 Loading class java/nio/channels/NonWritableChannelException done
Event: 6.195 Loading class java/util/AbstractList$ListItr
Event: 6.195 Loading class java/util/AbstractList$ListItr done
Event: 6.825 Loading class java/util/WeakHashMap$KeyIterator
Event: 6.825 Loading class java/util/WeakHashMap$KeyIterator done

Classes unloaded (7 events):
Event: 3.000 Thread 0x000001681b8849c0 Unloading class 0x00000168341a4000 'java/lang/invoke/LambdaForm$MH+0x00000168341a4000'
Event: 3.000 Thread 0x000001681b8849c0 Unloading class 0x00000168341a3c00 'java/lang/invoke/LambdaForm$MH+0x00000168341a3c00'
Event: 3.000 Thread 0x000001681b8849c0 Unloading class 0x00000168341a3800 'java/lang/invoke/LambdaForm$MH+0x00000168341a3800'
Event: 3.000 Thread 0x000001681b8849c0 Unloading class 0x00000168341a3400 'java/lang/invoke/LambdaForm$MH+0x00000168341a3400'
Event: 3.000 Thread 0x000001681b8849c0 Unloading class 0x00000168341a3000 'java/lang/invoke/LambdaForm$BMH+0x00000168341a3000'
Event: 3.000 Thread 0x000001681b8849c0 Unloading class 0x00000168341a2c00 'java/lang/invoke/LambdaForm$DMH+0x00000168341a2c00'
Event: 3.000 Thread 0x000001681b8849c0 Unloading class 0x00000168341a1800 'java/lang/invoke/LambdaForm$DMH+0x00000168341a1800'

Classes redefined (0 events):
No events

Internal exceptions (20 events):
Event: 7.021 Thread 0x000001687a44dc50 Exception <a 'sun/nio/fs/WindowsException'{0x00000000d5bbb208}> (0x00000000d5bbb208) 
thrown [s\src\hotspot\share\prims\jni.cpp, line 520]
Event: 7.022 Thread 0x000001687a44dc50 Exception <a 'sun/nio/fs/WindowsException'{0x00000000d5bbb858}> (0x00000000d5bbb858) 
thrown [s\src\hotspot\share\prims\jni.cpp, line 520]
Event: 7.023 Thread 0x000001687a44dc50 Exception <a 'sun/nio/fs/WindowsException'{0x00000000d5dea8f0}> (0x00000000d5dea8f0) 
thrown [s\src\hotspot\share\prims\jni.cpp, line 520]
Event: 7.024 Thread 0x000001687a44dc50 Exception <a 'sun/nio/fs/WindowsException'{0x00000000d5deaf40}> (0x00000000d5deaf40) 
thrown [s\src\hotspot\share\prims\jni.cpp, line 520]
Event: 7.065 Thread 0x000001687a44dc50 Exception <a 'sun/nio/fs/WindowsException'{0x00000000d58e55f0}> (0x00000000d58e55f0) 
thrown [s\src\hotspot\share\prims\jni.cpp, line 520]
Event: 7.065 Thread 0x000001687a44dc50 Exception <a 'sun/nio/fs/WindowsException'{0x00000000d58e5c40}> (0x00000000d58e5c40) 
thrown [s\src\hotspot\share\prims\jni.cpp, line 520]
Event: 7.067 Thread 0x000001687a44dc50 Exception <a 'sun/nio/fs/WindowsException'{0x00000000d59b69e0}> (0x00000000d59b69e0) 
thrown [s\src\hotspot\share\prims\jni.cpp, line 520]
Event: 7.067 Thread 0x000001687a44dc50 Exception <a 'sun/nio/fs/WindowsException'{0x00000000d59b7030}> (0x00000000d59b7030) 
thrown [s\src\hotspot\share\prims\jni.cpp, line 520]
Event: 7.068 Thread 0x000001687a44dc50 Exception <a 'sun/nio/fs/WindowsException'{0x00000000d59b8df0}> (0x00000000d59b8df0) 
thrown [s\src\hotspot\share\prims\jni.cpp, line 520]
Event: 7.068 Thread 0x000001687a44dc50 Exception <a 'sun/nio/fs/WindowsException'{0x00000000d59b9440}> (0x00000000d59b9440) 
thrown [s\src\hotspot\share\prims\jni.cpp, line 520]
Event: 7.069 Thread 0x000001687a44dc50 Exception <a 'sun/nio/fs/WindowsException'{0x00000000d59bb498}> (0x00000000d59bb498) 
thrown [s\src\hotspot\share\prims\jni.cpp, line 520]
Event: 7.069 Thread 0x000001687a44dc50 Exception <a 'sun/nio/fs/WindowsException'{0x00000000d59bbae8}> (0x00000000d59bbae8) 
thrown [s\src\hotspot\share\prims\jni.cpp, line 520]
Event: 7.070 Thread 0x000001687a44dc50 Exception <a 'sun/nio/fs/WindowsException'{0x00000000d59bd8a8}> (0x00000000d59bd8a8) 
thrown [s\src\hotspot\share\prims\jni.cpp, line 520]
Event: 7.070 Thread 0x000001687a44dc50 Exception <a 'sun/nio/fs/WindowsException'{0x00000000d59bdef8}> (0x00000000d59bdef8) 
thrown [s\src\hotspot\share\prims\jni.cpp, line 520]
Event: 7.071 Thread 0x000001687a44dc50 Exception <a 'sun/nio/fs/WindowsException'{0x00000000d59bff50}> (0x00000000d59bff50) 
thrown [s\src\hotspot\share\prims\jni.cpp, line 520]
Event: 7.071 Thread 0x000001687a44dc50 Exception <a 'sun/nio/fs/WindowsException'{0x00000000d59c05a0}> (0x00000000d59c05a0) 
thrown [s\src\hotspot\share\prims\jni.cpp, line 520]
Event: 7.072 Thread 0x000001687a44dc50 Exception <a 'sun/nio/fs/WindowsException'{0x00000000d5b09f40}> (0x00000000d5b09f40) 
thrown [s\src\hotspot\share\prims\jni.cpp, line 520]
Event: 7.072 Thread 0x000001687a44dc50 Exception <a 'sun/nio/fs/WindowsException'{0x00000000d5b0a590}> (0x00000000d5b0a590) 
thrown [s\src\hotspot\share\prims\jni.cpp, line 520]
Event: 7.073 Thread 0x000001687a44dc50 Exception <a 'sun/nio/fs/WindowsException'{0x00000000d5b0c7b0}> (0x00000000d5b0c7b0) 
thrown [s\src\hotspot\share\prims\jni.cpp, line 520]
Event: 7.073 Thread 0x000001687a44dc50 Exception <a 'sun/nio/fs/WindowsException'{0x00000000d5b0ce00}> (0x00000000d5b0ce00) 
thrown [s\src\hotspot\share\prims\jni.cpp, line 520]

ZGC Phase Switch (0 events):
No events

VM Operations (20 events):
Event: 7.918 Executing VM operation: ParallelGCFailedAllocation (Allocation Failure) done
Event: 7.944 Executing VM operation: ParallelGCFailedAllocation (Allocation Failure)
Event: 7.946 Executing VM operation: ParallelGCFailedAllocation (Allocation Failure) done
Event: 7.964 Executing VM operation: ParallelGCFailedAllocation (Allocation Failure)
Event: 7.966 Executing VM operation: ParallelGCFailedAllocation (Allocation Failure) done
Event: 7.988 Executing VM operation: ParallelGCFailedAllocation (Allocation Failure)
Event: 7.990 Executing VM operation: ParallelGCFailedAllocation (Allocation Failure) done
Event: 8.009 Executing VM operation: ParallelGCFailedAllocation (Allocation Failure)
Event: 9.019 Executing VM operation: ParallelGCFailedAllocation (Allocation Failure) done
Event: 9.034 Executing VM operation: ParallelGCFailedAllocation (Allocation Failure)
Event: 9.036 Executing VM operation: ParallelGCFailedAllocation (Allocation Failure) done
Event: 9.068 Executing VM operation: ParallelGCFailedAllocation (Allocation Failure)
Event: 9.069 Executing VM operation: ParallelGCFailedAllocation (Allocation Failure) done
Event: 9.090 Executing VM operation: ParallelGCFailedAllocation (Allocation Failure)
Event: 9.092 Executing VM operation: ParallelGCFailedAllocation (Allocation Failure) done
Event: 9.111 Executing VM operation: ParallelGCFailedAllocation (Allocation Failure)
Event: 9.114 Executing VM operation: ParallelGCFailedAllocation (Allocation Failure) done
Event: 9.141 Executing VM operation: ParallelGCFailedAllocation (Allocation Failure)
Event: 9.144 Executing VM operation: ParallelGCFailedAllocation (Allocation Failure) done
Event: 9.175 Executing VM operation: ParallelGCFailedAllocation (Allocation Failure)

Memory protections (0 events):
No events

Nmethod flushes (20 events):
Event: 4.103 Thread 0x000001681b8849c0 flushing  nmethod 0x000001681f15ca90
Event: 4.103 Thread 0x000001681b8849c0 flushing  nmethod 0x000001681f18ce90
Event: 4.103 Thread 0x000001681b8849c0 flushing  nmethod 0x000001681f18d290
Event: 4.103 Thread 0x000001681b8849c0 flushing  nmethod 0x000001681f18db90
Event: 4.103 Thread 0x000001681b8849c0 flushing  nmethod 0x000001681f18fe10
Event: 4.103 Thread 0x000001681b8849c0 flushing  nmethod 0x000001681f190610
Event: 4.103 Thread 0x000001681b8849c0 flushing  nmethod 0x000001681f190d90
Event: 4.103 Thread 0x000001681b8849c0 flushing  nmethod 0x000001681f192310
Event: 4.103 Thread 0x000001681b8849c0 flushing  nmethod 0x000001681f192810
Event: 4.103 Thread 0x000001681b8849c0 flushing  nmethod 0x000001681f193910
Event: 4.103 Thread 0x000001681b8849c0 flushing  nmethod 0x000001681f193d10
Event: 4.103 Thread 0x000001681b8849c0 flushing  nmethod 0x000001681f194190
Event: 4.103 Thread 0x000001681b8849c0 flushing  nmethod 0x000001681f195510
Event: 4.103 Thread 0x000001681b8849c0 flushing  nmethod 0x000001681f195d10
Event: 4.103 Thread 0x000001681b8849c0 flushing  nmethod 0x000001681f196e10
Event: 4.103 Thread 0x000001681b8849c0 flushing  nmethod 0x000001681f1c9590
Event: 4.103 Thread 0x000001681b8849c0 flushing  nmethod 0x000001681f1ccb90
Event: 4.103 Thread 0x000001681b8849c0 flushing  nmethod 0x000001681f1e1690
Event: 4.103 Thread 0x000001681b8849c0 flushing  nmethod 0x000001681f226b90
Event: 4.103 Thread 0x000001681b8849c0 flushing  nmethod 0x000001681f267090

Events (20 events):
Event: 3.857 Thread 0x000001681b8ef0f0 Thread added: 0x000001687a4503b0
Event: 3.858 Thread 0x000001681b8ef0f0 Thread added: 0x000001687a44cf30
Event: 3.858 Thread 0x000001681b8ef0f0 Thread added: 0x000001687a451760
Event: 3.858 Thread 0x000001681b8ef0f0 Thread added: 0x000001687a452b10
Event: 3.858 Thread 0x000001681b8ef0f0 Thread added: 0x000001687a450a40
Event: 3.858 Thread 0x000001681b8ef0f0 Thread added: 0x000001687a453830
Event: 3.858 Thread 0x000001681b8ef0f0 Thread added: 0x000001687a451df0
Event: 3.859 Thread 0x000001681b8ef0f0 Thread added: 0x000001687a4531a0
Event: 3.859 Thread 0x000001681b8ef0f0 Thread added: 0x000001687a452480
Event: 3.859 Thread 0x000001681b8ef0f0 Thread added: 0x000001687a4510d0
Event: 3.859 Thread 0x000001681b8ef0f0 Thread added: 0x000001687c60d400
Event: 3.859 Thread 0x000001681b8ef0f0 Thread added: 0x000001687c60c6e0
Event: 3.860 Thread 0x000001681b8ef0f0 Thread added: 0x000001687c609f80
Event: 3.907 Thread 0x000001681b8ef0f0 Thread added: 0x000001687c60cd70
Event: 4.119 Thread 0x000001687a44d5c0 Thread added: 0x000001687c60c050
Event: 4.147 Thread 0x000001681b8ef0f0 Thread added: 0x000001687c60a610
Event: 4.147 Thread 0x000001681b8ef0f0 Thread added: 0x000001687c60e120
Event: 4.222 Thread 0x000001687c60c050 Thread added: 0x000001687c60aca0
Event: 5.777 Thread 0x000001687b198840 Thread exited: 0x000001687b198840
Event: 5.894 Thread 0x00000168746b4560 Thread added: 0x000001687c7c74f0


Dynamic libraries:
0x00007ff67f1c0000 - 0x00007ff67f1ce000 	c:\Users\waniw\.vscode\extensions\redhat.java-1.46.0-win32-x64\jre\21.0.8-win32-x86_64\bin\java.exe
0x00007ff839c00000 - 0x00007ff839e69000 	C:\WINDOWS\SYSTEM32\ntdll.dll
0x00007ff8384d0000 - 0x00007ff838599000 	C:\WINDOWS\System32\KERNEL32.DLL
0x00007ff836f10000 - 0x00007ff837303000 	C:\WINDOWS\System32\KERNELBASE.dll
0x00007ff837880000 - 0x00007ff8379cb000 	C:\WINDOWS\System32\ucrtbase.dll
0x00007ff8120a0000 - 0x00007ff8120b8000 	c:\Users\waniw\.vscode\extensions\redhat.java-1.46.0-win32-x64\jre\21.0.8-win32-x86_64\bin\jli.dll
0x00007ff811fd0000 - 0x00007ff811fee000 	c:\Users\waniw\.vscode\extensions\redhat.java-1.46.0-win32-x64\jre\21.0.8-win32-x86_64\bin\VCRUNTIME140.dll
0x00007ff837b60000 - 0x00007ff837d24000 	C:\WINDOWS\System32\USER32.dll
0x00007ff81db30000 - 0x00007ff81ddc3000 	C:\WINDOWS\WinSxS\amd64_microsoft.windows.common-controls_6595b64144ccf1df_6.0.26100.5074_none_3e0d6f78e32fd63f\COMCTL32.dll
0x00007ff8376e0000 - 0x00007ff837707000 	C:\WINDOWS\System32\win32u.dll
0x00007ff838fb0000 - 0x00007ff839059000 	C:\WINDOWS\System32\msvcrt.dll
0x00007ff839790000 - 0x00007ff8397bb000 	C:\WINDOWS\System32\GDI32.dll
0x00007ff837310000 - 0x00007ff83743d000 	C:\WINDOWS\System32\gdi32full.dll
0x00007ff837440000 - 0x00007ff8374e3000 	C:\WINDOWS\System32\msvcp_win.dll
0x00007ff839120000 - 0x00007ff83914f000 	C:\WINDOWS\System32\IMM32.DLL
0x00007ff813aa0000 - 0x00007ff813aac000 	c:\Users\waniw\.vscode\extensions\redhat.java-1.46.0-win32-x64\jre\21.0.8-win32-x86_64\bin\vcruntime140_1.dll
0x00007fffe4390000 - 0x00007fffe441d000 	c:\Users\waniw\.vscode\extensions\redhat.java-1.46.0-win32-x64\jre\21.0.8-win32-x86_64\bin\msvcp140.dll
0x00007fffb2b70000 - 0x00007fffb3907000 	c:\Users\waniw\.vscode\extensions\redhat.java-1.46.0-win32-x64\jre\21.0.8-win32-x86_64\bin\server\jvm.dll
0x00007ff8383a0000 - 0x00007ff838454000 	C:\WINDOWS\System32\ADVAPI32.dll
0x00007ff838e10000 - 0x00007ff838eb6000 	C:\WINDOWS\System32\sechost.dll
0x00007ff8385a0000 - 0x00007ff8386b8000 	C:\WINDOWS\System32\RPCRT4.dll
0x00007ff839a80000 - 0x00007ff839af4000 	C:\WINDOWS\System32\WS2_32.dll
0x00007ff836c10000 - 0x00007ff836c6e000 	C:\WINDOWS\SYSTEM32\POWRPROF.dll
0x00007ff82f940000 - 0x00007ff82f94b000 	C:\WINDOWS\SYSTEM32\VERSION.dll
0x00007ff82ede0000 - 0x00007ff82ee15000 	C:\WINDOWS\SYSTEM32\WINMM.dll
0x00007ff836bf0000 - 0x00007ff836c04000 	C:\WINDOWS\SYSTEM32\UMPDC.dll
0x00007ff835b70000 - 0x00007ff835b8b000 	C:\WINDOWS\SYSTEM32\kernel.appcore.dll
0x00007ff813a10000 - 0x00007ff813a1a000 	c:\Users\waniw\.vscode\extensions\redhat.java-1.46.0-win32-x64\jre\21.0.8-win32-x86_64\bin\jimage.dll
0x00007ff8345a0000 - 0x00007ff8347e2000 	C:\WINDOWS\SYSTEM32\DBGHELP.DLL
0x00007ff839160000 - 0x00007ff8394db000 	C:\WINDOWS\System32\combase.dll
0x00007ff8397c0000 - 0x00007ff839897000 	C:\WINDOWS\System32\OLEAUT32.dll
0x00007ff81cc50000 - 0x00007ff81cc8d000 	C:\WINDOWS\SYSTEM32\dbgcore.DLL
0x00007ff837640000 - 0x00007ff8376d9000 	C:\WINDOWS\System32\bcryptPrimitives.dll
0x00007fffffa00000 - 0x00007fffffa0f000 	c:\Users\waniw\.vscode\extensions\redhat.java-1.46.0-win32-x64\jre\21.0.8-win32-x86_64\bin\instrument.dll
0x00007ff811f20000 - 0x00007ff811f3f000 	c:\Users\waniw\.vscode\extensions\redhat.java-1.46.0-win32-x64\jre\21.0.8-win32-x86_64\bin\java.dll
0x00007ff8386c0000 - 0x00007ff838e0d000 	C:\WINDOWS\System32\SHELL32.dll
0x00007ff837710000 - 0x00007ff83787c000 	C:\WINDOWS\System32\wintypes.dll
0x00007ff8349f0000 - 0x00007ff835249000 	C:\WINDOWS\SYSTEM32\windows.storage.dll
0x00007ff8394f0000 - 0x00007ff8395e0000 	C:\WINDOWS\System32\SHCORE.dll
0x00007ff8398b0000 - 0x00007ff839912000 	C:\WINDOWS\System32\shlwapi.dll
0x00007ff836cb0000 - 0x00007ff836cd9000 	C:\WINDOWS\SYSTEM32\profapi.dll
0x00007ff807110000 - 0x00007ff807128000 	c:\Users\waniw\.vscode\extensions\redhat.java-1.46.0-win32-x64\jre\21.0.8-win32-x86_64\bin\zip.dll
0x00007ff814db0000 - 0x00007ff814dc0000 	C:\Users\waniw\.vscode\extensions\redhat.java-1.46.0-win32-x64\jre\21.0.8-win32-x86_64\bin\net.dll
0x00007ff82ff40000 - 0x00007ff83005f000 	C:\WINDOWS\SYSTEM32\WINHTTP.dll
0x00007ff8360f0000 - 0x00007ff83615b000 	C:\WINDOWS\system32\mswsock.dll
0x00007ff806b70000 - 0x00007ff806b86000 	C:\Users\waniw\.vscode\extensions\redhat.java-1.46.0-win32-x64\jre\21.0.8-win32-x86_64\bin\nio.dll
0x00007ffffa640000 - 0x00007ffffa650000 	c:\Users\waniw\.vscode\extensions\redhat.java-1.46.0-win32-x64\jre\21.0.8-win32-x86_64\bin\verify.dll
0x00007ff813dc0000 - 0x00007ff813e04000 	C:\Users\waniw\AppData\Roaming\Code\User\globalStorage\redhat.java\1.46.0\config_win\org.eclipse.equinox.launcher\org.eclipse.equinox.launcher.win32.win32.x86_64_1.2.1400.v20250801-0854\eclipse_11916.dll
0x00007ff8395f0000 - 0x00007ff839788000 	C:\WINDOWS\System32\ole32.dll
0x00007ff836390000 - 0x00007ff8363ab000 	C:\WINDOWS\SYSTEM32\CRYPTSP.dll
0x00007ff835ad0000 - 0x00007ff835b0b000 	C:\WINDOWS\system32\rsaenh.dll
0x00007ff836190000 - 0x00007ff8361bb000 	C:\WINDOWS\SYSTEM32\USERENV.dll
0x00007ff836c80000 - 0x00007ff836ca6000 	C:\WINDOWS\SYSTEM32\bcrypt.dll
0x00007ff8363b0000 - 0x00007ff8363bc000 	C:\WINDOWS\SYSTEM32\CRYPTBASE.dll
0x00007ff835620000 - 0x00007ff835654000 	C:\WINDOWS\SYSTEM32\IPHLPAPI.DLL
0x00007ff8398a0000 - 0x00007ff8398aa000 	C:\WINDOWS\System32\NSI.dll
0x00007ffff07e0000 - 0x00007ffff0829000 	C:\Users\waniw\AppData\Local\Temp\jna-112897810\jna5995961181980272888.dll
0x00007ff838ec0000 - 0x00007ff838ec8000 	C:\WINDOWS\System32\PSAPI.DLL
0x00007ff835c90000 - 0x00007ff835cc6000 	C:\WINDOWS\SYSTEM32\ntmarta.dll
0x00007ff830b10000 - 0x00007ff830b2e000 	C:\WINDOWS\SYSTEM32\dhcpcsvc6.DLL
0x00007ff8306c0000 - 0x00007ff8306e3000 	C:\WINDOWS\SYSTEM32\dhcpcsvc.DLL

JVMTI agents:
c:\Users\waniw\.vscode\extensions\redhat.java-1.46.0-win32-x64\lombok\lombok-1.18.39-4050.jar path:c:\Users\waniw\.vscode\extensions\redhat.java-1.46.0-win32-x64\jre\21.0.8-win32-x86_64\bin\instrument.dll, loaded, initialized, instrumentlib options:none

dbghelp: loaded successfully - version: 4.0.5 - missing functions: none
symbol engine: initialized successfully - sym options: 0x614 - pdb path: .;c:\Users\waniw\.vscode\extensions\redhat.java-1.46.0-win32-x64\jre\21.0.8-win32-x86_64\bin;C:\WINDOWS\SYSTEM32;C:\WINDOWS\WinSxS\amd64_microsoft.windows.common-controls_6595b64144ccf1df_6.0.26100.5074_none_3e0d6f78e32fd63f;c:\Users\waniw\.vscode\extensions\redhat.java-1.46.0-win32-x64\jre\21.0.8-win32-x86_64\bin\server;C:\Users\waniw\AppData\Roaming\Code\User\globalStorage\redhat.java\1.46.0\config_win\org.eclipse.equinox.launcher\org.eclipse.equinox.launcher.win32.win32.x86_64_1.2.1400.v20250801-0854;C:\Users\waniw\AppData\Local\Temp\jna-112897810

VM Arguments:
jvm_args: --add-modules=ALL-SYSTEM --add-opens=java.base/java.util=ALL-UNNAMED --add-opens=java.base/java.lang=ALL-UNNAMED --add-opens=java.base/sun.nio.fs=ALL-UNNAMED -Declipse.application=org.eclipse.jdt.ls.core.id1 -Dosgi.bundles.defaultStartLevel=4 -Declipse.product=org.eclipse.jdt.ls.core.product -Djava.import.generatesMetadataFilesAtProjectRoot=false -DDetectVMInstallationsJob.disabled=true -Dfile.encoding=utf8 -XX:+UseParallelGC -XX:GCTimeRatio=4 -XX:AdaptiveSizePolicyWeight=90 -Dsun.zip.disableMemoryMapping=true -Xmx2G -Xms100m -Xlog:disable -javaagent:c:\Users\waniw\.vscode\extensions\redhat.java-1.46.0-win32-x64\lombok\lombok-1.18.39-4050.jar -XX:+HeapDumpOnOutOfMemoryError -XX:HeapDumpPath=c:\Users\waniw\AppData\Roaming\Code\User\workspaceStorage\67cdc74a77c06671975aabb63d870477\redhat.java -Daether.dependencyCollector.impl=bf 
java_command: c:\Users\waniw\.vscode\extensions\redhat.java-1.46.0-win32-x64\server\plugins\org.eclipse.equinox.launcher_1.7.0.v20250519-0528.jar -configuration c:\Users\waniw\AppData\Roaming\Code\User\globalStorage\redhat.java\1.46.0\config_win -data c:\Users\waniw\AppData\Roaming\Code\User\workspaceStorage\67cdc74a77c06671975aabb63d870477\redhat.java\jdt_ws --pipe=\\.\pipe\lsp-450172f71ddc330a6e4fad5fb60f8add-sock
java_class_path (initial): c:\Users\waniw\.vscode\extensions\redhat.java-1.46.0-win32-x64\server\plugins\org.eclipse.equinox.launcher_1.7.0.v20250519-0528.jar
Launcher Type: SUN_STANDARD

[Global flags]
    uintx AdaptiveSizePolicyWeight                 = 90                                        {product} {command line}
     intx CICompilerCount                          = 4                                         {product} {ergonomic}
    uintx GCTimeRatio                              = 4                                         {product} {command line}
     bool HeapDumpOnOutOfMemoryError               = true                                   {manageable} {command line}
    ccstr HeapDumpPath                             = c:\Users\waniw\AppData\Roaming\Code\User\workspaceStorage\67cdc74a77c06671975aabb63d870477\redhat.java         {manageable} {command line}
   size_t InitialHeapSize                          = 104857600                                 {product} {command line}
   size_t MaxHeapSize                              = 2147483648                                {product} {command line}
   size_t MaxNewSize                               = 715653120                                 {product} {ergonomic}
   size_t MinHeapDeltaBytes                        = 524288                                    {product} {ergonomic}
   size_t MinHeapSize                              = 104857600                                 {product} {command line}
   size_t NewSize                                  = 34603008                                  {product} {ergonomic}
    uintx NonNMethodCodeHeapSize                   = 5839372                                {pd product} {ergonomic}
    uintx NonProfiledCodeHeapSize                  = 122909434                              {pd product} {ergonomic}
   size_t OldSize                                  = 70254592                                  {product} {ergonomic}
    uintx ProfiledCodeHeapSize                     = 122909434                              {pd product} {ergonomic}
    uintx ReservedCodeCacheSize                    = 251658240                              {pd product} {ergonomic}
     bool SegmentedCodeCache                       = true                                      {product} {ergonomic}
   size_t SoftMaxHeapSize                          = 2147483648                             {manageable} {ergonomic}
     bool UseCompressedOops                        = true                           {product lp64_product} {ergonomic}
     bool UseLargePagesIndividualAllocation        = false                                  {pd product} {ergonomic}
     bool UseParallelGC                            = true                                      {product} {command line}

Logging:
Log output configuration:
 #0: stdout all=off uptime,level,tags foldmultilines=false
 #1: stderr all=off uptime,level,tags foldmultilines=false

Environment Variables:
CLASSPATH=C:\Users\waniw\Downloads\free1\library
PATH=C:\Users\waniw\AppData\Local\cloud-code\installer\google-cloud-sdk\bin;C:\Program Files (x86)\Common Files\Intel\Shared Libraries\redist\intel64\compiler;C:\Program Files\Common Files\Oracle\Java\javapath;C:\Program Files (x86)\Common Files\Oracle\Java\java8path;C:\Program Files (x86)\Common Files\Oracle\Java\javapath;C:\WINDOWS\system32;C:\WINDOWS;C:\WINDOWS\System32\Wbem;C:\WINDOWS\System32\WindowsPowerShell\v1.0\;C:\WINDOWS\System32\OpenSSH\;C:\Program Files\Novell\iPrint;C:\Program Files\Git\cmd;C:\Program Files (x86)\Microsoft SQL Server\150\DTS\Binn\;C:\Program Files\PuTTY\;C:\Program Files (x86)\Microsoft SQL Server\160\DTS\Binn\;C:\Program Files\Azure Data Studio\bin;C:\Program Files\MongoDB\Server\7.0\bin;C:\Program Files\Vim\vim91;C:\Program Files\dotnet\;C:\Program Files\HP\HP One Agent;C:\Program Files\Microsoft SQL Server\150\Tools\Binn\;C:\Program Files\Microsoft SQL Server\Client SDK\ODBC\170\Tools\Binn\;C:\Program Files\nodejs\;C:\ProgramData\chocolatey\bin;C:\Program Files (x86)\Microsoft SQL Server\160\Tools\Binn\;C:\Program Files\Microsoft SQL Server\160\Tools\Binn\;C:\Program Files\Microsoft SQL Server\160\DTS\Binn\;C:\Program Files\php-8.3.12;;C:\WINDOWS\system32;C:\WINDOWS;C:\WINDOWS\System32\Wbem;C:\WINDOWS\System32\WindowsPowerShell\v1.0\;C:\WINDOWS\System32\OpenSSH\;C:\Users\waniw\AppData\Local\Programs\Python\Launcher\;C:\Users\waniw\AppData\Local\Microsoft\WindowsApps;C:\Users\waniw\AppData\Local\Programs\Microsoft VS Code\bin;C:\Users\waniw\AppData\Local\atom\bin;C:\Users\waniw\AppData\Local\Programs\Hyper\resources\bin;C:\msys64\mingw64\bin;C:\src\flutter\flutter\bin;C:\Program Files\Azure Data Studio\bin;C:\Users\waniw\AppData\Local\Programs\mongosh\;C:\Users\waniw\.dotnet\tools;C:\Program Files\heroku\bin;C:\Users\waniw\AppData\Roaming\npm;c:\Gradle\gradle-8.0.2\bin;C:\Program Files\JetBrains\WebStorm 2024.3.4\bin;C:\Program Files (x86)\BrowserStackLocal\;C:\Users\waniw\.fly\bin;C:\Users\waniw\AppData\Local\Google\Cloud SDK\google-cloud-sdk\bin;C:\Users\waniw\AppData\Local\Microsoft\WindowsApps;
USERNAME=waniw
OS=Windows_NT
PROCESSOR_IDENTIFIER=AMD64 Family 25 Model 80 Stepping 0, AuthenticAMD
TMP=C:\Users\waniw\AppData\Local\Temp
TEMP=C:\Users\waniw\AppData\Local\Temp




Periodic native trim disabled

---------------  S Y S T E M  ---------------

OS:
 Windows 11 , 64 bit Build 26100 (10.0.26100.5074)
OS uptime: 7 days 13:24 hours
Hyper-V role detected

CPU: total 12 (initial active 12) (12 cores per cpu, 2 threads per core) family 25 model 80 stepping 0 microcode 0xa50000c, cx8, cmov, fxsr, ht, mmx, 3dnowpref, sse, sse2, sse3, ssse3, sse4a, sse4.1, sse4.2, popcnt, lzcnt, tsc, tscinvbit, avx, avx2, aes, erms, clmul, bmi1, bmi2, adx, sha, fma, vzeroupper, clflush, clflushopt, hv, rdtscp, rdpid, fsrm, f16c, cet_ss
Processor Information for processor 0
  Max Mhz: 2301, Current Mhz: 2301, Mhz Limit: 2301
Processor Information for processor 1
  Max Mhz: 2301, Current Mhz: 2301, Mhz Limit: 2301
Processor Information for processor 2
  Max Mhz: 2301, Current Mhz: 2301, Mhz Limit: 2301
Processor Information for processor 3
  Max Mhz: 2301, Current Mhz: 2301, Mhz Limit: 2301
Processor Information for processor 4
  Max Mhz: 2301, Current Mhz: 2301, Mhz Limit: 2301
Processor Information for processor 5
  Max Mhz: 2301, Current Mhz: 2301, Mhz Limit: 2301
Processor Information for processor 6
  Max Mhz: 2301, Current Mhz: 1990, Mhz Limit: 2301
Processor Information for processor 7
  Max Mhz: 2301, Current Mhz: 2301, Mhz Limit: 2301
Processor Information for processor 8
  Max Mhz: 2301, Current Mhz: 2301, Mhz Limit: 2301
Processor Information for processor 9
  Max Mhz: 2301, Current Mhz: 2301, Mhz Limit: 2301
Processor Information for processor 10
  Max Mhz: 2301, Current Mhz: 2301, Mhz Limit: 2301
Processor Information for processor 11
  Max Mhz: 2301, Current Mhz: 2301, Mhz Limit: 2301

Memory: 4k page, system-wide physical 7525M (498M free)
TotalPageFile size 31077M (AvailPageFile size 5M)
current process WorkingSet (physical memory assigned to process): 411M, peak: 411M
current process commit charge ("private bytes"): 453M, peak: 457M

vm_info: OpenJDK 64-Bit Server VM (21.0.8+9-LTS) for windows-amd64 JRE (21.0.8+9-LTS), built on 2025-07-15T00:00:00Z by "admin" with MS VC++ 17.7 (VS2022)

END.
