#
# There is insufficient memory for the Java Runtime Environment to continue.
# Native memory allocation (malloc) failed to allocate 1724816 bytes. Error detail: Chunk::new
# Possible reasons:
#   The system is out of physical RAM or swap space
#   This process is running with CompressedOops enabled, and the Java Heap may be blocking the growth of the native heap
# Possible solutions:
#   Reduce memory load on the system
#   Increase physical memory or swap space
#   Check if swap backing store is full
#   Decrease Java heap size (-Xmx/-Xms)
#   Decrease number of Java threads
#   Decrease Java thread stack sizes (-Xss)
#   Set larger code cache with -XX:ReservedCodeCacheSize=
#   JVM is running with Unscaled Compressed Oops mode in which the Java heap is
#     placed in the first 4GB address space. The Java Heap base address is the
#     maximum limit for the native heap growth. Please use -XX:HeapBaseMinAddress
#     to set the Java Heap base and to place the Java Heap above 4GB virtual address.
# This output file may be truncated or incomplete.
#
#  Out of Memory Error (arena.cpp:168), pid=19848, tid=30888
#
# JRE version: OpenJDK Runtime Environment Temurin-21.0.8+9 (21.0.8+9) (build 21.0.8+9-LTS)
# Java VM: OpenJDK 64-Bit Server VM Temurin-21.0.8+9 (21.0.8+9-LTS, mixed mode, sharing, tiered, compressed oops, compressed class ptrs, parallel gc, windows-amd64)
# No core dump will be written. Minidumps are not enabled by default on client versions of Windows
#

---------------  S U M M A R Y ------------

Command Line: --add-modules=ALL-SYSTEM --add-opens=java.base/java.util=ALL-UNNAMED --add-opens=java.base/java.lang=ALL-UNNAMED --add-opens=java.base/sun.nio.fs=ALL-UNNAMED -Declipse.application=org.eclipse.jdt.ls.core.id1 -Dosgi.bundles.defaultStartLevel=4 -Declipse.product=org.eclipse.jdt.ls.core.product -Djava.import.generatesMetadataFilesAtProjectRoot=false -DDetectVMInstallationsJob.disabled=true -Dfile.encoding=utf8 -XX:+UseParallelGC -XX:GCTimeRatio=4 -XX:AdaptiveSizePolicyWeight=90 -Dsun.zip.disableMemoryMapping=true -Xmx2G -Xms100m -Xlog:disable -javaagent:c:\Users\waniw\.vscode\extensions\redhat.java-1.46.0-win32-x64\lombok\lombok-1.18.39-4050.jar -XX:+HeapDumpOnOutOfMemoryError -XX:HeapDumpPath=c:\Users\waniw\AppData\Roaming\Code\User\workspaceStorage\67cdc74a77c06671975aabb63d870477\redhat.java -Daether.dependencyCollector.impl=bf c:\Users\waniw\.vscode\extensions\redhat.java-1.46.0-win32-x64\server\plugins\org.eclipse.equinox.launcher_1.7.0.v20250519-0528.jar -configuration c:\Users\waniw\AppData\Roaming\Code\User\globalStorage\redhat.java\1.46.0\config_win -data c:\Users\waniw\AppData\Roaming\Code\User\workspaceStorage\67cdc74a77c06671975aabb63d870477\redhat.java\jdt_ws --pipe=\\.\pipe\lsp-b8a81e92beab10af40dd3b7806c80bf4-sock

Host: AMD Ryzen 5 5600U with Radeon Graphics         , 12 cores, 7G,  Windows 11 , 64 bit Build 26100 (10.0.26100.5074)
Time: Thu Oct  9 18:54:27 2025 South Africa Standard Time elapsed time: 9.869619 seconds (0d 0h 0m 9s)

---------------  T H R E A D  ---------------

Current thread (0x00000222d88ba4c0):  JavaThread "C2 CompilerThread0" daemon [_thread_in_native, id=30888, stack(0x0000002e4bd00000,0x0000002e4be00000) (1024K)]


Current CompileTask:
C2:9870 3966       4       org.lombokweb.asm.ClassReader::readMethod (1070 bytes)

Stack: [0x0000002e4bd00000,0x0000002e4be00000]
Native frames: (J=compiled Java code, j=interpreted, Vv=VM code, C=native code)
V  [jvm.dll+0x6d2449]
V  [jvm.dll+0x8ae341]
V  [jvm.dll+0x8b08be]
V  [jvm.dll+0x8b0fa3]
V  [jvm.dll+0x280c96]
V  [jvm.dll+0xc581d]
V  [jvm.dll+0xc5d53]
V  [jvm.dll+0x3b919c]
V  [jvm.dll+0x385315]
V  [jvm.dll+0x38477a]
V  [jvm.dll+0x248ed0]
V  [jvm.dll+0x2484af]
V  [jvm.dll+0x1c89ee]
V  [jvm.dll+0x257d4d]
V  [jvm.dll+0x2562ea]
V  [jvm.dll+0x3f2d16]
V  [jvm.dll+0x857e6b]
V  [jvm.dll+0x6d0b0d]
C  [ucrtbase.dll+0x37b0]
C  [KERNEL32.DLL+0x2e8d7]
C  [ntdll.dll+0x8d9c]


---------------  P R O C E S S  ---------------

Threads class SMR info:
_java_thread_list=0x00000222deee2cc0, length=22, elements={
0x00000222faadcd70, 0x00000222fcf44400, 0x00000222fcf44f50, 0x00000222fcf476f0,
0x00000222fcf48470, 0x00000222fcf4e9f0, 0x00000222fcf56780, 0x00000222d88ba4c0,
0x00000222d88bd6e0, 0x00000222fcf14040, 0x00000222d8bad060, 0x00000222de695a70,
0x00000222de92d7c0, 0x00000222de961620, 0x00000222de962050, 0x00000222deb207d0,
0x00000222dea95400, 0x00000222deba2030, 0x00000222deba26c0, 0x00000222deba3a70,
0x00000222deba0c80, 0x00000222deba19a0
}

Java Threads: ( => current thread )
  0x00000222faadcd70 JavaThread "main"                              [_thread_blocked, id=8760, stack(0x0000002e4b300000,0x0000002e4b400000) (1024K)]
  0x00000222fcf44400 JavaThread "Reference Handler"          daemon [_thread_blocked, id=32764, stack(0x0000002e4b700000,0x0000002e4b800000) (1024K)]
  0x00000222fcf44f50 JavaThread "Finalizer"                  daemon [_thread_blocked, id=40440, stack(0x0000002e4b800000,0x0000002e4b900000) (1024K)]
  0x00000222fcf476f0 JavaThread "Signal Dispatcher"          daemon [_thread_blocked, id=38960, stack(0x0000002e4b900000,0x0000002e4ba00000) (1024K)]
  0x00000222fcf48470 JavaThread "Attach Listener"            daemon [_thread_blocked, id=31508, stack(0x0000002e4ba00000,0x0000002e4bb00000) (1024K)]
  0x00000222fcf4e9f0 JavaThread "Service Thread"             daemon [_thread_blocked, id=36312, stack(0x0000002e4bb00000,0x0000002e4bc00000) (1024K)]
  0x00000222fcf56780 JavaThread "Monitor Deflation Thread"   daemon [_thread_blocked, id=28404, stack(0x0000002e4bc00000,0x0000002e4bd00000) (1024K)]
=>0x00000222d88ba4c0 JavaThread "C2 CompilerThread0"         daemon [_thread_in_native, id=30888, stack(0x0000002e4bd00000,0x0000002e4be00000) (1024K)]
  0x00000222d88bd6e0 JavaThread "C1 CompilerThread0"         daemon [_thread_in_vm, id=20416, stack(0x0000002e4be00000,0x0000002e4bf00000) (1024K)]
  0x00000222fcf14040 JavaThread "Common-Cleaner"             daemon [_thread_blocked, id=18736, stack(0x0000002e4bf00000,0x0000002e4c000000) (1024K)]
  0x00000222d8bad060 JavaThread "Notification Thread"        daemon [_thread_blocked, id=36336, stack(0x0000002e4c100000,0x0000002e4c200000) (1024K)]
  0x00000222de695a70 JavaThread "Active Thread: Equinox Container: 2c47df9b-7553-4a4a-b521-aa5b0bbf7af6"        [_thread_blocked, id=8980, stack(0x0000002e4c800000,0x0000002e4c900000) (1024K)]
  0x00000222de92d7c0 JavaThread "Refresh Thread: Equinox Container: 2c47df9b-7553-4a4a-b521-aa5b0bbf7af6" daemon [_thread_blocked, id=24788, stack(0x0000002e4c900000,0x0000002e4ca00000) (1024K)]
  0x00000222de961620 JavaThread "Framework Event Dispatcher: Equinox Container: 2c47df9b-7553-4a4a-b521-aa5b0bbf7af6" daemon [_thread_blocked, id=38384, stack(0x0000002e4cb00000,0x0000002e4cc00000) (1024K)]
  0x00000222de962050 JavaThread "Start Level: Equinox Container: 2c47df9b-7553-4a4a-b521-aa5b0bbf7af6" daemon [_thread_in_Java, id=11960, stack(0x0000002e4cc00000,0x0000002e4cd00000) (1024K)]
  0x00000222deb207d0 JavaThread "Bundle File Closer"         daemon [_thread_blocked, id=11320, stack(0x0000002e4cf00000,0x0000002e4d000000) (1024K)]
  0x00000222dea95400 JavaThread "SCR Component Actor"        daemon [_thread_blocked, id=34376, stack(0x0000002e4d000000,0x0000002e4d100000) (1024K)]
  0x00000222deba2030 JavaThread "Worker-JM"                         [_thread_blocked, id=20992, stack(0x0000002e4c000000,0x0000002e4c100000) (1024K)]
  0x00000222deba26c0 JavaThread "JNA Cleaner"                daemon [_thread_blocked, id=37880, stack(0x0000002e4d100000,0x0000002e4d200000) (1024K)]
  0x00000222deba3a70 JavaThread "Worker-0: Updating Maven Dependencies"        [_thread_in_native, id=38412, stack(0x0000002e4d200000,0x0000002e4d300000) (1024K)]
  0x00000222deba0c80 JavaThread "Worker-1: Repository registry initialization"        [_thread_blocked, id=33256, stack(0x0000002e4d300000,0x0000002e4d400000) (1024K)]
  0x00000222deba19a0 JavaThread "Worker-2"                          [_thread_blocked, id=4940, stack(0x0000002e4d400000,0x0000002e4d500000) (1024K)]
Total: 22

Other Threads:
  0x0000022296314ab0 VMThread "VM Thread"                           [id=29104, stack(0x0000002e4b600000,0x0000002e4b700000) (1024K)]
  0x000002229620ca00 WatcherThread "VM Periodic Task Thread"        [id=39836, stack(0x0000002e4b500000,0x0000002e4b600000) (1024K)]
  0x00000222fcec6790 WorkerThread "GC Thread#0"                     [id=31028, stack(0x0000002e4b400000,0x0000002e4b500000) (1024K)]
  0x00000222de4c7ac0 WorkerThread "GC Thread#1"                     [id=36768, stack(0x0000002e4c200000,0x0000002e4c300000) (1024K)]
  0x00000222de45b770 WorkerThread "GC Thread#2"                     [id=29704, stack(0x0000002e4c300000,0x0000002e4c400000) (1024K)]
  0x00000222de51c370 WorkerThread "GC Thread#3"                     [id=30984, stack(0x0000002e4c400000,0x0000002e4c500000) (1024K)]
  0x00000222de51c710 WorkerThread "GC Thread#4"                     [id=31360, stack(0x0000002e4c500000,0x0000002e4c600000) (1024K)]
  0x00000222de37ee80 WorkerThread "GC Thread#5"                     [id=40420, stack(0x0000002e4c600000,0x0000002e4c700000) (1024K)]
  0x00000222de37f220 WorkerThread "GC Thread#6"                     [id=28964, stack(0x0000002e4c700000,0x0000002e4c800000) (1024K)]
  0x00000222de982cd0 WorkerThread "GC Thread#7"                     [id=33228, stack(0x0000002e4ca00000,0x0000002e4cb00000) (1024K)]
  0x00000222de8c31c0 WorkerThread "GC Thread#8"                     [id=26464, stack(0x0000002e4cd00000,0x0000002e4ce00000) (1024K)]
  0x00000222de91fd30 WorkerThread "GC Thread#9"                     [id=13812, stack(0x0000002e4ce00000,0x0000002e4cf00000) (1024K)]
Total: 12

Threads with active compile tasks:
C2 CompilerThread0  9910 3966       4       org.lombokweb.asm.ClassReader::readMethod (1070 bytes)
C1 CompilerThread0  9910 4117       3       com.sun.org.apache.xerces.internal.impl.XMLScanner::scanAttributeValue (943 bytes)
Total: 2

VM state: not at safepoint (normal execution)

VM Mutex/Monitor currently owned by a thread: None

Heap address: 0x0000000080000000, size: 2048 MB, Compressed Oops mode: 32-bit

CDS archive(s) mapped at: [0x0000022297000000-0x0000022297ba0000-0x0000022297ba0000), size 12189696, SharedBaseAddress: 0x0000022297000000, ArchiveRelocationMode: 1.
Compressed class space mapped at: 0x0000022298000000-0x00000222d8000000, reserved size: 1073741824
Narrow klass base: 0x0000022297000000, Narrow klass shift: 0, Narrow klass range: 0x100000000

GC Precious Log:
 CardTable entry size: 512
 CPUs: 12 total, 12 available
 Memory: 7525M
 Large Page Support: Disabled
 NUMA Support: Disabled
 Compressed Oops: Enabled (32-bit)
 Alignments: Space 512K, Generation 512K, Heap 2M
 Heap Min Capacity: 100M
 Heap Initial Capacity: 100M
 Heap Max Capacity: 2G
 Pre-touch: Disabled
 Parallel Workers: 10

Heap:
 PSYoungGen      total 26112K, used 25313K [0x00000000d5580000, 0x00000000d7480000, 0x0000000100000000)
  eden space 23552K, 96% used [0x00000000d5580000,0x00000000d6bbe130,0x00000000d6c80000)
  from space 2560K, 99% used [0x00000000d7080000,0x00000000d72fa5c0,0x00000000d7300000)
  to   space 1536K, 0% used [0x00000000d7300000,0x00000000d7300000,0x00000000d7480000)
 ParOldGen       total 68608K, used 15405K [0x0000000080000000, 0x0000000084300000, 0x00000000d5580000)
  object space 68608K, 22% used [0x0000000080000000,0x0000000080f0b4e0,0x0000000084300000)
 Metaspace       used 28191K, committed 29056K, reserved 1114112K
  class space    used 2760K, committed 3136K, reserved 1048576K

Card table byte_map: [0x00000222fc850000,0x00000222fcc60000] _byte_map_base: 0x00000222fc450000

Marking Bits: (ParMarkBitMap*) 0x00007fffb382a340
 Begin Bits: [0x0000022292130000, 0x0000022294130000)
 End Bits:   [0x0000022294130000, 0x0000022296130000)

Polling page: 0x00000222fad00000

Metaspace:

Usage:
  Non-class:     24.84 MB used.
      Class:      2.70 MB used.
       Both:     27.53 MB used.

Virtual space:
  Non-class space:       64.00 MB reserved,      25.31 MB ( 40%) committed,  1 nodes.
      Class space:        1.00 GB reserved,       3.06 MB ( <1%) committed,  1 nodes.
             Both:        1.06 GB reserved,      28.38 MB (  3%) committed. 

Chunk freelists:
   Non-Class:  6.01 MB
       Class:  12.88 MB
        Both:  18.89 MB

MaxMetaspaceSize: unlimited
CompressedClassSpaceSize: 1.00 GB
Initial GC threshold: 21.00 MB
Current GC threshold: 35.00 MB
CDS: on
 - commit_granule_bytes: 65536.
 - commit_granule_words: 8192.
 - virtual_space_node_default_size: 8388608.
 - enlarge_chunks_in_place: 1.
 - use_allocation_guard: 0.


Internal statistics:

num_allocs_failed_limit: 5.
num_arena_births: 712.
num_arena_deaths: 14.
num_vsnodes_births: 2.
num_vsnodes_deaths: 0.
num_space_committed: 454.
num_space_uncommitted: 0.
num_chunks_returned_to_freelist: 19.
num_chunks_taken_from_freelist: 1836.
num_chunk_merges: 11.
num_chunk_splits: 1197.
num_chunks_enlarged: 761.
num_inconsistent_stats: 0.

CodeHeap 'non-profiled nmethods': size=120000Kb used=1767Kb max_used=1767Kb free=118233Kb
 bounds [0x000002228ac00000, 0x000002228ae70000, 0x0000022292130000]
CodeHeap 'profiled nmethods': size=120000Kb used=8573Kb max_used=8573Kb free=111426Kb
 bounds [0x0000022283130000, 0x0000022283990000, 0x000002228a660000]
CodeHeap 'non-nmethods': size=5760Kb used=1337Kb max_used=1350Kb free=4422Kb
 bounds [0x000002228a660000, 0x000002228a8d0000, 0x000002228ac00000]
CodeCache: size=245760Kb, used=11677Kb, max_used=11690Kb, free=234081Kb
 total_blobs=4730, nmethods=4105, adapters=531, full_count=0
Compilation: enabled, stopped_count=0, restarted_count=0

Compilation events (20 events):
Event: 8.836 Thread 0x00000222d88bd6e0 nmethod 4035% 0x0000022283955610 code [0x0000022283955880, 0x00000222839566e0]
Event: 8.837 Thread 0x00000222d88bd6e0 4036       3       lombok.launch.PackageShader::apply (252 bytes)
Event: 8.838 Thread 0x00000222d88bd6e0 nmethod 4036 0x0000022283956e90 code [0x00000222839570e0, 0x0000022283957b90]
Event: 8.852 Thread 0x00000222d88bd6e0 4037       3       java.lang.Class::searchMethods (104 bytes)
Event: 8.853 Thread 0x00000222d88bd6e0 nmethod 4037 0x0000022283958190 code [0x0000022283958420, 0x0000022283958ea0]
Event: 8.874 Thread 0x00000222d88bd6e0 4040       3       org.eclipse.core.internal.resources.Resource::exists (24 bytes)
Event: 8.875 Thread 0x00000222d88bd6e0 nmethod 4040 0x0000022283959390 code [0x0000022283959560, 0x00000222839598b8]
Event: 8.875 Thread 0x00000222d88bd6e0 4041       3       org.eclipse.core.internal.resources.ResourceInfo::isSet (11 bytes)
Event: 8.875 Thread 0x00000222d88bd6e0 nmethod 4041 0x0000022283959a10 code [0x0000022283959bc0, 0x0000022283959d10]
Event: 9.107 Thread 0x00000222d88bd6e0 4042       1       org.eclipse.core.internal.jobs.InternalJob::previous (5 bytes)
Event: 9.108 Thread 0x00000222d88bd6e0 nmethod 4042 0x000002228adb6010 code [0x000002228adb61a0, 0x000002228adb6268]
Event: 9.122 Thread 0x00000222d88bd6e0 4043       3       java.util.concurrent.ConcurrentLinkedQueue::offer (120 bytes)
Event: 9.123 Thread 0x00000222d88bd6e0 nmethod 4043 0x0000022283959d90 code [0x000002228395a180, 0x000002228395bdd0]
Event: 9.123 Thread 0x00000222d88bd6e0 4044       3       java.util.concurrent.ConcurrentLinkedQueue$Node::<init> (13 bytes)
Event: 9.124 Thread 0x00000222d88bd6e0 nmethod 4044 0x000002228395c790 code [0x000002228395c9e0, 0x000002228395d2d8]
Event: 9.135 Thread 0x00000222d88bd6e0 4045       3       java.lang.Thread::isVirtual (5 bytes)
Event: 9.135 Thread 0x00000222d88bd6e0 nmethod 4045 0x000002228395d610 code [0x000002228395d7c0, 0x000002228395d9c8]
Event: 9.151 Thread 0x00000222d88bd6e0 4046       3       java.lang.invoke.VarHandleGuards::guard_LII_Z (86 bytes)
Event: 9.866 Thread 0x00000222d88bd6e0 nmethod 4046 0x000002228395da90 code [0x000002228395ddc0, 0x000002228395f618]
Event: 9.866 Thread 0x00000222d88bd6e0 4051       3       java.util.concurrent.ScheduledThreadPoolExecutor$ScheduledFutureTask::compareTo (101 bytes)

GC Heap History (20 events):
Event: 1.222 GC heap before
{Heap before GC invocations=1 (full 0):
 PSYoungGen      total 29696K, used 25600K [0x00000000d5580000, 0x00000000d7680000, 0x0000000100000000)
  eden space 25600K, 100% used [0x00000000d5580000,0x00000000d6e80000,0x00000000d6e80000)
  from space 4096K, 0% used [0x00000000d7280000,0x00000000d7280000,0x00000000d7680000)
  to   space 4096K, 0% used [0x00000000d6e80000,0x00000000d6e80000,0x00000000d7280000)
 ParOldGen       total 68608K, used 0K [0x0000000080000000, 0x0000000084300000, 0x00000000d5580000)
  object space 68608K, 0% used [0x0000000080000000,0x0000000080000000,0x0000000084300000)
 Metaspace       used 4287K, committed 4544K, reserved 1114112K
  class space    used 469K, committed 576K, reserved 1048576K
}
Event: 1.230 GC heap after
{Heap after GC invocations=1 (full 0):
 PSYoungGen      total 29696K, used 3319K [0x00000000d5580000, 0x00000000d7680000, 0x0000000100000000)
  eden space 25600K, 0% used [0x00000000d5580000,0x00000000d5580000,0x00000000d6e80000)
  from space 4096K, 81% used [0x00000000d6e80000,0x00000000d71bde28,0x00000000d7280000)
  to   space 4096K, 0% used [0x00000000d7280000,0x00000000d7280000,0x00000000d7680000)
 ParOldGen       total 68608K, used 16K [0x0000000080000000, 0x0000000084300000, 0x00000000d5580000)
  object space 68608K, 0% used [0x0000000080000000,0x0000000080004000,0x0000000084300000)
 Metaspace       used 4287K, committed 4544K, reserved 1114112K
  class space    used 469K, committed 576K, reserved 1048576K
}
Event: 1.976 GC heap before
{Heap before GC invocations=2 (full 0):
 PSYoungGen      total 29696K, used 28919K [0x00000000d5580000, 0x00000000d7680000, 0x0000000100000000)
  eden space 25600K, 100% used [0x00000000d5580000,0x00000000d6e80000,0x00000000d6e80000)
  from space 4096K, 81% used [0x00000000d6e80000,0x00000000d71bde28,0x00000000d7280000)
  to   space 4096K, 0% used [0x00000000d7280000,0x00000000d7280000,0x00000000d7680000)
 ParOldGen       total 68608K, used 16K [0x0000000080000000, 0x0000000084300000, 0x00000000d5580000)
  object space 68608K, 0% used [0x0000000080000000,0x0000000080004000,0x0000000084300000)
 Metaspace       used 7977K, committed 8192K, reserved 1114112K
  class space    used 837K, committed 960K, reserved 1048576K
}
Event: 1.983 GC heap after
{Heap after GC invocations=2 (full 0):
 PSYoungGen      total 29696K, used 4069K [0x00000000d5580000, 0x00000000d7680000, 0x0000000100000000)
  eden space 25600K, 0% used [0x00000000d5580000,0x00000000d5580000,0x00000000d6e80000)
  from space 4096K, 99% used [0x00000000d7280000,0x00000000d76797a0,0x00000000d7680000)
  to   space 4096K, 0% used [0x00000000d6e80000,0x00000000d6e80000,0x00000000d7280000)
 ParOldGen       total 68608K, used 1773K [0x0000000080000000, 0x0000000084300000, 0x00000000d5580000)
  object space 68608K, 2% used [0x0000000080000000,0x00000000801bb728,0x0000000084300000)
 Metaspace       used 7977K, committed 8192K, reserved 1114112K
  class space    used 837K, committed 960K, reserved 1048576K
}
Event: 2.424 GC heap before
{Heap before GC invocations=3 (full 0):
 PSYoungGen      total 29696K, used 29669K [0x00000000d5580000, 0x00000000d7680000, 0x0000000100000000)
  eden space 25600K, 100% used [0x00000000d5580000,0x00000000d6e80000,0x00000000d6e80000)
  from space 4096K, 99% used [0x00000000d7280000,0x00000000d76797a0,0x00000000d7680000)
  to   space 4096K, 0% used [0x00000000d6e80000,0x00000000d6e80000,0x00000000d7280000)
 ParOldGen       total 68608K, used 1773K [0x0000000080000000, 0x0000000084300000, 0x00000000d5580000)
  object space 68608K, 2% used [0x0000000080000000,0x00000000801bb728,0x0000000084300000)
 Metaspace       used 9407K, committed 9728K, reserved 1114112K
  class space    used 1006K, committed 1152K, reserved 1048576K
}
Event: 2.430 GC heap after
{Heap after GC invocations=3 (full 0):
 PSYoungGen      total 29696K, used 4073K [0x00000000d5580000, 0x00000000d7680000, 0x0000000100000000)
  eden space 25600K, 0% used [0x00000000d5580000,0x00000000d5580000,0x00000000d6e80000)
  from space 4096K, 99% used [0x00000000d6e80000,0x00000000d727a480,0x00000000d7280000)
  to   space 4096K, 0% used [0x00000000d7280000,0x00000000d7280000,0x00000000d7680000)
 ParOldGen       total 68608K, used 4844K [0x0000000080000000, 0x0000000084300000, 0x00000000d5580000)
  object space 68608K, 7% used [0x0000000080000000,0x00000000804bb220,0x0000000084300000)
 Metaspace       used 9407K, committed 9728K, reserved 1114112K
  class space    used 1006K, committed 1152K, reserved 1048576K
}
Event: 4.103 GC heap before
{Heap before GC invocations=4 (full 0):
 PSYoungGen      total 29696K, used 29673K [0x00000000d5580000, 0x00000000d7680000, 0x0000000100000000)
  eden space 25600K, 100% used [0x00000000d5580000,0x00000000d6e80000,0x00000000d6e80000)
  from space 4096K, 99% used [0x00000000d6e80000,0x00000000d727a480,0x00000000d7280000)
  to   space 4096K, 0% used [0x00000000d7280000,0x00000000d7280000,0x00000000d7680000)
 ParOldGen       total 68608K, used 4844K [0x0000000080000000, 0x0000000084300000, 0x00000000d5580000)
  object space 68608K, 7% used [0x0000000080000000,0x00000000804bb220,0x0000000084300000)
 Metaspace       used 12087K, committed 12480K, reserved 1114112K
  class space    used 1292K, committed 1472K, reserved 1048576K
}
Event: 4.106 GC heap after
{Heap after GC invocations=4 (full 0):
 PSYoungGen      total 29696K, used 4084K [0x00000000d5580000, 0x00000000d7680000, 0x0000000100000000)
  eden space 25600K, 0% used [0x00000000d5580000,0x00000000d5580000,0x00000000d6e80000)
  from space 4096K, 99% used [0x00000000d7280000,0x00000000d767d328,0x00000000d7680000)
  to   space 4096K, 0% used [0x00000000d6e80000,0x00000000d6e80000,0x00000000d7280000)
 ParOldGen       total 68608K, used 6197K [0x0000000080000000, 0x0000000084300000, 0x00000000d5580000)
  object space 68608K, 9% used [0x0000000080000000,0x000000008060d7c0,0x0000000084300000)
 Metaspace       used 12087K, committed 12480K, reserved 1114112K
  class space    used 1292K, committed 1472K, reserved 1048576K
}
Event: 4.438 GC heap before
{Heap before GC invocations=5 (full 0):
 PSYoungGen      total 29696K, used 29684K [0x00000000d5580000, 0x00000000d7680000, 0x0000000100000000)
  eden space 25600K, 100% used [0x00000000d5580000,0x00000000d6e80000,0x00000000d6e80000)
  from space 4096K, 99% used [0x00000000d7280000,0x00000000d767d328,0x00000000d7680000)
  to   space 4096K, 0% used [0x00000000d6e80000,0x00000000d6e80000,0x00000000d7280000)
 ParOldGen       total 68608K, used 6197K [0x0000000080000000, 0x0000000084300000, 0x00000000d5580000)
  object space 68608K, 9% used [0x0000000080000000,0x000000008060d7c0,0x0000000084300000)
 Metaspace       used 15455K, committed 16128K, reserved 1114112K
  class space    used 1619K, committed 1920K, reserved 1048576K
}
Event: 5.449 GC heap after
{Heap after GC invocations=5 (full 0):
 PSYoungGen      total 29184K, used 4076K [0x00000000d5580000, 0x00000000d7e00000, 0x0000000100000000)
  eden space 25088K, 0% used [0x00000000d5580000,0x00000000d5580000,0x00000000d6e00000)
  from space 4096K, 99% used [0x00000000d6e80000,0x00000000d727b020,0x00000000d7280000)
  to   space 8192K, 0% used [0x00000000d7600000,0x00000000d7600000,0x00000000d7e00000)
 ParOldGen       total 68608K, used 9659K [0x0000000080000000, 0x0000000084300000, 0x00000000d5580000)
  object space 68608K, 14% used [0x0000000080000000,0x000000008096ec40,0x0000000084300000)
 Metaspace       used 15455K, committed 16128K, reserved 1114112K
  class space    used 1619K, committed 1920K, reserved 1048576K
}
Event: 7.679 GC heap before
{Heap before GC invocations=6 (full 0):
 PSYoungGen      total 29184K, used 29164K [0x00000000d5580000, 0x00000000d7e00000, 0x0000000100000000)
  eden space 25088K, 100% used [0x00000000d5580000,0x00000000d6e00000,0x00000000d6e00000)
  from space 4096K, 99% used [0x00000000d6e80000,0x00000000d727b020,0x00000000d7280000)
  to   space 8192K, 0% used [0x00000000d7600000,0x00000000d7600000,0x00000000d7e00000)
 ParOldGen       total 68608K, used 9659K [0x0000000080000000, 0x0000000084300000, 0x00000000d5580000)
  object space 68608K, 14% used [0x0000000080000000,0x000000008096ec40,0x0000000084300000)
 Metaspace       used 18561K, committed 19392K, reserved 1114112K
  class space    used 1952K, committed 2304K, reserved 1048576K
}
Event: 7.684 GC heap after
{Heap after GC invocations=6 (full 0):
 PSYoungGen      total 29696K, used 5085K [0x00000000d5580000, 0x00000000d7b00000, 0x0000000100000000)
  eden space 24576K, 0% used [0x00000000d5580000,0x00000000d5580000,0x00000000d6d80000)
  from space 5120K, 99% used [0x00000000d7600000,0x00000000d7af7680,0x00000000d7b00000)
  to   space 6144K, 0% used [0x00000000d6f00000,0x00000000d6f00000,0x00000000d7500000)
 ParOldGen       total 68608K, used 9667K [0x0000000080000000, 0x0000000084300000, 0x00000000d5580000)
  object space 68608K, 14% used [0x0000000080000000,0x0000000080970c40,0x0000000084300000)
 Metaspace       used 18561K, committed 19392K, reserved 1114112K
  class space    used 1952K, committed 2304K, reserved 1048576K
}
Event: 8.135 GC heap before
{Heap before GC invocations=7 (full 0):
 PSYoungGen      total 29696K, used 26477K [0x00000000d5580000, 0x00000000d7b00000, 0x0000000100000000)
  eden space 24576K, 87% used [0x00000000d5580000,0x00000000d6a64050,0x00000000d6d80000)
  from space 5120K, 99% used [0x00000000d7600000,0x00000000d7af7680,0x00000000d7b00000)
  to   space 6144K, 0% used [0x00000000d6f00000,0x00000000d6f00000,0x00000000d7500000)
 ParOldGen       total 68608K, used 9667K [0x0000000080000000, 0x0000000084300000, 0x00000000d5580000)
  object space 68608K, 14% used [0x0000000080000000,0x0000000080970c40,0x0000000084300000)
 Metaspace       used 20762K, committed 21504K, reserved 1114112K
  class space    used 2195K, committed 2560K, reserved 1048576K
}
Event: 8.139 GC heap after
{Heap after GC invocations=7 (full 0):
 PSYoungGen      total 29696K, used 4654K [0x00000000d5580000, 0x00000000d7780000, 0x0000000100000000)
  eden space 24576K, 0% used [0x00000000d5580000,0x00000000d5580000,0x00000000d6d80000)
  from space 5120K, 90% used [0x00000000d6f00000,0x00000000d738bae0,0x00000000d7400000)
  to   space 3584K, 0% used [0x00000000d7400000,0x00000000d7400000,0x00000000d7780000)
 ParOldGen       total 68608K, used 11039K [0x0000000080000000, 0x0000000084300000, 0x00000000d5580000)
  object space 68608K, 16% used [0x0000000080000000,0x0000000080ac7c38,0x0000000084300000)
 Metaspace       used 20762K, committed 21504K, reserved 1114112K
  class space    used 2195K, committed 2560K, reserved 1048576K
}
Event: 8.139 GC heap before
{Heap before GC invocations=8 (full 1):
 PSYoungGen      total 29696K, used 4654K [0x00000000d5580000, 0x00000000d7780000, 0x0000000100000000)
  eden space 24576K, 0% used [0x00000000d5580000,0x00000000d5580000,0x00000000d6d80000)
  from space 5120K, 90% used [0x00000000d6f00000,0x00000000d738bae0,0x00000000d7400000)
  to   space 3584K, 0% used [0x00000000d7400000,0x00000000d7400000,0x00000000d7780000)
 ParOldGen       total 68608K, used 11039K [0x0000000080000000, 0x0000000084300000, 0x00000000d5580000)
  object space 68608K, 16% used [0x0000000080000000,0x0000000080ac7c38,0x0000000084300000)
 Metaspace       used 20762K, committed 21504K, reserved 1114112K
  class space    used 2195K, committed 2560K, reserved 1048576K
}
Event: 8.180 GC heap after
{Heap after GC invocations=8 (full 1):
 PSYoungGen      total 29696K, used 0K [0x00000000d5580000, 0x00000000d7780000, 0x0000000100000000)
  eden space 24576K, 0% used [0x00000000d5580000,0x00000000d5580000,0x00000000d6d80000)
  from space 5120K, 0% used [0x00000000d6f00000,0x00000000d6f00000,0x00000000d7400000)
  to   space 3584K, 0% used [0x00000000d7400000,0x00000000d7400000,0x00000000d7780000)
 ParOldGen       total 68608K, used 15021K [0x0000000080000000, 0x0000000084300000, 0x00000000d5580000)
  object space 68608K, 21% used [0x0000000080000000,0x0000000080eab4e0,0x0000000084300000)
 Metaspace       used 20750K, committed 21504K, reserved 1114112K
  class space    used 2192K, committed 2560K, reserved 1048576K
}
Event: 8.413 GC heap before
{Heap before GC invocations=9 (full 1):
 PSYoungGen      total 29696K, used 24534K [0x00000000d5580000, 0x00000000d7780000, 0x0000000100000000)
  eden space 24576K, 99% used [0x00000000d5580000,0x00000000d6d75a70,0x00000000d6d80000)
  from space 5120K, 0% used [0x00000000d6f00000,0x00000000d6f00000,0x00000000d7400000)
  to   space 3584K, 0% used [0x00000000d7400000,0x00000000d7400000,0x00000000d7780000)
 ParOldGen       total 68608K, used 15021K [0x0000000080000000, 0x0000000084300000, 0x00000000d5580000)
  object space 68608K, 21% used [0x0000000080000000,0x0000000080eab4e0,0x0000000084300000)
 Metaspace       used 23148K, committed 24000K, reserved 1114112K
  class space    used 2346K, committed 2752K, reserved 1048576K
}
Event: 8.415 GC heap after
{Heap after GC invocations=9 (full 1):
 PSYoungGen      total 25600K, used 1201K [0x00000000d5580000, 0x00000000d7580000, 0x0000000100000000)
  eden space 24064K, 0% used [0x00000000d5580000,0x00000000d5580000,0x00000000d6d00000)
  from space 1536K, 78% used [0x00000000d7400000,0x00000000d752c750,0x00000000d7580000)
  to   space 2560K, 0% used [0x00000000d7080000,0x00000000d7080000,0x00000000d7300000)
 ParOldGen       total 68608K, used 15021K [0x0000000080000000, 0x0000000084300000, 0x00000000d5580000)
  object space 68608K, 21% used [0x0000000080000000,0x0000000080eab4e0,0x0000000084300000)
 Metaspace       used 23148K, committed 24000K, reserved 1114112K
  class space    used 2346K, committed 2752K, reserved 1048576K
}
Event: 8.689 GC heap before
{Heap before GC invocations=10 (full 1):
 PSYoungGen      total 25600K, used 25265K [0x00000000d5580000, 0x00000000d7580000, 0x0000000100000000)
  eden space 24064K, 100% used [0x00000000d5580000,0x00000000d6d00000,0x00000000d6d00000)
  from space 1536K, 78% used [0x00000000d7400000,0x00000000d752c750,0x00000000d7580000)
  to   space 2560K, 0% used [0x00000000d7080000,0x00000000d7080000,0x00000000d7300000)
 ParOldGen       total 68608K, used 15021K [0x0000000080000000, 0x0000000084300000, 0x00000000d5580000)
  object space 68608K, 21% used [0x0000000080000000,0x0000000080eab4e0,0x0000000084300000)
 Metaspace       used 26453K, committed 27328K, reserved 1114112K
  class space    used 2597K, committed 2944K, reserved 1048576K
}
Event: 8.691 GC heap after
{Heap after GC invocations=10 (full 1):
 PSYoungGen      total 26112K, used 2537K [0x00000000d5580000, 0x00000000d7480000, 0x0000000100000000)
  eden space 23552K, 0% used [0x00000000d5580000,0x00000000d5580000,0x00000000d6c80000)
  from space 2560K, 99% used [0x00000000d7080000,0x00000000d72fa5c0,0x00000000d7300000)
  to   space 1536K, 0% used [0x00000000d7300000,0x00000000d7300000,0x00000000d7480000)
 ParOldGen       total 68608K, used 15405K [0x0000000080000000, 0x0000000084300000, 0x00000000d5580000)
  object space 68608K, 22% used [0x0000000080000000,0x0000000080f0b4e0,0x0000000084300000)
 Metaspace       used 26453K, committed 27328K, reserved 1114112K
  class space    used 2597K, committed 2944K, reserved 1048576K
}

Dll operation events (10 events):
Event: 0.109 Loaded shared library c:\Users\waniw\.vscode\extensions\redhat.java-1.46.0-win32-x64\jre\21.0.8-win32-x86_64\bin\java.dll
Event: 0.224 Loaded shared library c:\Users\waniw\.vscode\extensions\redhat.java-1.46.0-win32-x64\jre\21.0.8-win32-x86_64\bin\zip.dll
Event: 0.258 Loaded shared library C:\Users\waniw\.vscode\extensions\redhat.java-1.46.0-win32-x64\jre\21.0.8-win32-x86_64\bin\instrument.dll
Event: 0.265 Loaded shared library C:\Users\waniw\.vscode\extensions\redhat.java-1.46.0-win32-x64\jre\21.0.8-win32-x86_64\bin\net.dll
Event: 0.268 Loaded shared library C:\Users\waniw\.vscode\extensions\redhat.java-1.46.0-win32-x64\jre\21.0.8-win32-x86_64\bin\nio.dll
Event: 0.276 Loaded shared library C:\Users\waniw\.vscode\extensions\redhat.java-1.46.0-win32-x64\jre\21.0.8-win32-x86_64\bin\zip.dll
Event: 0.301 Loaded shared library C:\Users\waniw\.vscode\extensions\redhat.java-1.46.0-win32-x64\jre\21.0.8-win32-x86_64\bin\jimage.dll
Event: 0.416 Loaded shared library c:\Users\waniw\.vscode\extensions\redhat.java-1.46.0-win32-x64\jre\21.0.8-win32-x86_64\bin\verify.dll
Event: 1.993 Loaded shared library C:\Users\waniw\AppData\Roaming\Code\User\globalStorage\redhat.java\1.46.0\config_win\org.eclipse.equinox.launcher\org.eclipse.equinox.launcher.win32.win32.x86_64_1.2.1400.v20250801-0854\eclipse_11916.dll
Event: 7.235 Loaded shared library C:\Users\waniw\AppData\Local\Temp\jna-112897810\jna13763417079670703871.dll

Deoptimization events (20 events):
Event: 7.896 Thread 0x00000222de962050 DEOPT PACKING pc=0x0000022283228506 sp=0x0000002e4ccf0c70
Event: 7.896 Thread 0x00000222de962050 DEOPT UNPACKING pc=0x000002228a6b4242 sp=0x0000002e4ccf00f0 mode 0
Event: 7.898 Thread 0x00000222de962050 DEOPT PACKING pc=0x0000022283228506 sp=0x0000002e4ccf0ec0
Event: 7.898 Thread 0x00000222de962050 DEOPT UNPACKING pc=0x000002228a6b4242 sp=0x0000002e4ccf0340 mode 0
Event: 7.980 Thread 0x00000222de962050 Uncommon trap: trap_request=0xffffff45 fr.pc=0x000002228ac2718c relative=0x000000000000042c
Event: 7.980 Thread 0x00000222de962050 Uncommon trap: reason=unstable_if action=reinterpret pc=0x000002228ac2718c method=java.lang.StringLatin1.canEncode(I)Z @ 4 c2
Event: 7.980 Thread 0x00000222de962050 DEOPT PACKING pc=0x000002228ac2718c sp=0x0000002e4ccf2e80
Event: 7.980 Thread 0x00000222de962050 DEOPT UNPACKING pc=0x000002228a6b3aa2 sp=0x0000002e4ccf2db8 mode 2
Event: 7.980 Thread 0x00000222de962050 Uncommon trap: trap_request=0xffffff45 fr.pc=0x000002228ac27eec relative=0x000000000000040c
Event: 7.980 Thread 0x00000222de962050 Uncommon trap: reason=unstable_if action=reinterpret pc=0x000002228ac27eec method=java.lang.AbstractStringBuilder.isLatin1()Z @ 10 c2
Event: 7.980 Thread 0x00000222de962050 DEOPT PACKING pc=0x000002228ac27eec sp=0x0000002e4ccf2ea0
Event: 7.980 Thread 0x00000222de962050 DEOPT UNPACKING pc=0x000002228a6b3aa2 sp=0x0000002e4ccf2e30 mode 2
Event: 7.980 Thread 0x00000222de962050 Uncommon trap: trap_request=0xffffff45 fr.pc=0x000002228ac31068 relative=0x0000000000000048
Event: 7.980 Thread 0x00000222de962050 Uncommon trap: reason=unstable_if action=reinterpret pc=0x000002228ac31068 method=java.lang.StringLatin1.canEncode(I)Z @ 4 c2
Event: 7.980 Thread 0x00000222de962050 DEOPT PACKING pc=0x000002228ac31068 sp=0x0000002e4ccf2e30
Event: 7.980 Thread 0x00000222de962050 DEOPT UNPACKING pc=0x000002228a6b3aa2 sp=0x0000002e4ccf2dc0 mode 2
Event: 8.563 Thread 0x00000222de962050 Uncommon trap: trap_request=0xffffff45 fr.pc=0x000002228adab6a4 relative=0x0000000000000364
Event: 8.563 Thread 0x00000222de962050 Uncommon trap: reason=unstable_if action=reinterpret pc=0x000002228adab6a4 method=org.lombokweb.asm.Label.resolve([BLorg/lombokweb/asm/ByteVector;I)Z @ 81 c2
Event: 8.563 Thread 0x00000222de962050 DEOPT PACKING pc=0x000002228adab6a4 sp=0x0000002e4ccf2830
Event: 8.563 Thread 0x00000222de962050 DEOPT UNPACKING pc=0x000002228a6b3aa2 sp=0x0000002e4ccf2738 mode 2

Classes loaded (20 events):
Event: 8.238 Loading class java/io/StringReader
Event: 8.238 Loading class java/io/StringReader done
Event: 8.259 Loading class java/net/SocketTimeoutException
Event: 8.259 Loading class java/io/InterruptedIOException
Event: 8.259 Loading class java/io/InterruptedIOException done
Event: 8.259 Loading class java/net/SocketTimeoutException done
Event: 8.259 Loading class java/net/SocketException
Event: 8.259 Loading class java/net/SocketException done
Event: 8.259 Loading class java/net/UnknownHostException
Event: 8.259 Loading class java/net/UnknownHostException done
Event: 8.259 Loading class java/net/ProtocolException
Event: 8.259 Loading class java/net/ProtocolException done
Event: 8.278 Loading class java/lang/ThreadLocal$SuppliedThreadLocal
Event: 8.279 Loading class java/lang/ThreadLocal$SuppliedThreadLocal done
Event: 8.286 Loading class java/io/FileWriter
Event: 8.286 Loading class java/io/FileWriter done
Event: 8.286 Loading class java/lang/NegativeArraySizeException
Event: 8.286 Loading class java/lang/NegativeArraySizeException done
Event: 8.713 Loading class org/w3c/dom/DOMException
Event: 8.713 Loading class org/w3c/dom/DOMException done

Classes unloaded (7 events):
Event: 8.145 Thread 0x0000022296314ab0 Unloading class 0x00000222981b0c00 'java/lang/invoke/LambdaForm$MH+0x00000222981b0c00'
Event: 8.145 Thread 0x0000022296314ab0 Unloading class 0x00000222981b0800 'java/lang/invoke/LambdaForm$MH+0x00000222981b0800'
Event: 8.145 Thread 0x0000022296314ab0 Unloading class 0x00000222981b0400 'java/lang/invoke/LambdaForm$MH+0x00000222981b0400'
Event: 8.145 Thread 0x0000022296314ab0 Unloading class 0x00000222981b0000 'java/lang/invoke/LambdaForm$MH+0x00000222981b0000'
Event: 8.145 Thread 0x0000022296314ab0 Unloading class 0x00000222981afc00 'java/lang/invoke/LambdaForm$BMH+0x00000222981afc00'
Event: 8.145 Thread 0x0000022296314ab0 Unloading class 0x00000222981af800 'java/lang/invoke/LambdaForm$DMH+0x00000222981af800'
Event: 8.145 Thread 0x0000022296314ab0 Unloading class 0x00000222981ae400 'java/lang/invoke/LambdaForm$DMH+0x00000222981ae400'

Classes redefined (0 events):
No events

Internal exceptions (20 events):
Event: 7.288 Thread 0x00000222de962050 Exception <a 'java/lang/NoSuchMethodError'{0x00000000d5d69850}: 'void java.lang.invoke.Invokers$Holder.invokeExact_MT(java.lang.Object, java.lang.Object, int, java.lang.Object)'> (0x00000000d5d69850) 
thrown [s\src\hotspot\share\interpreter\linkResolver.cpp, line 773]
Event: 7.397 Thread 0x00000222de962050 Exception <a 'java/lang/NoSuchMethodError'{0x00000000d5f283f0}: 'java.lang.Object java.lang.invoke.DirectMethodHandle$Holder.invokeSpecial(java.lang.Object, java.lang.Object, java.lang.Object, long, java.lang.Object)'> (0x00000000d5f283f0) 
thrown [s\src\hotspot\share\interpreter\linkResolver.cpp, line 773]
Event: 7.397 Thread 0x00000222de962050 Exception <a 'java/lang/NoSuchMethodError'{0x00000000d5f2fe78}: 'java.lang.Object java.lang.invoke.DirectMethodHandle$Holder.newInvokeSpecial(java.lang.Object, java.lang.Object, java.lang.Object, long)'> (0x00000000d5f2fe78) 
thrown [s\src\hotspot\share\interpreter\linkResolver.cpp, line 773]
Event: 7.398 Thread 0x00000222de962050 Exception <a 'java/lang/NoSuchMethodError'{0x00000000d5f34268}: 'java.lang.Object java.lang.invoke.DirectMethodHandle$Holder.invokeSpecial(java.lang.Object, java.lang.Object, java.lang.Object, java.lang.Object, long)'> (0x00000000d5f34268) 
thrown [s\src\hotspot\share\interpreter\linkResolver.cpp, line 773]
Event: 7.398 Thread 0x00000222de962050 Exception <a 'java/lang/NoSuchMethodError'{0x00000000d5f37e88}: 'java.lang.Object java.lang.invoke.Invokers$Holder.linkToTargetMethod(java.lang.Object, java.lang.Object, long, java.lang.Object)'> (0x00000000d5f37e88) 
thrown [s\src\hotspot\share\interpreter\linkResolver.cpp, line 773]
Event: 7.408 Thread 0x00000222de962050 Exception <a 'java/lang/NoSuchMethodError'{0x00000000d5fadd20}: 'int java.lang.invoke.DirectMethodHandle$Holder.invokeStaticInit(java.lang.Object, java.lang.Object, java.lang.Object)'> (0x00000000d5fadd20) 
thrown [s\src\hotspot\share\interpreter\linkResolver.cpp, line 773]
Event: 7.417 Thread 0x00000222de962050 Exception <a 'java/lang/IncompatibleClassChangeError'{0x00000000d604d930}: Found class java.lang.Object, but interface was expected> (0x00000000d604d930) 
thrown [s\src\hotspot\share\interpreter\linkResolver.cpp, line 840]
Event: 7.445 Thread 0x00000222de962050 Exception <a 'java/lang/NoSuchMethodError'{0x00000000d6095df0}: 'java.lang.Object java.lang.invoke.DirectMethodHandle$Holder.invokeSpecial(java.lang.Object, java.lang.Object, java.lang.Object, int, java.lang.Object, java.lang.Object)'> (0x00000000d6095df0) 
thrown [s\src\hotspot\share\interpreter\linkResolver.cpp, line 773]
Event: 7.446 Thread 0x00000222de962050 Exception <a 'java/lang/NoSuchMethodError'{0x00000000d609d808}: 'java.lang.Object java.lang.invoke.DirectMethodHandle$Holder.newInvokeSpecial(java.lang.Object, java.lang.Object, java.lang.Object, int, java.lang.Object)'> (0x00000000d609d808) 
thrown [s\src\hotspot\share\interpreter\linkResolver.cpp, line 773]
Event: 7.446 Thread 0x00000222de962050 Exception <a 'java/lang/NoSuchMethodError'{0x00000000d60a17c8}: 'java.lang.Object java.lang.invoke.DirectMethodHandle$Holder.invokeSpecial(java.lang.Object, java.lang.Object, java.lang.Object, java.lang.Object, int, java.lang.Object)'> (0x00000000d60a17c8) 
thrown [s\src\hotspot\share\interpreter\linkResolver.cpp, line 773]
Event: 7.446 Thread 0x00000222de962050 Exception <a 'java/lang/NoSuchMethodError'{0x00000000d60a5308}: 'java.lang.Object java.lang.invoke.Invokers$Holder.linkToTargetMethod(java.lang.Object, java.lang.Object, int, java.lang.Object, java.lang.Object)'> (0x00000000d60a5308) 
thrown [s\src\hotspot\share\interpreter\linkResolver.cpp, line 773]
Event: 7.447 Thread 0x00000222deba3a70 Exception <a 'java/lang/NoSuchMethodError'{0x00000000d5f8fd08}: 'java.lang.Object java.lang.invoke.DirectMethodHandle$Holder.invokeSpecial(java.lang.Object, java.lang.Object, int, java.lang.Object, java.lang.Object)'> (0x00000000d5f8fd08) 
thrown [s\src\hotspot\share\interpreter\linkResolver.cpp, line 773]
Event: 7.462 Thread 0x00000222de962050 Exception <a 'java/lang/NoSuchMethodError'{0x00000000d61a84f0}: 'void java.lang.invoke.DirectMethodHandle$Holder.invokeSpecial(java.lang.Object, java.lang.Object, java.lang.Object, java.lang.Object, java.lang.Object)'> (0x00000000d61a84f0) 
thrown [s\src\hotspot\share\interpreter\linkResolver.cpp, line 773]
Event: 7.603 Thread 0x00000222de962050 Exception <a 'java/lang/NoSuchMethodError'{0x00000000d69575d8}: 'java.lang.Object java.lang.invoke.DirectMethodHandle$Holder.invokeInterface(java.lang.Object, java.lang.Object, java.lang.Object)'> (0x00000000d69575d8) 
thrown [s\src\hotspot\share\interpreter\linkResolver.cpp, line 773]
Event: 7.676 Thread 0x00000222de962050 Exception <a 'java/lang/NoSuchMethodError'{0x00000000d6dca7b8}: 'java.lang.Object java.lang.invoke.Invokers$Holder.linkToTargetMethod(java.lang.Object, long, java.lang.Object, java.lang.Object)'> (0x00000000d6dca7b8) 
thrown [s\src\hotspot\share\interpreter\linkResolver.cpp, line 773]
Event: 7.913 Thread 0x00000222de962050 Exception <a 'java/io/FileNotFoundException'{0x00000000d5d102a8}> (0x00000000d5d102a8) 
thrown [s\src\hotspot\share\prims\jni.cpp, line 520]
Event: 7.915 Thread 0x00000222de962050 Exception <a 'java/lang/NoSuchMethodError'{0x00000000d5d18860}: 'java.lang.Object java.lang.invoke.DirectMethodHandle$Holder.newInvokeSpecial(java.lang.Object, int, java.lang.Object, java.lang.Object)'> (0x00000000d5d18860) 
thrown [s\src\hotspot\share\interpreter\linkResolver.cpp, line 773]
Event: 8.059 Thread 0x00000222de962050 Exception <a 'java/lang/NoSuchMethodError'{0x00000000d657aa18}: 'long java.lang.invoke.Invokers$Holder.invokeExact_MT(java.lang.Object, java.lang.Object)'> (0x00000000d657aa18) 
thrown [s\src\hotspot\share\interpreter\linkResolver.cpp, line 773]
Event: 8.220 Thread 0x00000222de962050 Exception <a 'java/lang/NoSuchMethodError'{0x00000000d579aab0}: 'double java.lang.invoke.DirectMethodHandle$Holder.invokeStatic(java.lang.Object, java.lang.Object)'> (0x00000000d579aab0) 
thrown [s\src\hotspot\share\interpreter\linkResolver.cpp, line 773]
Event: 8.220 Thread 0x00000222de962050 Exception <a 'java/lang/NoSuchMethodError'{0x00000000d579e140}: 'double java.lang.invoke.DirectMethodHandle$Holder.invokeStaticInit(java.lang.Object, java.lang.Object)'> (0x00000000d579e140) 
thrown [s\src\hotspot\share\interpreter\linkResolver.cpp, line 773]

ZGC Phase Switch (0 events):
No events

VM Operations (20 events):
Event: 7.245 Executing VM operation: HandshakeAllThreads (Deoptimize)
Event: 7.245 Executing VM operation: HandshakeAllThreads (Deoptimize) done
Event: 7.524 Executing VM operation: HandshakeAllThreads (Deoptimize)
Event: 7.524 Executing VM operation: HandshakeAllThreads (Deoptimize) done
Event: 7.566 Executing VM operation: HandshakeAllThreads (Deoptimize)
Event: 7.566 Executing VM operation: HandshakeAllThreads (Deoptimize) done
Event: 7.573 Executing VM operation: HandshakeAllThreads (Deoptimize)
Event: 7.573 Executing VM operation: HandshakeAllThreads (Deoptimize) done
Event: 7.645 Executing VM operation: ICBufferFull
Event: 7.645 Executing VM operation: ICBufferFull done
Event: 7.679 Executing VM operation: ParallelGCFailedAllocation (Allocation Failure)
Event: 7.684 Executing VM operation: ParallelGCFailedAllocation (Allocation Failure) done
Event: 8.135 Executing VM operation: CollectForMetadataAllocation (Metadata GC Threshold)
Event: 8.180 Executing VM operation: CollectForMetadataAllocation (Metadata GC Threshold) done
Event: 8.180 Executing VM operation: CollectForMetadataAllocation (Metadata GC Threshold)
Event: 8.180 Executing VM operation: CollectForMetadataAllocation (Metadata GC Threshold) done
Event: 8.413 Executing VM operation: ParallelGCFailedAllocation (Allocation Failure)
Event: 8.415 Executing VM operation: ParallelGCFailedAllocation (Allocation Failure) done
Event: 8.689 Executing VM operation: ParallelGCFailedAllocation (Allocation Failure)
Event: 8.691 Executing VM operation: ParallelGCFailedAllocation (Allocation Failure) done

Memory protections (0 events):
No events

Nmethod flushes (0 events):
No events

Events (20 events):
Event: 0.164 Thread 0x00000222faadcd70 Thread added: 0x00000222fcf48470
Event: 0.164 Thread 0x00000222faadcd70 Thread added: 0x00000222fcf4e9f0
Event: 0.164 Thread 0x00000222faadcd70 Thread added: 0x00000222fcf56780
Event: 0.164 Thread 0x00000222faadcd70 Thread added: 0x00000222d88ba4c0
Event: 0.165 Thread 0x00000222faadcd70 Thread added: 0x00000222d88bd6e0
Event: 0.205 Thread 0x00000222faadcd70 Thread added: 0x00000222fcf14040
Event: 0.237 Thread 0x00000222d88bd6e0 Thread added: 0x00000222d8a89b70
Event: 0.597 Thread 0x00000222faadcd70 Thread added: 0x00000222d8bad060
Event: 1.701 Thread 0x00000222faadcd70 Thread added: 0x00000222de695a70
Event: 1.975 Thread 0x00000222faadcd70 Thread added: 0x00000222de92d7c0
Event: 2.022 Thread 0x00000222de92d7c0 Thread added: 0x00000222de961620
Event: 2.025 Thread 0x00000222faadcd70 Thread added: 0x00000222de962050
Event: 2.511 Thread 0x00000222de962050 Thread added: 0x00000222deb207d0
Event: 2.997 Thread 0x00000222de962050 Thread added: 0x00000222dea95400
Event: 3.587 Thread 0x00000222d8a89b70 Thread exited: 0x00000222d8a89b70
Event: 4.258 Thread 0x00000222de962050 Thread added: 0x00000222deba2030
Event: 7.275 Thread 0x00000222de962050 Thread added: 0x00000222deba26c0
Event: 7.402 Thread 0x00000222de962050 Thread added: 0x00000222deba3a70
Event: 7.447 Thread 0x00000222de962050 Thread added: 0x00000222deba0c80
Event: 9.866 Thread 0x00000222deba0c80 Thread added: 0x00000222deba19a0


Dynamic libraries:
0x00007ff67f1c0000 - 0x00007ff67f1ce000 	c:\Users\waniw\.vscode\extensions\redhat.java-1.46.0-win32-x64\jre\21.0.8-win32-x86_64\bin\java.exe
0x00007ff839c00000 - 0x00007ff839e69000 	C:\WINDOWS\SYSTEM32\ntdll.dll
0x00007ff8384d0000 - 0x00007ff838599000 	C:\WINDOWS\System32\KERNEL32.DLL
0x00007ff836f10000 - 0x00007ff837303000 	C:\WINDOWS\System32\KERNELBASE.dll
0x00007ff837880000 - 0x00007ff8379cb000 	C:\WINDOWS\System32\ucrtbase.dll
0x00007ff8120a0000 - 0x00007ff8120b8000 	c:\Users\waniw\.vscode\extensions\redhat.java-1.46.0-win32-x64\jre\21.0.8-win32-x86_64\bin\jli.dll
0x00007ff837b60000 - 0x00007ff837d24000 	C:\WINDOWS\System32\USER32.dll
0x00007ff8376e0000 - 0x00007ff837707000 	C:\WINDOWS\System32\win32u.dll
0x00007ff839790000 - 0x00007ff8397bb000 	C:\WINDOWS\System32\GDI32.dll
0x00007ff837310000 - 0x00007ff83743d000 	C:\WINDOWS\System32\gdi32full.dll
0x00007ff837440000 - 0x00007ff8374e3000 	C:\WINDOWS\System32\msvcp_win.dll
0x00007ff811fd0000 - 0x00007ff811fee000 	c:\Users\waniw\.vscode\extensions\redhat.java-1.46.0-win32-x64\jre\21.0.8-win32-x86_64\bin\VCRUNTIME140.dll
0x00007ff81db30000 - 0x00007ff81ddc3000 	C:\WINDOWS\WinSxS\amd64_microsoft.windows.common-controls_6595b64144ccf1df_6.0.26100.5074_none_3e0d6f78e32fd63f\COMCTL32.dll
0x00007ff838fb0000 - 0x00007ff839059000 	C:\WINDOWS\System32\msvcrt.dll
0x00007ff839120000 - 0x00007ff83914f000 	C:\WINDOWS\System32\IMM32.DLL
0x00007ff813aa0000 - 0x00007ff813aac000 	c:\Users\waniw\.vscode\extensions\redhat.java-1.46.0-win32-x64\jre\21.0.8-win32-x86_64\bin\vcruntime140_1.dll
0x00007fffe4390000 - 0x00007fffe441d000 	c:\Users\waniw\.vscode\extensions\redhat.java-1.46.0-win32-x64\jre\21.0.8-win32-x86_64\bin\msvcp140.dll
0x00007fffb2b70000 - 0x00007fffb3907000 	c:\Users\waniw\.vscode\extensions\redhat.java-1.46.0-win32-x64\jre\21.0.8-win32-x86_64\bin\server\jvm.dll
0x00007ff8383a0000 - 0x00007ff838454000 	C:\WINDOWS\System32\ADVAPI32.dll
0x00007ff838e10000 - 0x00007ff838eb6000 	C:\WINDOWS\System32\sechost.dll
0x00007ff8385a0000 - 0x00007ff8386b8000 	C:\WINDOWS\System32\RPCRT4.dll
0x00007ff839a80000 - 0x00007ff839af4000 	C:\WINDOWS\System32\WS2_32.dll
0x00007ff836c10000 - 0x00007ff836c6e000 	C:\WINDOWS\SYSTEM32\POWRPROF.dll
0x00007ff82f940000 - 0x00007ff82f94b000 	C:\WINDOWS\SYSTEM32\VERSION.dll
0x00007ff82ede0000 - 0x00007ff82ee15000 	C:\WINDOWS\SYSTEM32\WINMM.dll
0x00007ff836bf0000 - 0x00007ff836c04000 	C:\WINDOWS\SYSTEM32\UMPDC.dll
0x00007ff835b70000 - 0x00007ff835b8b000 	C:\WINDOWS\SYSTEM32\kernel.appcore.dll
0x00007ff813a10000 - 0x00007ff813a1a000 	c:\Users\waniw\.vscode\extensions\redhat.java-1.46.0-win32-x64\jre\21.0.8-win32-x86_64\bin\jimage.dll
0x00007ff8345a0000 - 0x00007ff8347e2000 	C:\WINDOWS\SYSTEM32\DBGHELP.DLL
0x00007ff839160000 - 0x00007ff8394db000 	C:\WINDOWS\System32\combase.dll
0x00007ff8397c0000 - 0x00007ff839897000 	C:\WINDOWS\System32\OLEAUT32.dll
0x00007ff81cc50000 - 0x00007ff81cc8d000 	C:\WINDOWS\SYSTEM32\dbgcore.DLL
0x00007ff837640000 - 0x00007ff8376d9000 	C:\WINDOWS\System32\bcryptPrimitives.dll
0x00007ff820570000 - 0x00007ff82057f000 	c:\Users\waniw\.vscode\extensions\redhat.java-1.46.0-win32-x64\jre\21.0.8-win32-x86_64\bin\instrument.dll
0x00007ff811f20000 - 0x00007ff811f3f000 	c:\Users\waniw\.vscode\extensions\redhat.java-1.46.0-win32-x64\jre\21.0.8-win32-x86_64\bin\java.dll
0x00007ff8386c0000 - 0x00007ff838e0d000 	C:\WINDOWS\System32\SHELL32.dll
0x00007ff837710000 - 0x00007ff83787c000 	C:\WINDOWS\System32\wintypes.dll
0x00007ff8349f0000 - 0x00007ff835249000 	C:\WINDOWS\SYSTEM32\windows.storage.dll
0x00007ff8394f0000 - 0x00007ff8395e0000 	C:\WINDOWS\System32\SHCORE.dll
0x00007ff8398b0000 - 0x00007ff839912000 	C:\WINDOWS\System32\shlwapi.dll
0x00007ff836cb0000 - 0x00007ff836cd9000 	C:\WINDOWS\SYSTEM32\profapi.dll
0x00007ff807110000 - 0x00007ff807128000 	c:\Users\waniw\.vscode\extensions\redhat.java-1.46.0-win32-x64\jre\21.0.8-win32-x86_64\bin\zip.dll
0x00007ff814db0000 - 0x00007ff814dc0000 	C:\Users\waniw\.vscode\extensions\redhat.java-1.46.0-win32-x64\jre\21.0.8-win32-x86_64\bin\net.dll
0x00007ff82ff40000 - 0x00007ff83005f000 	C:\WINDOWS\SYSTEM32\WINHTTP.dll
0x00007ff8360f0000 - 0x00007ff83615b000 	C:\WINDOWS\system32\mswsock.dll
0x00007ff806b70000 - 0x00007ff806b86000 	C:\Users\waniw\.vscode\extensions\redhat.java-1.46.0-win32-x64\jre\21.0.8-win32-x86_64\bin\nio.dll
0x00007ff818c00000 - 0x00007ff818c10000 	c:\Users\waniw\.vscode\extensions\redhat.java-1.46.0-win32-x64\jre\21.0.8-win32-x86_64\bin\verify.dll
0x00007ffffdce0000 - 0x00007ffffdd24000 	C:\Users\waniw\AppData\Roaming\Code\User\globalStorage\redhat.java\1.46.0\config_win\org.eclipse.equinox.launcher\org.eclipse.equinox.launcher.win32.win32.x86_64_1.2.1400.v20250801-0854\eclipse_11916.dll
0x00007ff8395f0000 - 0x00007ff839788000 	C:\WINDOWS\System32\ole32.dll
0x00007ff836390000 - 0x00007ff8363ab000 	C:\WINDOWS\SYSTEM32\CRYPTSP.dll
0x00007ff835ad0000 - 0x00007ff835b0b000 	C:\WINDOWS\system32\rsaenh.dll
0x00007ff836190000 - 0x00007ff8361bb000 	C:\WINDOWS\SYSTEM32\USERENV.dll
0x00007ff836c80000 - 0x00007ff836ca6000 	C:\WINDOWS\SYSTEM32\bcrypt.dll
0x00007ff8363b0000 - 0x00007ff8363bc000 	C:\WINDOWS\SYSTEM32\CRYPTBASE.dll
0x00007ff835620000 - 0x00007ff835654000 	C:\WINDOWS\SYSTEM32\IPHLPAPI.DLL
0x00007ff8398a0000 - 0x00007ff8398aa000 	C:\WINDOWS\System32\NSI.dll
0x00007fffefd40000 - 0x00007fffefd89000 	C:\Users\waniw\AppData\Local\Temp\jna-112897810\jna13763417079670703871.dll
0x00007ff838ec0000 - 0x00007ff838ec8000 	C:\WINDOWS\System32\PSAPI.DLL

JVMTI agents:
c:\Users\waniw\.vscode\extensions\redhat.java-1.46.0-win32-x64\lombok\lombok-1.18.39-4050.jar path:c:\Users\waniw\.vscode\extensions\redhat.java-1.46.0-win32-x64\jre\21.0.8-win32-x86_64\bin\instrument.dll, loaded, initialized, instrumentlib options:none

dbghelp: loaded successfully - version: 4.0.5 - missing functions: none
symbol engine: initialized successfully - sym options: 0x614 - pdb path: .;c:\Users\waniw\.vscode\extensions\redhat.java-1.46.0-win32-x64\jre\21.0.8-win32-x86_64\bin;C:\WINDOWS\SYSTEM32;C:\WINDOWS\WinSxS\amd64_microsoft.windows.common-controls_6595b64144ccf1df_6.0.26100.5074_none_3e0d6f78e32fd63f;c:\Users\waniw\.vscode\extensions\redhat.java-1.46.0-win32-x64\jre\21.0.8-win32-x86_64\bin\server;C:\Users\waniw\AppData\Roaming\Code\User\globalStorage\redhat.java\1.46.0\config_win\org.eclipse.equinox.launcher\org.eclipse.equinox.launcher.win32.win32.x86_64_1.2.1400.v20250801-0854;C:\Users\waniw\AppData\Local\Temp\jna-112897810

VM Arguments:
jvm_args: --add-modules=ALL-SYSTEM --add-opens=java.base/java.util=ALL-UNNAMED --add-opens=java.base/java.lang=ALL-UNNAMED --add-opens=java.base/sun.nio.fs=ALL-UNNAMED -Declipse.application=org.eclipse.jdt.ls.core.id1 -Dosgi.bundles.defaultStartLevel=4 -Declipse.product=org.eclipse.jdt.ls.core.product -Djava.import.generatesMetadataFilesAtProjectRoot=false -DDetectVMInstallationsJob.disabled=true -Dfile.encoding=utf8 -XX:+UseParallelGC -XX:GCTimeRatio=4 -XX:AdaptiveSizePolicyWeight=90 -Dsun.zip.disableMemoryMapping=true -Xmx2G -Xms100m -Xlog:disable -javaagent:c:\Users\waniw\.vscode\extensions\redhat.java-1.46.0-win32-x64\lombok\lombok-1.18.39-4050.jar -XX:+HeapDumpOnOutOfMemoryError -XX:HeapDumpPath=c:\Users\waniw\AppData\Roaming\Code\User\workspaceStorage\67cdc74a77c06671975aabb63d870477\redhat.java -Daether.dependencyCollector.impl=bf 
java_command: c:\Users\waniw\.vscode\extensions\redhat.java-1.46.0-win32-x64\server\plugins\org.eclipse.equinox.launcher_1.7.0.v20250519-0528.jar -configuration c:\Users\waniw\AppData\Roaming\Code\User\globalStorage\redhat.java\1.46.0\config_win -data c:\Users\waniw\AppData\Roaming\Code\User\workspaceStorage\67cdc74a77c06671975aabb63d870477\redhat.java\jdt_ws --pipe=\\.\pipe\lsp-b8a81e92beab10af40dd3b7806c80bf4-sock
java_class_path (initial): c:\Users\waniw\.vscode\extensions\redhat.java-1.46.0-win32-x64\server\plugins\org.eclipse.equinox.launcher_1.7.0.v20250519-0528.jar
Launcher Type: SUN_STANDARD

[Global flags]
    uintx AdaptiveSizePolicyWeight                 = 90                                        {product} {command line}
     intx CICompilerCount                          = 4                                         {product} {ergonomic}
    uintx GCTimeRatio                              = 4                                         {product} {command line}
     bool HeapDumpOnOutOfMemoryError               = true                                   {manageable} {command line}
    ccstr HeapDumpPath                             = c:\Users\waniw\AppData\Roaming\Code\User\workspaceStorage\67cdc74a77c06671975aabb63d870477\redhat.java         {manageable} {command line}
   size_t InitialHeapSize                          = 104857600                                 {product} {command line}
   size_t MaxHeapSize                              = 2147483648                                {product} {command line}
   size_t MaxNewSize                               = 715653120                                 {product} {ergonomic}
   size_t MinHeapDeltaBytes                        = 524288                                    {product} {ergonomic}
   size_t MinHeapSize                              = 104857600                                 {product} {command line}
   size_t NewSize                                  = 34603008                                  {product} {ergonomic}
    uintx NonNMethodCodeHeapSize                   = 5839372                                {pd product} {ergonomic}
    uintx NonProfiledCodeHeapSize                  = 122909434                              {pd product} {ergonomic}
   size_t OldSize                                  = 70254592                                  {product} {ergonomic}
    uintx ProfiledCodeHeapSize                     = 122909434                              {pd product} {ergonomic}
    uintx ReservedCodeCacheSize                    = 251658240                              {pd product} {ergonomic}
     bool SegmentedCodeCache                       = true                                      {product} {ergonomic}
   size_t SoftMaxHeapSize                          = 2147483648                             {manageable} {ergonomic}
     bool UseCompressedOops                        = true                           {product lp64_product} {ergonomic}
     bool UseLargePagesIndividualAllocation        = false                                  {pd product} {ergonomic}
     bool UseParallelGC                            = true                                      {product} {command line}

Logging:
Log output configuration:
 #0: stdout all=off uptime,level,tags foldmultilines=false
 #1: stderr all=off uptime,level,tags foldmultilines=false

Environment Variables:
CLASSPATH=C:\Users\waniw\Downloads\free1\library
PATH=C:\Users\waniw\AppData\Local\cloud-code\installer\google-cloud-sdk\bin;C:\Program Files (x86)\Common Files\Intel\Shared Libraries\redist\intel64\compiler;C:\Program Files\Common Files\Oracle\Java\javapath;C:\Program Files (x86)\Common Files\Oracle\Java\java8path;C:\Program Files (x86)\Common Files\Oracle\Java\javapath;C:\WINDOWS\system32;C:\WINDOWS;C:\WINDOWS\System32\Wbem;C:\WINDOWS\System32\WindowsPowerShell\v1.0\;C:\WINDOWS\System32\OpenSSH\;C:\Program Files\Novell\iPrint;C:\Program Files\Git\cmd;C:\Program Files (x86)\Microsoft SQL Server\150\DTS\Binn\;C:\Program Files\PuTTY\;C:\Program Files (x86)\Microsoft SQL Server\160\DTS\Binn\;C:\Program Files\Azure Data Studio\bin;C:\Program Files\MongoDB\Server\7.0\bin;C:\Program Files\Vim\vim91;C:\Program Files\dotnet\;C:\Program Files\HP\HP One Agent;C:\Program Files\Microsoft SQL Server\150\Tools\Binn\;C:\Program Files\Microsoft SQL Server\Client SDK\ODBC\170\Tools\Binn\;C:\Program Files\nodejs\;C:\ProgramData\chocolatey\bin;C:\Program Files (x86)\Microsoft SQL Server\160\Tools\Binn\;C:\Program Files\Microsoft SQL Server\160\Tools\Binn\;C:\Program Files\Microsoft SQL Server\160\DTS\Binn\;C:\Program Files\php-8.3.12;;C:\WINDOWS\system32;C:\WINDOWS;C:\WINDOWS\System32\Wbem;C:\WINDOWS\System32\WindowsPowerShell\v1.0\;C:\WINDOWS\System32\OpenSSH\;C:\Users\waniw\AppData\Local\Programs\Python\Launcher\;C:\Users\waniw\AppData\Local\Microsoft\WindowsApps;C:\Users\waniw\AppData\Local\Programs\Microsoft VS Code\bin;C:\Users\waniw\AppData\Local\atom\bin;C:\Users\waniw\AppData\Local\Programs\Hyper\resources\bin;C:\msys64\mingw64\bin;C:\src\flutter\flutter\bin;C:\Program Files\Azure Data Studio\bin;C:\Users\waniw\AppData\Local\Programs\mongosh\;C:\Users\waniw\.dotnet\tools;C:\Program Files\heroku\bin;C:\Users\waniw\AppData\Roaming\npm;c:\Gradle\gradle-8.0.2\bin;C:\Program Files\JetBrains\WebStorm 2024.3.4\bin;C:\Program Files (x86)\BrowserStackLocal\;C:\Users\waniw\.fly\bin;C:\Users\waniw\AppData\Local\Google\Cloud SDK\google-cloud-sdk\bin;C:\Users\waniw\AppData\Local\Microsoft\WindowsApps;
USERNAME=waniw
OS=Windows_NT
PROCESSOR_IDENTIFIER=AMD64 Family 25 Model 80 Stepping 0, AuthenticAMD
TMP=C:\Users\waniw\AppData\Local\Temp
TEMP=C:\Users\waniw\AppData\Local\Temp




Periodic native trim disabled

---------------  S Y S T E M  ---------------

OS:
 Windows 11 , 64 bit Build 26100 (10.0.26100.5074)
OS uptime: 8 days 9:54 hours
Hyper-V role detected

CPU: total 12 (initial active 12) (12 cores per cpu, 2 threads per core) family 25 model 80 stepping 0 microcode 0xa50000c, cx8, cmov, fxsr, ht, mmx, 3dnowpref, sse, sse2, sse3, ssse3, sse4a, sse4.1, sse4.2, popcnt, lzcnt, tsc, tscinvbit, avx, avx2, aes, erms, clmul, bmi1, bmi2, adx, sha, fma, vzeroupper, clflush, clflushopt, hv, rdtscp, rdpid, fsrm, f16c, cet_ss
Processor Information for the first 12 processors :
  Max Mhz: 2301, Current Mhz: 2301, Mhz Limit: 2301

Memory: 4k page, system-wide physical 7525M (325M free)
TotalPageFile size 31077M (AvailPageFile size 6M)
current process WorkingSet (physical memory assigned to process): 160M, peak: 161M
current process commit charge ("private bytes"): 299M, peak: 299M

vm_info: OpenJDK 64-Bit Server VM (21.0.8+9-LTS) for windows-amd64 JRE (21.0.8+9-LTS), built on 2025-07-15T00:00:00Z by "admin" with MS VC++ 17.7 (VS2022)

END.
