#
# There is insufficient memory for the Java Runtime Environment to continue.
# Native memory allocation (malloc) failed to allocate 1823024 bytes. Error detail: Chunk::new
# Possible reasons:
#   The system is out of physical RAM or swap space
#   This process is running with CompressedOops enabled, and the Java Heap may be blocking the growth of the native heap
# Possible solutions:
#   Reduce memory load on the system
#   Increase physical memory or swap space
#   Check if swap backing store is full
#   Decrease Java heap size (-Xmx/-Xms)
#   Decrease number of Java threads
#   Decrease Java thread stack sizes (-Xss)
#   Set larger code cache with -XX:ReservedCodeCacheSize=
#   JVM is running with Unscaled Compressed Oops mode in which the Java heap is
#     placed in the first 4GB address space. The Java Heap base address is the
#     maximum limit for the native heap growth. Please use -XX:HeapBaseMinAddress
#     to set the Java Heap base and to place the Java Heap above 4GB virtual address.
# This output file may be truncated or incomplete.
#
#  Out of Memory Error (arena.cpp:168), pid=19536, tid=20208
#
# JRE version: OpenJDK Runtime Environment Temurin-21.0.8+9 (21.0.8+9) (build 21.0.8+9-LTS)
# Java VM: OpenJDK 64-Bit Server VM Temurin-21.0.8+9 (21.0.8+9-LTS, mixed mode, sharing, tiered, compressed oops, compressed class ptrs, parallel gc, windows-amd64)
# No core dump will be written. Minidumps are not enabled by default on client versions of Windows
#

---------------  S U M M A R Y ------------

Command Line: --add-modules=ALL-SYSTEM --add-opens=java.base/java.util=ALL-UNNAMED --add-opens=java.base/java.lang=ALL-UNNAMED --add-opens=java.base/sun.nio.fs=ALL-UNNAMED -Declipse.application=org.eclipse.jdt.ls.core.id1 -Dosgi.bundles.defaultStartLevel=4 -Declipse.product=org.eclipse.jdt.ls.core.product -Djava.import.generatesMetadataFilesAtProjectRoot=false -DDetectVMInstallationsJob.disabled=true -Dfile.encoding=utf8 -XX:+UseParallelGC -XX:GCTimeRatio=4 -XX:AdaptiveSizePolicyWeight=90 -Dsun.zip.disableMemoryMapping=true -Xmx2G -Xms100m -Xlog:disable -javaagent:c:\Users\waniw\.vscode\extensions\redhat.java-1.46.0-win32-x64\lombok\lombok-1.18.39-4050.jar -XX:+HeapDumpOnOutOfMemoryError -XX:HeapDumpPath=c:\Users\waniw\AppData\Roaming\Code\User\workspaceStorage\67cdc74a77c06671975aabb63d870477\redhat.java -Daether.dependencyCollector.impl=bf c:\Users\waniw\.vscode\extensions\redhat.java-1.46.0-win32-x64\server\plugins\org.eclipse.equinox.launcher_1.7.0.v20250519-0528.jar -configuration c:\Users\waniw\AppData\Roaming\Code\User\globalStorage\redhat.java\1.46.0\config_win -data c:\Users\waniw\AppData\Roaming\Code\User\workspaceStorage\67cdc74a77c06671975aabb63d870477\redhat.java\jdt_ws --pipe=\\.\pipe\lsp-b52eeed5e032eb4fe8af1820fdeb7d6d-sock

Host: AMD Ryzen 5 5600U with Radeon Graphics         , 12 cores, 7G,  Windows 11 , 64 bit Build 26100 (10.0.26100.5074)
Time: Wed Oct  8 22:23:50 2025 South Africa Standard Time elapsed time: 33.218142 seconds (0d 0h 0m 33s)

---------------  T H R E A D  ---------------

Current thread (0x00000190174e26f0):  JavaThread "C2 CompilerThread0" daemon [_thread_in_native, id=20208, stack(0x00000065b2300000,0x00000065b2400000) (1024K)]


Current CompileTask:
C2:33218 9219 % !   4       org.eclipse.jdt.internal.compiler.classfmt.ClassFileReader::<init> @ 81 (1968 bytes)

Stack: [0x00000065b2300000,0x00000065b2400000]
Native frames: (J=compiled Java code, j=interpreted, Vv=VM code, C=native code)
V  [jvm.dll+0x6d2449]
V  [jvm.dll+0x8ae341]
V  [jvm.dll+0x8b08be]
V  [jvm.dll+0x8b0fa3]
V  [jvm.dll+0x280c96]
V  [jvm.dll+0xc581d]
V  [jvm.dll+0xc5d53]
V  [jvm.dll+0x3b919c]
V  [jvm.dll+0x385315]
V  [jvm.dll+0x38477a]
V  [jvm.dll+0x248ed0]
V  [jvm.dll+0x2484af]
V  [jvm.dll+0x1c89ee]
V  [jvm.dll+0x257d4d]
V  [jvm.dll+0x2562ea]
V  [jvm.dll+0x3f2d16]
V  [jvm.dll+0x857e6b]
V  [jvm.dll+0x6d0b0d]
C  [ucrtbase.dll+0x37b0]
C  [KERNEL32.DLL+0x2e8d7]
C  [ntdll.dll+0x8d9c]


---------------  P R O C E S S  ---------------

Threads class SMR info:
_java_thread_list=0x000001907874ade0, length=44, elements={
0x00000190174313e0, 0x00000190174d47a0, 0x00000190174d5f70, 0x00000190174d8db0,
0x00000190174d9db0, 0x00000190174daa00, 0x00000190174de9c0, 0x00000190174e26f0,
0x00000190174e7070, 0x000001907023fb80, 0x0000019070488350, 0x000001907185d120,
0x00000190762f9010, 0x000001907176aaf0, 0x000001907176b930, 0x000001907664d370,
0x000001907617ba00, 0x0000019076462d60, 0x0000019076460c90, 0x0000019076461320,
0x00000190764619b0, 0x0000019076462040, 0x00000190764633f0, 0x000001907645ff70,
0x00000190764626d0, 0x0000019077e6c920, 0x0000019077e69b30, 0x0000019077e6aee0,
0x0000019077e6b570, 0x0000019077e6d640, 0x0000019077e6a1c0, 0x0000019077e6c290,
0x0000019077e6cfb0, 0x0000019077e6dcd0, 0x0000019077e6a850, 0x0000019077e6e360,
0x0000019077e6e9f0, 0x0000019077e6f080, 0x0000019077e6bc00, 0x0000019077e6f710,
0x0000019077e70ac0, 0x0000019077e6fda0, 0x000001907890ed90, 0x000001907845ea60
}

Java Threads: ( => current thread )
  0x00000190174313e0 JavaThread "main"                              [_thread_blocked, id=41092, stack(0x00000065b1900000,0x00000065b1a00000) (1024K)]
  0x00000190174d47a0 JavaThread "Reference Handler"          daemon [_thread_blocked, id=38620, stack(0x00000065b1d00000,0x00000065b1e00000) (1024K)]
  0x00000190174d5f70 JavaThread "Finalizer"                  daemon [_thread_blocked, id=39664, stack(0x00000065b1e00000,0x00000065b1f00000) (1024K)]
  0x00000190174d8db0 JavaThread "Signal Dispatcher"          daemon [_thread_blocked, id=22832, stack(0x00000065b1f00000,0x00000065b2000000) (1024K)]
  0x00000190174d9db0 JavaThread "Attach Listener"            daemon [_thread_blocked, id=6596, stack(0x00000065b2000000,0x00000065b2100000) (1024K)]
  0x00000190174daa00 JavaThread "Service Thread"             daemon [_thread_blocked, id=30460, stack(0x00000065b2100000,0x00000065b2200000) (1024K)]
  0x00000190174de9c0 JavaThread "Monitor Deflation Thread"   daemon [_thread_blocked, id=40772, stack(0x00000065b2200000,0x00000065b2300000) (1024K)]
=>0x00000190174e26f0 JavaThread "C2 CompilerThread0"         daemon [_thread_in_native, id=20208, stack(0x00000065b2300000,0x00000065b2400000) (1024K)]
  0x00000190174e7070 JavaThread "C1 CompilerThread0"         daemon [_thread_blocked, id=7560, stack(0x00000065b2400000,0x00000065b2500000) (1024K)]
  0x000001907023fb80 JavaThread "Common-Cleaner"             daemon [_thread_blocked, id=9192, stack(0x00000065b2500000,0x00000065b2600000) (1024K)]
  0x0000019070488350 JavaThread "Notification Thread"        daemon [_thread_blocked, id=8396, stack(0x00000065b2700000,0x00000065b2800000) (1024K)]
  0x000001907185d120 JavaThread "Active Thread: Equinox Container: 74e53d1d-0894-47a0-8bcf-438b20045217"        [_thread_blocked, id=1776, stack(0x00000065b2f00000,0x00000065b3000000) (1024K)]
  0x00000190762f9010 JavaThread "Refresh Thread: Equinox Container: 74e53d1d-0894-47a0-8bcf-438b20045217" daemon [_thread_blocked, id=18624, stack(0x00000065b3000000,0x00000065b3100000) (1024K)]
  0x000001907176aaf0 JavaThread "Framework Event Dispatcher: Equinox Container: 74e53d1d-0894-47a0-8bcf-438b20045217" daemon [_thread_blocked, id=27548, stack(0x00000065b3200000,0x00000065b3300000) (1024K)]
  0x000001907176b930 JavaThread "Start Level: Equinox Container: 74e53d1d-0894-47a0-8bcf-438b20045217" daemon [_thread_blocked, id=21620, stack(0x00000065b3300000,0x00000065b3400000) (1024K)]
  0x000001907664d370 JavaThread "Bundle File Closer"         daemon [_thread_blocked, id=27292, stack(0x00000065b3600000,0x00000065b3700000) (1024K)]
  0x000001907617ba00 JavaThread "SCR Component Actor"        daemon [_thread_blocked, id=15868, stack(0x00000065b2600000,0x00000065b2700000) (1024K)]
  0x0000019076462d60 JavaThread "Worker-JM"                         [_thread_blocked, id=33988, stack(0x00000065b2800000,0x00000065b2900000) (1024K)]
  0x0000019076460c90 JavaThread "JNA Cleaner"                daemon [_thread_blocked, id=33164, stack(0x00000065b3700000,0x00000065b3800000) (1024K)]
  0x0000019076461320 JavaThread "Worker-0"                          [_thread_blocked, id=30248, stack(0x00000065b3900000,0x00000065b3a00000) (1024K)]
  0x00000190764619b0 JavaThread "Worker-1"                          [_thread_blocked, id=632, stack(0x00000065b3a00000,0x00000065b3b00000) (1024K)]
  0x0000019076462040 JavaThread "Worker-2: Initialize After Load"        [_thread_blocked, id=16568, stack(0x00000065b3b00000,0x00000065b3c00000) (1024K)]
  0x00000190764633f0 JavaThread "Java indexing"              daemon [_thread_in_Java, id=2668, stack(0x00000065b3c00000,0x00000065b3d00000) (1024K)]
  0x000001907645ff70 JavaThread "Worker-3"                          [_thread_blocked, id=15120, stack(0x00000065b3d00000,0x00000065b3e00000) (1024K)]
  0x00000190764626d0 JavaThread "Worker-4: Java indexing... "        [_thread_blocked, id=27060, stack(0x00000065b4000000,0x00000065b4100000) (1024K)]
  0x0000019077e6c920 JavaThread "Worker-5: Building"                [_thread_in_native, id=35852, stack(0x00000065b4100000,0x00000065b4200000) (1024K)]
  0x0000019077e69b30 JavaThread "Thread-1"                   daemon [_thread_in_native, id=33384, stack(0x00000065b4200000,0x00000065b4300000) (1024K)]
  0x0000019077e6aee0 JavaThread "Thread-2"                   daemon [_thread_in_native, id=29840, stack(0x00000065b4300000,0x00000065b4400000) (1024K)]
  0x0000019077e6b570 JavaThread "Thread-3"                   daemon [_thread_in_native, id=21008, stack(0x00000065b4400000,0x00000065b4500000) (1024K)]
  0x0000019077e6d640 JavaThread "Thread-4"                   daemon [_thread_in_native, id=36160, stack(0x00000065b4500000,0x00000065b4600000) (1024K)]
  0x0000019077e6a1c0 JavaThread "Thread-5"                   daemon [_thread_in_native, id=32104, stack(0x00000065b4600000,0x00000065b4700000) (1024K)]
  0x0000019077e6c290 JavaThread "Thread-6"                   daemon [_thread_in_native, id=25052, stack(0x00000065b4700000,0x00000065b4800000) (1024K)]
  0x0000019077e6cfb0 JavaThread "Thread-7"                   daemon [_thread_in_native, id=2556, stack(0x00000065b4800000,0x00000065b4900000) (1024K)]
  0x0000019077e6dcd0 JavaThread "Thread-8"                   daemon [_thread_in_native, id=35456, stack(0x00000065b4900000,0x00000065b4a00000) (1024K)]
  0x0000019077e6a850 JavaThread "Thread-9"                   daemon [_thread_in_native, id=32860, stack(0x00000065b4a00000,0x00000065b4b00000) (1024K)]
  0x0000019077e6e360 JavaThread "Thread-10"                  daemon [_thread_in_native, id=27412, stack(0x00000065b4b00000,0x00000065b4c00000) (1024K)]
  0x0000019077e6e9f0 JavaThread "Thread-11"                  daemon [_thread_in_native, id=40664, stack(0x00000065b4c00000,0x00000065b4d00000) (1024K)]
  0x0000019077e6f080 JavaThread "Thread-12"                  daemon [_thread_in_native, id=31724, stack(0x00000065b4d00000,0x00000065b4e00000) (1024K)]
  0x0000019077e6bc00 JavaThread "Thread-13"                  daemon [_thread_in_native, id=37176, stack(0x00000065b4e00000,0x00000065b4f00000) (1024K)]
  0x0000019077e6f710 JavaThread "pool-2-thread-1"                   [_thread_blocked, id=15476, stack(0x00000065b4f00000,0x00000065b5000000) (1024K)]
  0x0000019077e70ac0 JavaThread "WorkspaceEventsHandler"            [_thread_blocked, id=25004, stack(0x00000065b5100000,0x00000065b5200000) (1024K)]
  0x0000019077e6fda0 JavaThread "pool-1-thread-1"                   [_thread_blocked, id=11544, stack(0x00000065b5200000,0x00000065b5300000) (1024K)]
  0x000001907890ed90 JavaThread "C2 CompilerThread1"         daemon [_thread_in_native, id=15940, stack(0x00000065b1600000,0x00000065b1700000) (1024K)]
  0x000001907845ea60 JavaThread "C2 CompilerThread2"         daemon [_thread_in_native, id=41456, stack(0x00000065b3800000,0x00000065b3900000) (1024K)]
Total: 44

Other Threads:
  0x00000190174cf910 VMThread "VM Thread"                           [id=16484, stack(0x00000065b1c00000,0x00000065b1d00000) (1024K)]
  0x00000190172bca00 WatcherThread "VM Periodic Task Thread"        [id=14592, stack(0x00000065b1b00000,0x00000065b1c00000) (1024K)]
  0x000001901744fb40 WorkerThread "GC Thread#0"                     [id=16188, stack(0x00000065b1a00000,0x00000065b1b00000) (1024K)]
  0x00000190711d6e10 WorkerThread "GC Thread#1"                     [id=8472, stack(0x00000065b2900000,0x00000065b2a00000) (1024K)]
  0x00000190711d71b0 WorkerThread "GC Thread#2"                     [id=5228, stack(0x00000065b2a00000,0x00000065b2b00000) (1024K)]
  0x000001907604d600 WorkerThread "GC Thread#3"                     [id=8512, stack(0x00000065b2b00000,0x00000065b2c00000) (1024K)]
  0x000001907604d9a0 WorkerThread "GC Thread#4"                     [id=11240, stack(0x00000065b2c00000,0x00000065b2d00000) (1024K)]
  0x00000190761333b0 WorkerThread "GC Thread#5"                     [id=22328, stack(0x00000065b2d00000,0x00000065b2e00000) (1024K)]
  0x0000019076133750 WorkerThread "GC Thread#6"                     [id=17076, stack(0x00000065b2e00000,0x00000065b2f00000) (1024K)]
  0x0000019071879fe0 WorkerThread "GC Thread#7"                     [id=24412, stack(0x00000065b3100000,0x00000065b3200000) (1024K)]
  0x0000019076185790 WorkerThread "GC Thread#8"                     [id=23548, stack(0x00000065b3400000,0x00000065b3500000) (1024K)]
  0x0000019076184910 WorkerThread "GC Thread#9"                     [id=37320, stack(0x00000065b3500000,0x00000065b3600000) (1024K)]
Total: 12

Threads with active compile tasks:
C2 CompilerThread0  34271 9219 % !   4       org.eclipse.jdt.internal.compiler.classfmt.ClassFileReader::<init> @ 81 (1968 bytes)
C2 CompilerThread1  34271 9237       4       java.util.zip.ZipFile$Source::initCEN (612 bytes)
C2 CompilerThread2  34271 9218 %     4       org.eclipse.jdt.internal.core.search.indexing.BinaryIndexer::extractReferenceFromConstantPool @ 155 (358 bytes)
Total: 3

VM state: not at safepoint (normal execution)

VM Mutex/Monitor currently owned by a thread: None

Heap address: 0x0000000080000000, size: 2048 MB, Compressed Oops mode: 32-bit

CDS archive(s) mapped at: [0x000001902e000000-0x000001902eba0000-0x000001902eba0000), size 12189696, SharedBaseAddress: 0x000001902e000000, ArchiveRelocationMode: 1.
Compressed class space mapped at: 0x000001902f000000-0x000001906f000000, reserved size: 1073741824
Narrow klass base: 0x000001902e000000, Narrow klass shift: 0, Narrow klass range: 0x100000000

GC Precious Log:
 CardTable entry size: 512
 CPUs: 12 total, 12 available
 Memory: 7525M
 Large Page Support: Disabled
 NUMA Support: Disabled
 Compressed Oops: Enabled (32-bit)
 Alignments: Space 512K, Generation 512K, Heap 2M
 Heap Min Capacity: 100M
 Heap Initial Capacity: 100M
 Heap Max Capacity: 2G
 Pre-touch: Disabled
 Parallel Workers: 10

Heap:
 PSYoungGen      total 4096K, used 2190K [0x00000000d5580000, 0x00000000d5a80000, 0x0000000100000000)
  eden space 3072K, 54% used [0x00000000d5580000,0x00000000d5729718,0x00000000d5880000)
  from space 1024K, 50% used [0x00000000d5880000,0x00000000d5900000,0x00000000d5980000)
  to   space 1024K, 0% used [0x00000000d5980000,0x00000000d5980000,0x00000000d5a80000)
 ParOldGen       total 402944K, used 402843K [0x0000000080000000, 0x0000000098980000, 0x00000000d5580000)
  object space 402944K, 99% used [0x0000000080000000,0x0000000098966dd0,0x0000000098980000)
 Metaspace       used 53696K, committed 54976K, reserved 1114112K
  class space    used 5793K, committed 6336K, reserved 1048576K

Card table byte_map: [0x0000019016dd0000,0x00000190171e0000] _byte_map_base: 0x00000190169d0000

Marking Bits: (ParMarkBitMap*) 0x00007fffb382a340
 Begin Bits: [0x00000190298d0000, 0x000001902b8d0000)
 End Bits:   [0x000001902b8d0000, 0x000001902d8d0000)

Polling page: 0x0000019015280000

Metaspace:

Usage:
  Non-class:     46.78 MB used.
      Class:      5.66 MB used.
       Both:     52.44 MB used.

Virtual space:
  Non-class space:       64.00 MB reserved,      47.50 MB ( 74%) committed,  1 nodes.
      Class space:        1.00 GB reserved,       6.19 MB ( <1%) committed,  1 nodes.
             Both:        1.06 GB reserved,      53.69 MB (  5%) committed. 

Chunk freelists:
   Non-Class:  480.00 KB
       Class:  9.78 MB
        Both:  10.25 MB

MaxMetaspaceSize: unlimited
CompressedClassSpaceSize: 1.00 GB
Initial GC threshold: 21.00 MB
Current GC threshold: 58.38 MB
CDS: on
 - commit_granule_bytes: 65536.
 - commit_granule_words: 8192.
 - virtual_space_node_default_size: 8388608.
 - enlarge_chunks_in_place: 1.
 - use_allocation_guard: 0.


Internal statistics:

num_allocs_failed_limit: 6.
num_arena_births: 914.
num_arena_deaths: 38.
num_vsnodes_births: 2.
num_vsnodes_deaths: 0.
num_space_committed: 859.
num_space_uncommitted: 0.
num_chunks_returned_to_freelist: 50.
num_chunks_taken_from_freelist: 3159.
num_chunk_merges: 11.
num_chunk_splits: 1936.
num_chunks_enlarged: 1101.
num_inconsistent_stats: 0.

CodeHeap 'non-profiled nmethods': size=120000Kb used=5819Kb max_used=5819Kb free=114180Kb
 bounds [0x00000190220f0000, 0x00000190226a0000, 0x0000019029620000]
CodeHeap 'profiled nmethods': size=120000Kb used=17386Kb max_used=17386Kb free=102613Kb
 bounds [0x000001901a620000, 0x000001901b720000, 0x0000019021b50000]
CodeHeap 'non-nmethods': size=5760Kb used=1428Kb max_used=1496Kb free=4331Kb
 bounds [0x0000019021b50000, 0x0000019021dc0000, 0x00000190220f0000]
CodeCache: size=245760Kb, used=24633Kb, max_used=24701Kb, free=221124Kb
 total_blobs=9326, nmethods=8590, adapters=642, full_count=0
Compilation: enabled, stopped_count=0, restarted_count=0

Compilation events (20 events):
Event: 32.096 Thread 0x000001907890ed90 nmethod 9109 0x0000019022695e90 code [0x0000019022696000, 0x0000019022696068]
Event: 32.097 Thread 0x000001907890ed90 9205       4       java.util.ArrayList::hashCode (22 bytes)
Event: 32.102 Thread 0x000001907890ed90 nmethod 9205 0x0000019022696190 code [0x0000019022696360, 0x0000019022696760]
Event: 32.103 Thread 0x000001907890ed90 9210       4       java.util.HashMap$Node::hashCode (16 bytes)
Event: 32.105 Thread 0x000001907890ed90 nmethod 9210 0x0000019022696a90 code [0x0000019022696c20, 0x0000019022696dc8]
Event: 32.105 Thread 0x000001907890ed90 9113       4       org.eclipse.jdt.internal.core.search.indexing.AbstractIndexer::erasure (21 bytes)
Event: 32.109 Thread 0x000001907890ed90 nmethod 9113 0x0000019022696e90 code [0x0000019022697020, 0x00000190226971a0]
Event: 32.109 Thread 0x000001907890ed90 9226 %     4       java.util.zip.ZipFile$Source::initCEN @ 261 (612 bytes)
Event: 32.129 Thread 0x00000190174e7070 9228       3       org.eclipse.jdt.internal.compiler.util.Util::isClassFileName (82 bytes)
Event: 32.130 Thread 0x00000190174e7070 nmethod 9228 0x000001901b718c10 code [0x000001901b718e60, 0x000001901b719728]
Event: 32.149 Thread 0x00000190174e7070 9230       2       org.eclipse.core.internal.resources.Project::isAccessible (5 bytes)
Event: 32.150 Thread 0x00000190174e7070 nmethod 9230 0x000001901b719b10 code [0x000001901b719cc0, 0x000001901b719e80]
Event: 32.151 Thread 0x00000190174e7070 9231       1       org.eclipse.jdt.launching.LibraryLocation::getSystemLibraryPath (5 bytes)
Event: 32.151 Thread 0x00000190174e7070 nmethod 9231 0x0000019022697310 code [0x00000190226974a0, 0x0000019022697568]
Event: 32.153 Thread 0x00000190174e7070 9232       2       sun.nio.fs.WindowsException::<init> (15 bytes)
Event: 32.153 Thread 0x00000190174e7070 nmethod 9232 0x000001901b71a010 code [0x000001901b71a1a0, 0x000001901b71a310]
Event: 32.153 Thread 0x00000190174e7070 9233       2       sun.nio.fs.WindowsException::fillInStackTrace (2 bytes)
Event: 32.153 Thread 0x00000190174e7070 nmethod 9233 0x000001901b71a410 code [0x000001901b71a5a0, 0x000001901b71a6a8]
Event: 32.201 Thread 0x00000190174e7070 9236       2       java.util.TreeMap::navigableKeySet (27 bytes)
Event: 32.202 Thread 0x00000190174e7070 nmethod 9236 0x000001901b71a710 code [0x000001901b71a8a0, 0x000001901b71aa40]

GC Heap History (20 events):
Event: 31.982 GC heap after
{Heap after GC invocations=201 (full 2):
 PSYoungGen      total 4096K, used 664K [0x00000000d5580000, 0x00000000d5a80000, 0x0000000100000000)
  eden space 3072K, 0% used [0x00000000d5580000,0x00000000d5580000,0x00000000d5880000)
  from space 1024K, 64% used [0x00000000d5880000,0x00000000d5926008,0x00000000d5980000)
  to   space 1024K, 0% used [0x00000000d5980000,0x00000000d5980000,0x00000000d5a80000)
 ParOldGen       total 397824K, used 397688K [0x0000000080000000, 0x0000000098480000, 0x00000000d5580000)
  object space 397824K, 99% used [0x0000000080000000,0x000000009845e258,0x0000000098480000)
 Metaspace       used 53694K, committed 54976K, reserved 1114112K
  class space    used 5793K, committed 6336K, reserved 1048576K
}
Event: 32.009 GC heap before
{Heap before GC invocations=202 (full 2):
 PSYoungGen      total 4096K, used 3736K [0x00000000d5580000, 0x00000000d5a80000, 0x0000000100000000)
  eden space 3072K, 100% used [0x00000000d5580000,0x00000000d5880000,0x00000000d5880000)
  from space 1024K, 64% used [0x00000000d5880000,0x00000000d5926008,0x00000000d5980000)
  to   space 1024K, 0% used [0x00000000d5980000,0x00000000d5980000,0x00000000d5a80000)
 ParOldGen       total 397824K, used 397688K [0x0000000080000000, 0x0000000098480000, 0x00000000d5580000)
  object space 397824K, 99% used [0x0000000080000000,0x000000009845e258,0x0000000098480000)
 Metaspace       used 53694K, committed 54976K, reserved 1114112K
  class space    used 5793K, committed 6336K, reserved 1048576K
}
Event: 32.011 GC heap after
{Heap after GC invocations=202 (full 2):
 PSYoungGen      total 3072K, used 1022K [0x00000000d5580000, 0x00000000d5c80000, 0x0000000100000000)
  eden space 2048K, 0% used [0x00000000d5580000,0x00000000d5580000,0x00000000d5780000)
  from space 1024K, 99% used [0x00000000d5980000,0x00000000d5a7fa00,0x00000000d5a80000)
  to   space 2048K, 0% used [0x00000000d5780000,0x00000000d5780000,0x00000000d5980000)
 ParOldGen       total 398336K, used 398324K [0x0000000080000000, 0x0000000098500000, 0x00000000d5580000)
  object space 398336K, 99% used [0x0000000080000000,0x00000000984fd270,0x0000000098500000)
 Metaspace       used 53694K, committed 54976K, reserved 1114112K
  class space    used 5793K, committed 6336K, reserved 1048576K
}
Event: 32.110 GC heap before
{Heap before GC invocations=203 (full 2):
 PSYoungGen      total 3072K, used 3070K [0x00000000d5580000, 0x00000000d5c80000, 0x0000000100000000)
  eden space 2048K, 100% used [0x00000000d5580000,0x00000000d5780000,0x00000000d5780000)
  from space 1024K, 99% used [0x00000000d5980000,0x00000000d5a7fa00,0x00000000d5a80000)
  to   space 2048K, 0% used [0x00000000d5780000,0x00000000d5780000,0x00000000d5980000)
 ParOldGen       total 398336K, used 398324K [0x0000000080000000, 0x0000000098500000, 0x00000000d5580000)
  object space 398336K, 99% used [0x0000000080000000,0x00000000984fd270,0x0000000098500000)
 Metaspace       used 53694K, committed 54976K, reserved 1114112K
  class space    used 5793K, committed 6336K, reserved 1048576K
}
Event: 32.112 GC heap after
{Heap after GC invocations=203 (full 2):
 PSYoungGen      total 3584K, used 1163K [0x00000000d5580000, 0x00000000d5a80000, 0x0000000100000000)
  eden space 2048K, 0% used [0x00000000d5580000,0x00000000d5580000,0x00000000d5780000)
  from space 1536K, 75% used [0x00000000d5780000,0x00000000d58a2d00,0x00000000d5900000)
  to   space 1536K, 0% used [0x00000000d5900000,0x00000000d5900000,0x00000000d5a80000)
 ParOldGen       total 398848K, used 398500K [0x0000000080000000, 0x0000000098580000, 0x00000000d5580000)
  object space 398848K, 99% used [0x0000000080000000,0x0000000098529270,0x0000000098580000)
 Metaspace       used 53694K, committed 54976K, reserved 1114112K
  class space    used 5793K, committed 6336K, reserved 1048576K
}
Event: 32.122 GC heap before
{Heap before GC invocations=204 (full 2):
 PSYoungGen      total 3584K, used 3211K [0x00000000d5580000, 0x00000000d5a80000, 0x0000000100000000)
  eden space 2048K, 100% used [0x00000000d5580000,0x00000000d5780000,0x00000000d5780000)
  from space 1536K, 75% used [0x00000000d5780000,0x00000000d58a2d00,0x00000000d5900000)
  to   space 1536K, 0% used [0x00000000d5900000,0x00000000d5900000,0x00000000d5a80000)
 ParOldGen       total 398848K, used 398500K [0x0000000080000000, 0x0000000098580000, 0x00000000d5580000)
  object space 398848K, 99% used [0x0000000080000000,0x0000000098529270,0x0000000098580000)
 Metaspace       used 53694K, committed 54976K, reserved 1114112K
  class space    used 5793K, committed 6336K, reserved 1048576K
}
Event: 32.124 GC heap after
{Heap after GC invocations=204 (full 2):
 PSYoungGen      total 3072K, used 545K [0x00000000d5580000, 0x00000000d5a00000, 0x0000000100000000)
  eden space 2048K, 0% used [0x00000000d5580000,0x00000000d5580000,0x00000000d5780000)
  from space 1024K, 53% used [0x00000000d5900000,0x00000000d5988770,0x00000000d5a00000)
  to   space 1024K, 0% used [0x00000000d5800000,0x00000000d5800000,0x00000000d5900000)
 ParOldGen       total 399872K, used 399484K [0x0000000080000000, 0x0000000098680000, 0x00000000d5580000)
  object space 399872K, 99% used [0x0000000080000000,0x000000009861f3b8,0x0000000098680000)
 Metaspace       used 53694K, committed 54976K, reserved 1114112K
  class space    used 5793K, committed 6336K, reserved 1048576K
}
Event: 32.134 GC heap before
{Heap before GC invocations=205 (full 2):
 PSYoungGen      total 3072K, used 2593K [0x00000000d5580000, 0x00000000d5a00000, 0x0000000100000000)
  eden space 2048K, 100% used [0x00000000d5580000,0x00000000d5780000,0x00000000d5780000)
  from space 1024K, 53% used [0x00000000d5900000,0x00000000d5988770,0x00000000d5a00000)
  to   space 1024K, 0% used [0x00000000d5800000,0x00000000d5800000,0x00000000d5900000)
 ParOldGen       total 399872K, used 399484K [0x0000000080000000, 0x0000000098680000, 0x00000000d5580000)
  object space 399872K, 99% used [0x0000000080000000,0x000000009861f3b8,0x0000000098680000)
 Metaspace       used 53694K, committed 54976K, reserved 1114112K
  class space    used 5793K, committed 6336K, reserved 1048576K
}
Event: 32.136 GC heap after
{Heap after GC invocations=205 (full 2):
 PSYoungGen      total 3072K, used 352K [0x00000000d5580000, 0x00000000d5980000, 0x0000000100000000)
  eden space 2048K, 0% used [0x00000000d5580000,0x00000000d5580000,0x00000000d5780000)
  from space 1024K, 34% used [0x00000000d5800000,0x00000000d5858000,0x00000000d5900000)
  to   space 512K, 0% used [0x00000000d5900000,0x00000000d5900000,0x00000000d5980000)
 ParOldGen       total 399872K, used 399820K [0x0000000080000000, 0x0000000098680000, 0x00000000d5580000)
  object space 399872K, 99% used [0x0000000080000000,0x00000000986733b8,0x0000000098680000)
 Metaspace       used 53694K, committed 54976K, reserved 1114112K
  class space    used 5793K, committed 6336K, reserved 1048576K
}
Event: 32.145 GC heap before
{Heap before GC invocations=206 (full 2):
 PSYoungGen      total 3072K, used 2400K [0x00000000d5580000, 0x00000000d5980000, 0x0000000100000000)
  eden space 2048K, 100% used [0x00000000d5580000,0x00000000d5780000,0x00000000d5780000)
  from space 1024K, 34% used [0x00000000d5800000,0x00000000d5858000,0x00000000d5900000)
  to   space 512K, 0% used [0x00000000d5900000,0x00000000d5900000,0x00000000d5980000)
 ParOldGen       total 399872K, used 399820K [0x0000000080000000, 0x0000000098680000, 0x00000000d5580000)
  object space 399872K, 99% used [0x0000000080000000,0x00000000986733b8,0x0000000098680000)
 Metaspace       used 53694K, committed 54976K, reserved 1114112K
  class space    used 5793K, committed 6336K, reserved 1048576K
}
Event: 32.148 GC heap after
{Heap after GC invocations=206 (full 2):
 PSYoungGen      total 2560K, used 352K [0x00000000d5580000, 0x00000000d5980000, 0x0000000100000000)
  eden space 2048K, 0% used [0x00000000d5580000,0x00000000d5580000,0x00000000d5780000)
  from space 512K, 68% used [0x00000000d5900000,0x00000000d5958000,0x00000000d5980000)
  to   space 512K, 0% used [0x00000000d5880000,0x00000000d5880000,0x00000000d5900000)
 ParOldGen       total 400384K, used 400090K [0x0000000080000000, 0x0000000098700000, 0x00000000d5580000)
  object space 400384K, 99% used [0x0000000080000000,0x00000000986b69c0,0x0000000098700000)
 Metaspace       used 53694K, committed 54976K, reserved 1114112K
  class space    used 5793K, committed 6336K, reserved 1048576K
}
Event: 32.160 GC heap before
{Heap before GC invocations=207 (full 2):
 PSYoungGen      total 2560K, used 2400K [0x00000000d5580000, 0x00000000d5980000, 0x0000000100000000)
  eden space 2048K, 100% used [0x00000000d5580000,0x00000000d5780000,0x00000000d5780000)
  from space 512K, 68% used [0x00000000d5900000,0x00000000d5958000,0x00000000d5980000)
  to   space 512K, 0% used [0x00000000d5880000,0x00000000d5880000,0x00000000d5900000)
 ParOldGen       total 400384K, used 400090K [0x0000000080000000, 0x0000000098700000, 0x00000000d5580000)
  object space 400384K, 99% used [0x0000000080000000,0x00000000986b69c0,0x0000000098700000)
 Metaspace       used 53695K, committed 54976K, reserved 1114112K
  class space    used 5793K, committed 6336K, reserved 1048576K
}
Event: 32.161 GC heap after
{Heap after GC invocations=207 (full 2):
 PSYoungGen      total 2560K, used 475K [0x00000000d5580000, 0x00000000d5980000, 0x0000000100000000)
  eden space 2048K, 0% used [0x00000000d5580000,0x00000000d5580000,0x00000000d5780000)
  from space 512K, 92% used [0x00000000d5880000,0x00000000d58f6c08,0x00000000d5900000)
  to   space 512K, 0% used [0x00000000d5900000,0x00000000d5900000,0x00000000d5980000)
 ParOldGen       total 400384K, used 400314K [0x0000000080000000, 0x0000000098700000, 0x00000000d5580000)
  object space 400384K, 99% used [0x0000000080000000,0x00000000986ee9c0,0x0000000098700000)
 Metaspace       used 53695K, committed 54976K, reserved 1114112K
  class space    used 5793K, committed 6336K, reserved 1048576K
}
Event: 32.174 GC heap before
{Heap before GC invocations=208 (full 2):
 PSYoungGen      total 2560K, used 2510K [0x00000000d5580000, 0x00000000d5980000, 0x0000000100000000)
  eden space 2048K, 99% used [0x00000000d5580000,0x00000000d577ccd0,0x00000000d5780000)
  from space 512K, 92% used [0x00000000d5880000,0x00000000d58f6c08,0x00000000d5900000)
  to   space 512K, 0% used [0x00000000d5900000,0x00000000d5900000,0x00000000d5980000)
 ParOldGen       total 400384K, used 400314K [0x0000000080000000, 0x0000000098700000, 0x00000000d5580000)
  object space 400384K, 99% used [0x0000000080000000,0x00000000986ee9c0,0x0000000098700000)
 Metaspace       used 53695K, committed 54976K, reserved 1114112K
  class space    used 5793K, committed 6336K, reserved 1048576K
}
Event: 32.176 GC heap after
{Heap after GC invocations=208 (full 2):
 PSYoungGen      total 2560K, used 416K [0x00000000d5580000, 0x00000000d5980000, 0x0000000100000000)
  eden space 2048K, 0% used [0x00000000d5580000,0x00000000d5580000,0x00000000d5780000)
  from space 512K, 81% used [0x00000000d5900000,0x00000000d5968000,0x00000000d5980000)
  to   space 512K, 0% used [0x00000000d5880000,0x00000000d5880000,0x00000000d5900000)
 ParOldGen       total 400896K, used 400669K [0x0000000080000000, 0x0000000098780000, 0x00000000d5580000)
  object space 400896K, 99% used [0x0000000080000000,0x00000000987475c8,0x0000000098780000)
 Metaspace       used 53695K, committed 54976K, reserved 1114112K
  class space    used 5793K, committed 6336K, reserved 1048576K
}
Event: 32.189 GC heap before
{Heap before GC invocations=209 (full 2):
 PSYoungGen      total 2560K, used 2464K [0x00000000d5580000, 0x00000000d5980000, 0x0000000100000000)
  eden space 2048K, 100% used [0x00000000d5580000,0x00000000d5780000,0x00000000d5780000)
  from space 512K, 81% used [0x00000000d5900000,0x00000000d5968000,0x00000000d5980000)
  to   space 512K, 0% used [0x00000000d5880000,0x00000000d5880000,0x00000000d5900000)
 ParOldGen       total 400896K, used 400669K [0x0000000080000000, 0x0000000098780000, 0x00000000d5580000)
  object space 400896K, 99% used [0x0000000080000000,0x00000000987475c8,0x0000000098780000)
 Metaspace       used 53695K, committed 54976K, reserved 1114112K
  class space    used 5793K, committed 6336K, reserved 1048576K
}
Event: 32.190 GC heap after
{Heap after GC invocations=209 (full 2):
 PSYoungGen      total 2560K, used 511K [0x00000000d5580000, 0x00000000d5980000, 0x0000000100000000)
  eden space 2048K, 0% used [0x00000000d5580000,0x00000000d5580000,0x00000000d5780000)
  from space 512K, 99% used [0x00000000d5880000,0x00000000d58ffc30,0x00000000d5900000)
  to   space 512K, 0% used [0x00000000d5900000,0x00000000d5900000,0x00000000d5980000)
 ParOldGen       total 401408K, used 400965K [0x0000000080000000, 0x0000000098800000, 0x00000000d5580000)
  object space 401408K, 99% used [0x0000000080000000,0x00000000987915c8,0x0000000098800000)
 Metaspace       used 53695K, committed 54976K, reserved 1114112K
  class space    used 5793K, committed 6336K, reserved 1048576K
}
Event: 32.202 GC heap before
{Heap before GC invocations=210 (full 2):
 PSYoungGen      total 2560K, used 2547K [0x00000000d5580000, 0x00000000d5980000, 0x0000000100000000)
  eden space 2048K, 99% used [0x00000000d5580000,0x00000000d577d198,0x00000000d5780000)
  from space 512K, 99% used [0x00000000d5880000,0x00000000d58ffc30,0x00000000d5900000)
  to   space 512K, 0% used [0x00000000d5900000,0x00000000d5900000,0x00000000d5980000)
 ParOldGen       total 401408K, used 400965K [0x0000000080000000, 0x0000000098800000, 0x00000000d5580000)
  object space 401408K, 99% used [0x0000000080000000,0x00000000987915c8,0x0000000098800000)
 Metaspace       used 53696K, committed 54976K, reserved 1114112K
  class space    used 5793K, committed 6336K, reserved 1048576K
}
Event: 32.204 GC heap after
{Heap after GC invocations=210 (full 2):
 PSYoungGen      total 2560K, used 448K [0x00000000d5580000, 0x00000000d5980000, 0x0000000100000000)
  eden space 2048K, 0% used [0x00000000d5580000,0x00000000d5580000,0x00000000d5780000)
  from space 512K, 87% used [0x00000000d5900000,0x00000000d5970000,0x00000000d5980000)
  to   space 1024K, 0% used [0x00000000d5780000,0x00000000d5780000,0x00000000d5880000)
 ParOldGen       total 401408K, used 401331K [0x0000000080000000, 0x0000000098800000, 0x00000000d5580000)
  object space 401408K, 99% used [0x0000000080000000,0x00000000987ecdd0,0x0000000098800000)
 Metaspace       used 53696K, committed 54976K, reserved 1114112K
  class space    used 5793K, committed 6336K, reserved 1048576K
}
Event: 32.213 GC heap before
{Heap before GC invocations=211 (full 2):
 PSYoungGen      total 2560K, used 2496K [0x00000000d5580000, 0x00000000d5980000, 0x0000000100000000)
  eden space 2048K, 100% used [0x00000000d5580000,0x00000000d5780000,0x00000000d5780000)
  from space 512K, 87% used [0x00000000d5900000,0x00000000d5970000,0x00000000d5980000)
  to   space 1024K, 0% used [0x00000000d5780000,0x00000000d5780000,0x00000000d5880000)
 ParOldGen       total 401408K, used 401331K [0x0000000080000000, 0x0000000098800000, 0x00000000d5580000)
  object space 401408K, 99% used [0x0000000080000000,0x00000000987ecdd0,0x0000000098800000)
 Metaspace       used 53696K, committed 54976K, reserved 1114112K
  class space    used 5793K, committed 6336K, reserved 1048576K
}

Dll operation events (12 events):
Event: 0.014 Loaded shared library c:\Users\waniw\.vscode\extensions\redhat.java-1.46.0-win32-x64\jre\21.0.8-win32-x86_64\bin\java.dll
Event: 0.115 Loaded shared library c:\Users\waniw\.vscode\extensions\redhat.java-1.46.0-win32-x64\jre\21.0.8-win32-x86_64\bin\zip.dll
Event: 0.149 Loaded shared library C:\Users\waniw\.vscode\extensions\redhat.java-1.46.0-win32-x64\jre\21.0.8-win32-x86_64\bin\instrument.dll
Event: 0.156 Loaded shared library C:\Users\waniw\.vscode\extensions\redhat.java-1.46.0-win32-x64\jre\21.0.8-win32-x86_64\bin\net.dll
Event: 0.159 Loaded shared library C:\Users\waniw\.vscode\extensions\redhat.java-1.46.0-win32-x64\jre\21.0.8-win32-x86_64\bin\nio.dll
Event: 0.168 Loaded shared library C:\Users\waniw\.vscode\extensions\redhat.java-1.46.0-win32-x64\jre\21.0.8-win32-x86_64\bin\zip.dll
Event: 0.193 Loaded shared library C:\Users\waniw\.vscode\extensions\redhat.java-1.46.0-win32-x64\jre\21.0.8-win32-x86_64\bin\jimage.dll
Event: 0.306 Loaded shared library c:\Users\waniw\.vscode\extensions\redhat.java-1.46.0-win32-x64\jre\21.0.8-win32-x86_64\bin\verify.dll
Event: 1.654 Loaded shared library C:\Users\waniw\AppData\Roaming\Code\User\globalStorage\redhat.java\1.46.0\config_win\org.eclipse.equinox.launcher\org.eclipse.equinox.launcher.win32.win32.x86_64_1.2.1400.v20250801-0854\eclipse_11916.dll
Event: 4.731 Loaded shared library C:\Users\waniw\AppData\Local\Temp\jna-112897810\jna14177555822311705256.dll
Event: 8.044 Loaded shared library C:\Users\waniw\.vscode\extensions\redhat.java-1.46.0-win32-x64\jre\21.0.8-win32-x86_64\bin\sunmscapi.dll
Event: 8.731 Loaded shared library C:\Users\waniw\.vscode\extensions\redhat.java-1.46.0-win32-x64\jre\21.0.8-win32-x86_64\bin\extnet.dll

Deoptimization events (20 events):
Event: 31.601 Thread 0x000001907185d120 Uncommon trap: trap_request=0xffffff45 fr.pc=0x00000190223e0420 relative=0x0000000000000600
Event: 31.601 Thread 0x000001907185d120 Uncommon trap: reason=unstable_if action=reinterpret pc=0x00000190223e0420 method=java.util.HashMap.putVal(ILjava/lang/Object;Ljava/lang/Object;ZZ)Ljava/lang/Object; @ 94 c2
Event: 31.601 Thread 0x000001907185d120 DEOPT PACKING pc=0x00000190223e0420 sp=0x00000065b2ffedd0
Event: 31.601 Thread 0x000001907185d120 DEOPT UNPACKING pc=0x0000019021ba3aa2 sp=0x00000065b2ffed48 mode 2
Event: 31.623 Thread 0x000001907185d120 Uncommon trap: trap_request=0xffffff45 fr.pc=0x000001902218f728 relative=0x0000000000000148
Event: 31.623 Thread 0x000001907185d120 Uncommon trap: reason=unstable_if action=reinterpret pc=0x000001902218f728 method=java.util.HashMap.getNode(Ljava/lang/Object;)Ljava/util/HashMap$Node; @ 66 c2
Event: 31.623 Thread 0x000001907185d120 DEOPT PACKING pc=0x000001902218f728 sp=0x00000065b2ffee00
Event: 31.623 Thread 0x000001907185d120 DEOPT UNPACKING pc=0x0000019021ba3aa2 sp=0x00000065b2ffed70 mode 2
Event: 32.032 Thread 0x00000190764633f0 DEOPT PACKING pc=0x000001901b6de84c sp=0x00000065b3cfeed0
Event: 32.032 Thread 0x00000190764633f0 DEOPT UNPACKING pc=0x0000019021ba4242 sp=0x00000065b3cfe3d0 mode 0
Event: 32.034 Thread 0x00000190764633f0 DEOPT PACKING pc=0x000001901b6de84c sp=0x00000065b3cfeed0
Event: 32.034 Thread 0x00000190764633f0 DEOPT UNPACKING pc=0x0000019021ba4242 sp=0x00000065b3cfe3d0 mode 0
Event: 32.036 Thread 0x00000190764633f0 DEOPT PACKING pc=0x000001901b6de84c sp=0x00000065b3cfeed0
Event: 32.036 Thread 0x00000190764633f0 DEOPT UNPACKING pc=0x0000019021ba4242 sp=0x00000065b3cfe3d0 mode 0
Event: 32.039 Thread 0x00000190764633f0 DEOPT PACKING pc=0x000001901b6de84c sp=0x00000065b3cfeed0
Event: 32.039 Thread 0x00000190764633f0 DEOPT UNPACKING pc=0x0000019021ba4242 sp=0x00000065b3cfe3d0 mode 0
Event: 32.110 Thread 0x00000190764633f0 Uncommon trap: trap_request=0xffffff45 fr.pc=0x000001902245f314 relative=0x0000000000000154
Event: 32.110 Thread 0x00000190764633f0 Uncommon trap: reason=unstable_if action=reinterpret pc=0x000001902245f314 method=org.eclipse.jdt.internal.compiler.util.Util.isClassFileName(Ljava/lang/String;)Z @ 20 c2
Event: 32.110 Thread 0x00000190764633f0 DEOPT PACKING pc=0x000001902245f314 sp=0x00000065b3cff370
Event: 32.110 Thread 0x00000190764633f0 DEOPT UNPACKING pc=0x0000019021ba3aa2 sp=0x00000065b3cff2f0 mode 2

Classes loaded (20 events):
Event: 31.794 Loading class sun/util/locale/provider/TimeZoneNameProviderImpl done
Event: 31.795 Loading class sun/util/cldr/CLDRTimeZoneNameProviderImpl done
Event: 31.802 Loading class sun/util/locale/provider/BaseLocaleDataMetaInfo
Event: 31.803 Loading class sun/util/locale/provider/BaseLocaleDataMetaInfo done
Event: 31.817 Loading class sun/util/resources/cldr/TimeZoneNames
Event: 31.820 Loading class sun/util/resources/TimeZoneNamesBundle
Event: 31.821 Loading class sun/util/resources/OpenListResourceBundle
Event: 31.823 Loading class sun/util/resources/OpenListResourceBundle done
Event: 31.823 Loading class sun/util/resources/TimeZoneNamesBundle done
Event: 31.823 Loading class sun/util/resources/cldr/TimeZoneNames done
Event: 31.823 Loading class sun/util/resources/cldr/TimeZoneNames_en
Event: 31.843 Loading class sun/util/resources/cldr/TimeZoneNames_en done
Event: 31.846 Loading class sun/util/resources/cldr/TimeZoneNames_en_US
Event: 31.847 Loading class sun/util/resources/cldr/TimeZoneNames_en_US done
Event: 31.884 Loading class sun/util/cldr/CLDRBaseLocaleDataMetaInfo$TZCanonicalIDMapHolder
Event: 31.895 Loading class sun/util/cldr/CLDRBaseLocaleDataMetaInfo$TZCanonicalIDMapHolder done
Event: 31.948 Loading class sun/util/resources/TimeZoneNames
Event: 31.954 Loading class sun/util/resources/TimeZoneNames done
Event: 31.955 Loading class sun/util/resources/TimeZoneNames_en
Event: 31.955 Loading class sun/util/resources/TimeZoneNames_en done

Classes unloaded (19 events):
Event: 6.341 Thread 0x00000190174cf910 Unloading class 0x000001902f1ab000 'java/lang/invoke/LambdaForm$MH+0x000001902f1ab000'
Event: 6.341 Thread 0x00000190174cf910 Unloading class 0x000001902f1aac00 'java/lang/invoke/LambdaForm$MH+0x000001902f1aac00'
Event: 6.341 Thread 0x00000190174cf910 Unloading class 0x000001902f1aa800 'java/lang/invoke/LambdaForm$MH+0x000001902f1aa800'
Event: 6.341 Thread 0x00000190174cf910 Unloading class 0x000001902f1aa400 'java/lang/invoke/LambdaForm$MH+0x000001902f1aa400'
Event: 6.341 Thread 0x00000190174cf910 Unloading class 0x000001902f1aa000 'java/lang/invoke/LambdaForm$BMH+0x000001902f1aa000'
Event: 6.341 Thread 0x00000190174cf910 Unloading class 0x000001902f1a9c00 'java/lang/invoke/LambdaForm$DMH+0x000001902f1a9c00'
Event: 6.341 Thread 0x00000190174cf910 Unloading class 0x000001902f1a8800 'java/lang/invoke/LambdaForm$DMH+0x000001902f1a8800'
Event: 8.147 Thread 0x00000190174cf910 Unloading class 0x000001902f309000 'java/lang/invoke/LambdaForm$MH+0x000001902f309000'
Event: 8.147 Thread 0x00000190174cf910 Unloading class 0x000001902f308400 'java/lang/invoke/LambdaForm$MH+0x000001902f308400'
Event: 8.147 Thread 0x00000190174cf910 Unloading class 0x000001902f307c00 'java/lang/invoke/LambdaForm$MH+0x000001902f307c00'
Event: 8.147 Thread 0x00000190174cf910 Unloading class 0x000001902f307400 'java/lang/invoke/LambdaForm$MH+0x000001902f307400'
Event: 8.147 Thread 0x00000190174cf910 Unloading class 0x000001902f307000 'java/lang/invoke/LambdaForm$DMH+0x000001902f307000'
Event: 8.147 Thread 0x00000190174cf910 Unloading class 0x000001902f306400 'java/lang/invoke/LambdaForm$MH+0x000001902f306400'
Event: 8.147 Thread 0x00000190174cf910 Unloading class 0x000001902f302c00 'java/lang/invoke/LambdaForm$MH+0x000001902f302c00'
Event: 8.147 Thread 0x00000190174cf910 Unloading class 0x000001902f302000 'java/lang/invoke/LambdaForm$MH+0x000001902f302000'
Event: 8.147 Thread 0x00000190174cf910 Unloading class 0x000001902f301800 'java/lang/invoke/LambdaForm$MH+0x000001902f301800'
Event: 8.147 Thread 0x00000190174cf910 Unloading class 0x000001902f301000 'java/lang/invoke/LambdaForm$MH+0x000001902f301000'
Event: 8.147 Thread 0x00000190174cf910 Unloading class 0x000001902f300800 'java/lang/invoke/LambdaForm$MH+0x000001902f300800'
Event: 8.147 Thread 0x00000190174cf910 Unloading class 0x000001902f300000 'java/lang/invoke/LambdaForm$MH+0x000001902f300000'

Classes redefined (0 events):
No events

Internal exceptions (20 events):
Event: 31.230 Thread 0x00000190764633f0 Exception <a 'sun/nio/fs/WindowsException'{0x00000000d586bf78}> (0x00000000d586bf78) 
thrown [s\src\hotspot\share\prims\jni.cpp, line 520]
Event: 31.409 Thread 0x00000190764633f0 Exception <a 'sun/nio/fs/WindowsException'{0x00000000d56107e8}> (0x00000000d56107e8) 
thrown [s\src\hotspot\share\prims\jni.cpp, line 520]
Event: 31.581 Thread 0x000001907185d120 Implicit null exception at 0x000001902238f434 to 0x000001902238f8ea
Event: 32.087 Thread 0x00000190764633f0 Exception <a 'sun/nio/fs/WindowsException'{0x00000000d5682cf0}> (0x00000000d5682cf0) 
thrown [s\src\hotspot\share\prims\jni.cpp, line 520]
Event: 32.139 Thread 0x0000019077e6c920 Exception <a 'sun/nio/fs/WindowsException'{0x00000000d5595ac0}> (0x00000000d5595ac0) 
thrown [s\src\hotspot\share\prims\jni.cpp, line 520]
Event: 32.139 Thread 0x0000019077e6c920 Exception <a 'sun/nio/fs/WindowsException'{0x00000000d55b8320}> (0x00000000d55b8320) 
thrown [s\src\hotspot\share\prims\jni.cpp, line 520]
Event: 32.142 Thread 0x0000019077e6c920 Exception <a 'sun/nio/fs/WindowsException'{0x00000000d56ba208}> (0x00000000d56ba208) 
thrown [s\src\hotspot\share\prims\jni.cpp, line 520]
Event: 32.142 Thread 0x0000019077e6c920 Exception <a 'sun/nio/fs/WindowsException'{0x00000000d56baab0}> (0x00000000d56baab0) 
thrown [s\src\hotspot\share\prims\jni.cpp, line 520]
Event: 32.143 Thread 0x0000019077e6c920 Exception <a 'sun/nio/fs/WindowsException'{0x00000000d56e9d10}> (0x00000000d56e9d10) 
thrown [s\src\hotspot\share\prims\jni.cpp, line 520]
Event: 32.143 Thread 0x0000019077e6c920 Exception <a 'sun/nio/fs/WindowsException'{0x00000000d56fe688}> (0x00000000d56fe688) 
thrown [s\src\hotspot\share\prims\jni.cpp, line 520]
Event: 32.144 Thread 0x0000019077e6c920 Exception <a 'sun/nio/fs/WindowsException'{0x00000000d5739740}> (0x00000000d5739740) 
thrown [s\src\hotspot\share\prims\jni.cpp, line 520]
Event: 32.144 Thread 0x0000019077e6c920 Exception <a 'sun/nio/fs/WindowsException'{0x00000000d5743f40}> (0x00000000d5743f40) 
thrown [s\src\hotspot\share\prims\jni.cpp, line 520]
Event: 32.148 Thread 0x0000019077e6c920 Exception <a 'sun/nio/fs/WindowsException'{0x00000000d5580048}> (0x00000000d5580048) 
thrown [s\src\hotspot\share\prims\jni.cpp, line 520]
Event: 32.148 Thread 0x0000019077e6c920 Exception <a 'sun/nio/fs/WindowsException'{0x00000000d558a3a8}> (0x00000000d558a3a8) 
thrown [s\src\hotspot\share\prims\jni.cpp, line 520]
Event: 32.150 Thread 0x0000019077e6c920 Exception <a 'sun/nio/fs/WindowsException'{0x00000000d55e2fb0}> (0x00000000d55e2fb0) 
thrown [s\src\hotspot\share\prims\jni.cpp, line 520]
Event: 32.150 Thread 0x0000019077e6c920 Exception <a 'sun/nio/fs/WindowsException'{0x00000000d55ed070}> (0x00000000d55ed070) 
thrown [s\src\hotspot\share\prims\jni.cpp, line 520]
Event: 32.151 Thread 0x0000019077e6c920 Exception <a 'sun/nio/fs/WindowsException'{0x00000000d560df40}> (0x00000000d560df40) 
thrown [s\src\hotspot\share\prims\jni.cpp, line 520]
Event: 32.152 Thread 0x0000019077e6c920 Exception <a 'sun/nio/fs/WindowsException'{0x00000000d5620210}> (0x00000000d5620210) 
thrown [s\src\hotspot\share\prims\jni.cpp, line 520]
Event: 32.153 Thread 0x0000019077e6c920 Exception <a 'sun/nio/fs/WindowsException'{0x00000000d566d998}> (0x00000000d566d998) 
thrown [s\src\hotspot\share\prims\jni.cpp, line 520]
Event: 32.153 Thread 0x0000019077e6c920 Exception <a 'sun/nio/fs/WindowsException'{0x00000000d5676488}> (0x00000000d5676488) 
thrown [s\src\hotspot\share\prims\jni.cpp, line 520]

ZGC Phase Switch (0 events):
No events

VM Operations (20 events):
Event: 31.982 Executing VM operation: ParallelGCFailedAllocation (Allocation Failure) done
Event: 32.009 Executing VM operation: ParallelGCFailedAllocation (Allocation Failure)
Event: 32.011 Executing VM operation: ParallelGCFailedAllocation (Allocation Failure) done
Event: 32.110 Executing VM operation: ParallelGCFailedAllocation (Allocation Failure)
Event: 32.112 Executing VM operation: ParallelGCFailedAllocation (Allocation Failure) done
Event: 32.122 Executing VM operation: ParallelGCFailedAllocation (Allocation Failure)
Event: 32.124 Executing VM operation: ParallelGCFailedAllocation (Allocation Failure) done
Event: 32.134 Executing VM operation: ParallelGCFailedAllocation (Allocation Failure)
Event: 32.136 Executing VM operation: ParallelGCFailedAllocation (Allocation Failure) done
Event: 32.145 Executing VM operation: ParallelGCFailedAllocation (Allocation Failure)
Event: 32.148 Executing VM operation: ParallelGCFailedAllocation (Allocation Failure) done
Event: 32.160 Executing VM operation: ParallelGCFailedAllocation (Allocation Failure)
Event: 32.161 Executing VM operation: ParallelGCFailedAllocation (Allocation Failure) done
Event: 32.174 Executing VM operation: ParallelGCFailedAllocation (Allocation Failure)
Event: 32.176 Executing VM operation: ParallelGCFailedAllocation (Allocation Failure) done
Event: 32.189 Executing VM operation: ParallelGCFailedAllocation (Allocation Failure)
Event: 32.190 Executing VM operation: ParallelGCFailedAllocation (Allocation Failure) done
Event: 32.202 Executing VM operation: ParallelGCFailedAllocation (Allocation Failure)
Event: 32.204 Executing VM operation: ParallelGCFailedAllocation (Allocation Failure) done
Event: 32.213 Executing VM operation: ParallelGCFailedAllocation (Allocation Failure)

Memory protections (0 events):
No events

Nmethod flushes (20 events):
Event: 8.162 Thread 0x00000190174cf910 flushing  nmethod 0x000001901ad01710
Event: 8.162 Thread 0x00000190174cf910 flushing  nmethod 0x000001901ad01b10
Event: 8.162 Thread 0x00000190174cf910 flushing  nmethod 0x000001901ad02410
Event: 8.162 Thread 0x00000190174cf910 flushing  nmethod 0x000001901ad04690
Event: 8.162 Thread 0x00000190174cf910 flushing  nmethod 0x000001901ad04e90
Event: 8.162 Thread 0x00000190174cf910 flushing  nmethod 0x000001901ad05610
Event: 8.162 Thread 0x00000190174cf910 flushing  nmethod 0x000001901ad06b90
Event: 8.162 Thread 0x00000190174cf910 flushing  nmethod 0x000001901ad07010
Event: 8.162 Thread 0x00000190174cf910 flushing  nmethod 0x000001901ad07510
Event: 8.162 Thread 0x00000190174cf910 flushing  nmethod 0x000001901ad08e90
Event: 8.162 Thread 0x00000190174cf910 flushing  nmethod 0x000001901ad09290
Event: 8.162 Thread 0x00000190174cf910 flushing  nmethod 0x000001901ad0a910
Event: 8.162 Thread 0x00000190174cf910 flushing  nmethod 0x000001901ad0c090
Event: 8.162 Thread 0x00000190174cf910 flushing  nmethod 0x000001901ad28010
Event: 8.162 Thread 0x00000190174cf910 flushing  nmethod 0x000001901ad2f590
Event: 8.162 Thread 0x00000190174cf910 flushing  nmethod 0x000001901ad3da90
Event: 8.162 Thread 0x00000190174cf910 flushing  nmethod 0x000001901ad3f010
Event: 8.162 Thread 0x00000190174cf910 flushing  nmethod 0x000001901ad90c90
Event: 8.162 Thread 0x00000190174cf910 flushing  nmethod 0x000001901ad92390
Event: 8.162 Thread 0x00000190174cf910 flushing  nmethod 0x000001901adb7f90

Events (20 events):
Event: 8.125 Thread 0x00000190174313e0 Thread added: 0x0000019077e6dcd0
Event: 8.125 Thread 0x00000190174313e0 Thread added: 0x0000019077e6a850
Event: 8.126 Thread 0x00000190174313e0 Thread added: 0x0000019077e6e360
Event: 8.192 Thread 0x00000190174313e0 Thread added: 0x0000019077e6e9f0
Event: 8.192 Thread 0x00000190174313e0 Thread added: 0x0000019077e6f080
Event: 8.193 Thread 0x00000190174313e0 Thread added: 0x0000019077e6bc00
Event: 8.344 Thread 0x00000190174313e0 Thread added: 0x0000019077e6f710
Event: 8.740 Thread 0x00000190174313e0 Thread added: 0x0000019077e70ac0
Event: 8.741 Thread 0x00000190174313e0 Thread added: 0x0000019077e6fda0
Event: 9.848 Thread 0x000001907645ff70 Thread added: 0x0000019077e70430
Event: 9.849 Thread 0x0000019077e70430 Thread exited: 0x0000019077e70430
Event: 10.687 Thread 0x0000019076ab23e0 Thread exited: 0x0000019076ab23e0
Event: 10.968 Thread 0x000001907645ff70 Thread added: 0x0000019077e70430
Event: 21.055 Thread 0x0000019077e70430 Thread exited: 0x0000019077e70430
Event: 29.481 Thread 0x00000190174e26f0 Thread added: 0x0000019077384660
Event: 30.279 Thread 0x0000019077384660 Thread exited: 0x0000019077384660
Event: 30.545 Thread 0x00000190174e7070 Thread added: 0x000001907747ae10
Event: 30.982 Thread 0x000001907747ae10 Thread exited: 0x000001907747ae10
Event: 31.092 Thread 0x00000190174e7070 Thread added: 0x000001907890ed90
Event: 31.263 Thread 0x00000190174e7070 Thread added: 0x000001907845ea60


Dynamic libraries:
0x00007ff67f1c0000 - 0x00007ff67f1ce000 	c:\Users\waniw\.vscode\extensions\redhat.java-1.46.0-win32-x64\jre\21.0.8-win32-x86_64\bin\java.exe
0x00007ff839c00000 - 0x00007ff839e69000 	C:\WINDOWS\SYSTEM32\ntdll.dll
0x00007ff8384d0000 - 0x00007ff838599000 	C:\WINDOWS\System32\KERNEL32.DLL
0x00007ff836f10000 - 0x00007ff837303000 	C:\WINDOWS\System32\KERNELBASE.dll
0x00007ff837880000 - 0x00007ff8379cb000 	C:\WINDOWS\System32\ucrtbase.dll
0x00007ff8120a0000 - 0x00007ff8120b8000 	c:\Users\waniw\.vscode\extensions\redhat.java-1.46.0-win32-x64\jre\21.0.8-win32-x86_64\bin\jli.dll
0x00007ff811fd0000 - 0x00007ff811fee000 	c:\Users\waniw\.vscode\extensions\redhat.java-1.46.0-win32-x64\jre\21.0.8-win32-x86_64\bin\VCRUNTIME140.dll
0x00007ff837b60000 - 0x00007ff837d24000 	C:\WINDOWS\System32\USER32.dll
0x00007ff8376e0000 - 0x00007ff837707000 	C:\WINDOWS\System32\win32u.dll
0x00007ff81db30000 - 0x00007ff81ddc3000 	C:\WINDOWS\WinSxS\amd64_microsoft.windows.common-controls_6595b64144ccf1df_6.0.26100.5074_none_3e0d6f78e32fd63f\COMCTL32.dll
0x00007ff839790000 - 0x00007ff8397bb000 	C:\WINDOWS\System32\GDI32.dll
0x00007ff838fb0000 - 0x00007ff839059000 	C:\WINDOWS\System32\msvcrt.dll
0x00007ff837310000 - 0x00007ff83743d000 	C:\WINDOWS\System32\gdi32full.dll
0x00007ff837440000 - 0x00007ff8374e3000 	C:\WINDOWS\System32\msvcp_win.dll
0x00007ff839120000 - 0x00007ff83914f000 	C:\WINDOWS\System32\IMM32.DLL
0x00007ff813aa0000 - 0x00007ff813aac000 	c:\Users\waniw\.vscode\extensions\redhat.java-1.46.0-win32-x64\jre\21.0.8-win32-x86_64\bin\vcruntime140_1.dll
0x00007fffe4390000 - 0x00007fffe441d000 	c:\Users\waniw\.vscode\extensions\redhat.java-1.46.0-win32-x64\jre\21.0.8-win32-x86_64\bin\msvcp140.dll
0x00007fffb2b70000 - 0x00007fffb3907000 	c:\Users\waniw\.vscode\extensions\redhat.java-1.46.0-win32-x64\jre\21.0.8-win32-x86_64\bin\server\jvm.dll
0x00007ff8383a0000 - 0x00007ff838454000 	C:\WINDOWS\System32\ADVAPI32.dll
0x00007ff838e10000 - 0x00007ff838eb6000 	C:\WINDOWS\System32\sechost.dll
0x00007ff8385a0000 - 0x00007ff8386b8000 	C:\WINDOWS\System32\RPCRT4.dll
0x00007ff839a80000 - 0x00007ff839af4000 	C:\WINDOWS\System32\WS2_32.dll
0x00007ff836c10000 - 0x00007ff836c6e000 	C:\WINDOWS\SYSTEM32\POWRPROF.dll
0x00007ff82f940000 - 0x00007ff82f94b000 	C:\WINDOWS\SYSTEM32\VERSION.dll
0x00007ff82ede0000 - 0x00007ff82ee15000 	C:\WINDOWS\SYSTEM32\WINMM.dll
0x00007ff836bf0000 - 0x00007ff836c04000 	C:\WINDOWS\SYSTEM32\UMPDC.dll
0x00007ff835b70000 - 0x00007ff835b8b000 	C:\WINDOWS\SYSTEM32\kernel.appcore.dll
0x00007ff813a10000 - 0x00007ff813a1a000 	c:\Users\waniw\.vscode\extensions\redhat.java-1.46.0-win32-x64\jre\21.0.8-win32-x86_64\bin\jimage.dll
0x00007ff8345a0000 - 0x00007ff8347e2000 	C:\WINDOWS\SYSTEM32\DBGHELP.DLL
0x00007ff839160000 - 0x00007ff8394db000 	C:\WINDOWS\System32\combase.dll
0x00007ff8397c0000 - 0x00007ff839897000 	C:\WINDOWS\System32\OLEAUT32.dll
0x00007ff81cc50000 - 0x00007ff81cc8d000 	C:\WINDOWS\SYSTEM32\dbgcore.DLL
0x00007ff837640000 - 0x00007ff8376d9000 	C:\WINDOWS\System32\bcryptPrimitives.dll
0x00007fffffa00000 - 0x00007fffffa0f000 	c:\Users\waniw\.vscode\extensions\redhat.java-1.46.0-win32-x64\jre\21.0.8-win32-x86_64\bin\instrument.dll
0x00007ff811f20000 - 0x00007ff811f3f000 	c:\Users\waniw\.vscode\extensions\redhat.java-1.46.0-win32-x64\jre\21.0.8-win32-x86_64\bin\java.dll
0x00007ff8386c0000 - 0x00007ff838e0d000 	C:\WINDOWS\System32\SHELL32.dll
0x00007ff837710000 - 0x00007ff83787c000 	C:\WINDOWS\System32\wintypes.dll
0x00007ff8349f0000 - 0x00007ff835249000 	C:\WINDOWS\SYSTEM32\windows.storage.dll
0x00007ff8394f0000 - 0x00007ff8395e0000 	C:\WINDOWS\System32\SHCORE.dll
0x00007ff8398b0000 - 0x00007ff839912000 	C:\WINDOWS\System32\shlwapi.dll
0x00007ff836cb0000 - 0x00007ff836cd9000 	C:\WINDOWS\SYSTEM32\profapi.dll
0x00007ff807110000 - 0x00007ff807128000 	c:\Users\waniw\.vscode\extensions\redhat.java-1.46.0-win32-x64\jre\21.0.8-win32-x86_64\bin\zip.dll
0x00007ff814db0000 - 0x00007ff814dc0000 	C:\Users\waniw\.vscode\extensions\redhat.java-1.46.0-win32-x64\jre\21.0.8-win32-x86_64\bin\net.dll
0x00007ff82ff40000 - 0x00007ff83005f000 	C:\WINDOWS\SYSTEM32\WINHTTP.dll
0x00007ff8360f0000 - 0x00007ff83615b000 	C:\WINDOWS\system32\mswsock.dll
0x00007ff806b70000 - 0x00007ff806b86000 	C:\Users\waniw\.vscode\extensions\redhat.java-1.46.0-win32-x64\jre\21.0.8-win32-x86_64\bin\nio.dll
0x00007ffffa640000 - 0x00007ffffa650000 	c:\Users\waniw\.vscode\extensions\redhat.java-1.46.0-win32-x64\jre\21.0.8-win32-x86_64\bin\verify.dll
0x00007fffc01d0000 - 0x00007fffc0214000 	C:\Users\waniw\AppData\Roaming\Code\User\globalStorage\redhat.java\1.46.0\config_win\org.eclipse.equinox.launcher\org.eclipse.equinox.launcher.win32.win32.x86_64_1.2.1400.v20250801-0854\eclipse_11916.dll
0x00007ff8395f0000 - 0x00007ff839788000 	C:\WINDOWS\System32\ole32.dll
0x00007ff836390000 - 0x00007ff8363ab000 	C:\WINDOWS\SYSTEM32\CRYPTSP.dll
0x00007ff835ad0000 - 0x00007ff835b0b000 	C:\WINDOWS\system32\rsaenh.dll
0x00007ff836190000 - 0x00007ff8361bb000 	C:\WINDOWS\SYSTEM32\USERENV.dll
0x00007ff836c80000 - 0x00007ff836ca6000 	C:\WINDOWS\SYSTEM32\bcrypt.dll
0x00007ff8363b0000 - 0x00007ff8363bc000 	C:\WINDOWS\SYSTEM32\CRYPTBASE.dll
0x00007ff835620000 - 0x00007ff835654000 	C:\WINDOWS\SYSTEM32\IPHLPAPI.DLL
0x00007ff8398a0000 - 0x00007ff8398aa000 	C:\WINDOWS\System32\NSI.dll
0x00007fffbde00000 - 0x00007fffbde49000 	C:\Users\waniw\AppData\Local\Temp\jna-112897810\jna14177555822311705256.dll
0x00007ff838ec0000 - 0x00007ff838ec8000 	C:\WINDOWS\System32\PSAPI.DLL
0x00007ff830b10000 - 0x00007ff830b2e000 	C:\WINDOWS\SYSTEM32\dhcpcsvc6.DLL
0x00007ff8306c0000 - 0x00007ff8306e3000 	C:\WINDOWS\SYSTEM32\dhcpcsvc.DLL
0x00007ff811fc0000 - 0x00007ff811fce000 	C:\Users\waniw\.vscode\extensions\redhat.java-1.46.0-win32-x64\jre\21.0.8-win32-x86_64\bin\sunmscapi.dll
0x00007ff836d90000 - 0x00007ff836f07000 	C:\WINDOWS\System32\CRYPT32.dll
0x00007ff8365b0000 - 0x00007ff8365e0000 	C:\WINDOWS\SYSTEM32\ncrypt.dll
0x00007ff836560000 - 0x00007ff83659f000 	C:\WINDOWS\SYSTEM32\NTASN1.dll
0x00007ff835660000 - 0x00007ff835786000 	C:\WINDOWS\SYSTEM32\DNSAPI.dll
0x00007ff82f910000 - 0x00007ff82f91b000 	C:\Windows\System32\rasadhlp.dll
0x00007ff831090000 - 0x00007ff831116000 	C:\WINDOWS\System32\fwpuclnt.dll
0x00007ff80e8c0000 - 0x00007ff80e8c9000 	C:\Users\waniw\.vscode\extensions\redhat.java-1.46.0-win32-x64\jre\21.0.8-win32-x86_64\bin\extnet.dll

JVMTI agents:
c:\Users\waniw\.vscode\extensions\redhat.java-1.46.0-win32-x64\lombok\lombok-1.18.39-4050.jar path:c:\Users\waniw\.vscode\extensions\redhat.java-1.46.0-win32-x64\jre\21.0.8-win32-x86_64\bin\instrument.dll, loaded, initialized, instrumentlib options:none

dbghelp: loaded successfully - version: 4.0.5 - missing functions: none
symbol engine: initialized successfully - sym options: 0x614 - pdb path: .;c:\Users\waniw\.vscode\extensions\redhat.java-1.46.0-win32-x64\jre\21.0.8-win32-x86_64\bin;C:\WINDOWS\SYSTEM32;C:\WINDOWS\WinSxS\amd64_microsoft.windows.common-controls_6595b64144ccf1df_6.0.26100.5074_none_3e0d6f78e32fd63f;c:\Users\waniw\.vscode\extensions\redhat.java-1.46.0-win32-x64\jre\21.0.8-win32-x86_64\bin\server;C:\Users\waniw\AppData\Roaming\Code\User\globalStorage\redhat.java\1.46.0\config_win\org.eclipse.equinox.launcher\org.eclipse.equinox.launcher.win32.win32.x86_64_1.2.1400.v20250801-0854;C:\Users\waniw\AppData\Local\Temp\jna-112897810

VM Arguments:
jvm_args: --add-modules=ALL-SYSTEM --add-opens=java.base/java.util=ALL-UNNAMED --add-opens=java.base/java.lang=ALL-UNNAMED --add-opens=java.base/sun.nio.fs=ALL-UNNAMED -Declipse.application=org.eclipse.jdt.ls.core.id1 -Dosgi.bundles.defaultStartLevel=4 -Declipse.product=org.eclipse.jdt.ls.core.product -Djava.import.generatesMetadataFilesAtProjectRoot=false -DDetectVMInstallationsJob.disabled=true -Dfile.encoding=utf8 -XX:+UseParallelGC -XX:GCTimeRatio=4 -XX:AdaptiveSizePolicyWeight=90 -Dsun.zip.disableMemoryMapping=true -Xmx2G -Xms100m -Xlog:disable -javaagent:c:\Users\waniw\.vscode\extensions\redhat.java-1.46.0-win32-x64\lombok\lombok-1.18.39-4050.jar -XX:+HeapDumpOnOutOfMemoryError -XX:HeapDumpPath=c:\Users\waniw\AppData\Roaming\Code\User\workspaceStorage\67cdc74a77c06671975aabb63d870477\redhat.java -Daether.dependencyCollector.impl=bf 
java_command: c:\Users\waniw\.vscode\extensions\redhat.java-1.46.0-win32-x64\server\plugins\org.eclipse.equinox.launcher_1.7.0.v20250519-0528.jar -configuration c:\Users\waniw\AppData\Roaming\Code\User\globalStorage\redhat.java\1.46.0\config_win -data c:\Users\waniw\AppData\Roaming\Code\User\workspaceStorage\67cdc74a77c06671975aabb63d870477\redhat.java\jdt_ws --pipe=\\.\pipe\lsp-b52eeed5e032eb4fe8af1820fdeb7d6d-sock
java_class_path (initial): c:\Users\waniw\.vscode\extensions\redhat.java-1.46.0-win32-x64\server\plugins\org.eclipse.equinox.launcher_1.7.0.v20250519-0528.jar
Launcher Type: SUN_STANDARD

[Global flags]
    uintx AdaptiveSizePolicyWeight                 = 90                                        {product} {command line}
     intx CICompilerCount                          = 4                                         {product} {ergonomic}
    uintx GCTimeRatio                              = 4                                         {product} {command line}
     bool HeapDumpOnOutOfMemoryError               = true                                   {manageable} {command line}
    ccstr HeapDumpPath                             = c:\Users\waniw\AppData\Roaming\Code\User\workspaceStorage\67cdc74a77c06671975aabb63d870477\redhat.java         {manageable} {command line}
   size_t InitialHeapSize                          = 104857600                                 {product} {command line}
   size_t MaxHeapSize                              = 2147483648                                {product} {command line}
   size_t MaxNewSize                               = 715653120                                 {product} {ergonomic}
   size_t MinHeapDeltaBytes                        = 524288                                    {product} {ergonomic}
   size_t MinHeapSize                              = 104857600                                 {product} {command line}
   size_t NewSize                                  = 34603008                                  {product} {ergonomic}
    uintx NonNMethodCodeHeapSize                   = 5839372                                {pd product} {ergonomic}
    uintx NonProfiledCodeHeapSize                  = 122909434                              {pd product} {ergonomic}
   size_t OldSize                                  = 70254592                                  {product} {ergonomic}
    uintx ProfiledCodeHeapSize                     = 122909434                              {pd product} {ergonomic}
    uintx ReservedCodeCacheSize                    = 251658240                              {pd product} {ergonomic}
     bool SegmentedCodeCache                       = true                                      {product} {ergonomic}
   size_t SoftMaxHeapSize                          = 2147483648                             {manageable} {ergonomic}
     bool UseCompressedOops                        = true                           {product lp64_product} {ergonomic}
     bool UseLargePagesIndividualAllocation        = false                                  {pd product} {ergonomic}
     bool UseParallelGC                            = true                                      {product} {command line}

Logging:
Log output configuration:
 #0: stdout all=off uptime,level,tags foldmultilines=false
 #1: stderr all=off uptime,level,tags foldmultilines=false

Environment Variables:
CLASSPATH=C:\Users\waniw\Downloads\free1\library
PATH=C:\Users\waniw\AppData\Local\cloud-code\installer\google-cloud-sdk\bin;C:\Program Files (x86)\Common Files\Intel\Shared Libraries\redist\intel64\compiler;C:\Program Files\Common Files\Oracle\Java\javapath;C:\Program Files (x86)\Common Files\Oracle\Java\java8path;C:\Program Files (x86)\Common Files\Oracle\Java\javapath;C:\WINDOWS\system32;C:\WINDOWS;C:\WINDOWS\System32\Wbem;C:\WINDOWS\System32\WindowsPowerShell\v1.0\;C:\WINDOWS\System32\OpenSSH\;C:\Program Files\Novell\iPrint;C:\Program Files\Git\cmd;C:\Program Files (x86)\Microsoft SQL Server\150\DTS\Binn\;C:\Program Files\PuTTY\;C:\Program Files (x86)\Microsoft SQL Server\160\DTS\Binn\;C:\Program Files\Azure Data Studio\bin;C:\Program Files\MongoDB\Server\7.0\bin;C:\Program Files\Vim\vim91;C:\Program Files\dotnet\;C:\Program Files\HP\HP One Agent;C:\Program Files\Microsoft SQL Server\150\Tools\Binn\;C:\Program Files\Microsoft SQL Server\Client SDK\ODBC\170\Tools\Binn\;C:\Program Files\nodejs\;C:\ProgramData\chocolatey\bin;C:\Program Files (x86)\Microsoft SQL Server\160\Tools\Binn\;C:\Program Files\Microsoft SQL Server\160\Tools\Binn\;C:\Program Files\Microsoft SQL Server\160\DTS\Binn\;C:\Program Files\php-8.3.12;;C:\WINDOWS\system32;C:\WINDOWS;C:\WINDOWS\System32\Wbem;C:\WINDOWS\System32\WindowsPowerShell\v1.0\;C:\WINDOWS\System32\OpenSSH\;C:\Users\waniw\AppData\Local\Programs\Python\Launcher\;C:\Users\waniw\AppData\Local\Microsoft\WindowsApps;C:\Users\waniw\AppData\Local\Programs\Microsoft VS Code\bin;C:\Users\waniw\AppData\Local\atom\bin;C:\Users\waniw\AppData\Local\Programs\Hyper\resources\bin;C:\msys64\mingw64\bin;C:\src\flutter\flutter\bin;C:\Program Files\Azure Data Studio\bin;C:\Users\waniw\AppData\Local\Programs\mongosh\;C:\Users\waniw\.dotnet\tools;C:\Program Files\heroku\bin;C:\Users\waniw\AppData\Roaming\npm;c:\Gradle\gradle-8.0.2\bin;C:\Program Files\JetBrains\WebStorm 2024.3.4\bin;C:\Program Files (x86)\BrowserStackLocal\;C:\Users\waniw\.fly\bin;C:\Users\waniw\AppData\Local\Google\Cloud SDK\google-cloud-sdk\bin;C:\Users\waniw\AppData\Local\Microsoft\WindowsApps;
USERNAME=waniw
OS=Windows_NT
PROCESSOR_IDENTIFIER=AMD64 Family 25 Model 80 Stepping 0, AuthenticAMD
TMP=C:\Users\waniw\AppData\Local\Temp
TEMP=C:\Users\waniw\AppData\Local\Temp




Periodic native trim disabled

---------------  S Y S T E M  ---------------

OS:
 Windows 11 , 64 bit Build 26100 (10.0.26100.5074)
OS uptime: 7 days 13:23 hours
Hyper-V role detected

CPU: total 12 (initial active 12) (12 cores per cpu, 2 threads per core) family 25 model 80 stepping 0 microcode 0xa50000c, cx8, cmov, fxsr, ht, mmx, 3dnowpref, sse, sse2, sse3, ssse3, sse4a, sse4.1, sse4.2, popcnt, lzcnt, tsc, tscinvbit, avx, avx2, aes, erms, clmul, bmi1, bmi2, adx, sha, fma, vzeroupper, clflush, clflushopt, hv, rdtscp, rdpid, fsrm, f16c, cet_ss
Processor Information for the first 12 processors :
  Max Mhz: 2301, Current Mhz: 2301, Mhz Limit: 2301

Memory: 4k page, system-wide physical 7525M (1022M free)
TotalPageFile size 31077M (AvailPageFile size 4M)
current process WorkingSet (physical memory assigned to process): 405M, peak: 405M
current process commit charge ("private bytes"): 689M, peak: 690M

vm_info: OpenJDK 64-Bit Server VM (21.0.8+9-LTS) for windows-amd64 JRE (21.0.8+9-LTS), built on 2025-07-15T00:00:00Z by "admin" with MS VC++ 17.7 (VS2022)

END.
