#
# There is insufficient memory for the Java Runtime Environment to continue.
# Native memory allocation (malloc) failed to allocate 2228352 bytes. Error detail: Chunk::new
# Possible reasons:
#   The system is out of physical RAM or swap space
#   This process is running with CompressedOops enabled, and the Java Heap may be blocking the growth of the native heap
# Possible solutions:
#   Reduce memory load on the system
#   Increase physical memory or swap space
#   Check if swap backing store is full
#   Decrease Java heap size (-Xmx/-Xms)
#   Decrease number of Java threads
#   Decrease Java thread stack sizes (-Xss)
#   Set larger code cache with -XX:ReservedCodeCacheSize=
#   JVM is running with Unscaled Compressed Oops mode in which the Java heap is
#     placed in the first 4GB address space. The Java Heap base address is the
#     maximum limit for the native heap growth. Please use -XX:HeapBaseMinAddress
#     to set the Java Heap base and to place the Java Heap above 4GB virtual address.
# This output file may be truncated or incomplete.
#
#  Out of Memory Error (arena.cpp:168), pid=18492, tid=7772
#
# JRE version: OpenJDK Runtime Environment Temurin-21.0.8+9 (21.0.8+9) (build 21.0.8+9-LTS)
# Java VM: OpenJDK 64-Bit Server VM Temurin-21.0.8+9 (21.0.8+9-LTS, mixed mode, sharing, tiered, compressed oops, compressed class ptrs, parallel gc, windows-amd64)
# No core dump will be written. Minidumps are not enabled by default on client versions of Windows
#

---------------  S U M M A R Y ------------

Command Line: --add-modules=ALL-SYSTEM --add-opens=java.base/java.util=ALL-UNNAMED --add-opens=java.base/java.lang=ALL-UNNAMED --add-opens=java.base/sun.nio.fs=ALL-UNNAMED -Declipse.application=org.eclipse.jdt.ls.core.id1 -Dosgi.bundles.defaultStartLevel=4 -Declipse.product=org.eclipse.jdt.ls.core.product -Djava.import.generatesMetadataFilesAtProjectRoot=false -DDetectVMInstallationsJob.disabled=true -Dfile.encoding=utf8 -XX:+UseParallelGC -XX:GCTimeRatio=4 -XX:AdaptiveSizePolicyWeight=90 -Dsun.zip.disableMemoryMapping=true -Xmx2G -Xms100m -Xlog:disable -javaagent:c:\Users\waniw\.vscode\extensions\redhat.java-1.44.0-win32-x64\lombok\lombok-1.18.39-4050.jar -XX:+HeapDumpOnOutOfMemoryError -XX:HeapDumpPath=c:\Users\waniw\AppData\Roaming\Code\User\workspaceStorage\67cdc74a77c06671975aabb63d870477\redhat.java -Daether.dependencyCollector.impl=bf c:\Users\waniw\.vscode\extensions\redhat.java-1.44.0-win32-x64\server\plugins\org.eclipse.equinox.launcher_1.7.0.v20250519-0528.jar -configuration c:\Users\waniw\AppData\Roaming\Code\User\globalStorage\redhat.java\1.44.0\config_win -data c:\Users\waniw\AppData\Roaming\Code\User\workspaceStorage\67cdc74a77c06671975aabb63d870477\redhat.java\jdt_ws --pipe=\\.\pipe\lsp-43b5004c3b4efaf7cfc8b97c7c747e0f-sock

Host: AMD Ryzen 5 5600U with Radeon Graphics         , 12 cores, 7G,  Windows 11 , 64 bit Build 22621 (10.0.22621.5415)
Time: Mon Aug  4 16:30:08 2025 South Africa Standard Time elapsed time: 104.909295 seconds (0d 0h 1m 44s)

---------------  T H R E A D  ---------------

Current thread (0x0000017eed5bc860):  JavaThread "C2 CompilerThread1" daemon [_thread_in_native, id=7772, stack(0x000000372de00000,0x000000372df00000) (1024K)]


Current CompileTask:
C2:104909 11436   !   4       org.eclipse.jdt.internal.core.search.indexing.BinaryIndexer::indexDocument (1168 bytes)

Stack: [0x000000372de00000,0x000000372df00000]
Native frames: (J=compiled Java code, j=interpreted, Vv=VM code, C=native code)
V  [jvm.dll+0x6d2449]
V  [jvm.dll+0x8ae341]
V  [jvm.dll+0x8b08be]
V  [jvm.dll+0x8b0fa3]
V  [jvm.dll+0x280c96]
V  [jvm.dll+0xc581d]
V  [jvm.dll+0xc5d53]
V  [jvm.dll+0x3b919c]
V  [jvm.dll+0x385315]
V  [jvm.dll+0x38477a]
V  [jvm.dll+0x248ed0]
V  [jvm.dll+0x2484af]
V  [jvm.dll+0x1c89ee]
V  [jvm.dll+0x257d4d]
V  [jvm.dll+0x2562ea]
V  [jvm.dll+0x3f2d16]
V  [jvm.dll+0x857e6b]
V  [jvm.dll+0x6d0b0d]
C  [ucrtbase.dll+0x29333]
C  [KERNEL32.DLL+0x1259d]
C  [ntdll.dll+0x5af78]


---------------  P R O C E S S  ---------------

Threads class SMR info:
_java_thread_list=0x0000017eee852e10, length=56, elements={
0x0000017ecdd752a0, 0x0000017ecde133b0, 0x0000017ee480c9f0, 0x0000017ee480e900,
0x0000017ecde14850, 0x0000017ecde15760, 0x0000017ecde19bc0, 0x0000017ecde1b510,
0x0000017ecde29870, 0x0000017ee5c45ab0, 0x0000017ee5edaf50, 0x0000017eeb6d9d50,
0x0000017eeb8922c0, 0x0000017eeb6f8b90, 0x0000017ee5be4680, 0x0000017eeb2d2c10,
0x0000017eeb5fee20, 0x0000017eeb1e1ec0, 0x0000017eeb1e4620, 0x0000017eeb1e11a0,
0x0000017eeb1e2550, 0x0000017eeb1e3900, 0x0000017eeb1e2be0, 0x0000017eeb1e3270,
0x0000017eec717b60, 0x0000017eec7195a0, 0x0000017eec718880, 0x0000017eec7167b0,
0x0000017eec71a2c0, 0x0000017eec7181f0, 0x0000017eec718f10, 0x0000017eec713330,
0x0000017eec715400, 0x0000017eec714050, 0x0000017eec716120, 0x0000017eec716e40,
0x0000017eec719c30, 0x0000017eec714d70, 0x0000017eec71a950, 0x0000017eec7139c0,
0x0000017eec715a90, 0x0000017eec7146e0, 0x0000017eee799b30, 0x0000017eee796d40,
0x0000017eee796020, 0x0000017eee795990, 0x0000017eee798780, 0x0000017eee795300,
0x0000017eee7980f0, 0x0000017eee7994a0, 0x0000017eee79a1c0, 0x0000017eee7966b0,
0x0000017eee798e10, 0x0000017eee797a60, 0x0000017eee7973d0, 0x0000017eed5bc860
}

Java Threads: ( => current thread )
  0x0000017ecdd752a0 JavaThread "main"                              [_thread_blocked, id=25000, stack(0x000000372df00000,0x000000372e000000) (1024K)]
  0x0000017ecde133b0 JavaThread "Reference Handler"          daemon [_thread_blocked, id=12228, stack(0x000000372e300000,0x000000372e400000) (1024K)]
  0x0000017ee480c9f0 JavaThread "Finalizer"                  daemon [_thread_blocked, id=31028, stack(0x000000372e400000,0x000000372e500000) (1024K)]
  0x0000017ee480e900 JavaThread "Signal Dispatcher"          daemon [_thread_blocked, id=15124, stack(0x000000372e500000,0x000000372e600000) (1024K)]
  0x0000017ecde14850 JavaThread "Attach Listener"            daemon [_thread_blocked, id=26528, stack(0x000000372e600000,0x000000372e700000) (1024K)]
  0x0000017ecde15760 JavaThread "Service Thread"             daemon [_thread_blocked, id=27116, stack(0x000000372e700000,0x000000372e800000) (1024K)]
  0x0000017ecde19bc0 JavaThread "Monitor Deflation Thread"   daemon [_thread_blocked, id=20176, stack(0x000000372e800000,0x000000372e900000) (1024K)]
  0x0000017ecde1b510 JavaThread "C2 CompilerThread0"         daemon [_thread_blocked, id=20540, stack(0x000000372e900000,0x000000372ea00000) (1024K)]
  0x0000017ecde29870 JavaThread "C1 CompilerThread0"         daemon [_thread_blocked, id=20412, stack(0x000000372ea00000,0x000000372eb00000) (1024K)]
  0x0000017ee5c45ab0 JavaThread "Common-Cleaner"             daemon [_thread_blocked, id=11308, stack(0x000000372eb00000,0x000000372ec00000) (1024K)]
  0x0000017ee5edaf50 JavaThread "Notification Thread"        daemon [_thread_blocked, id=26552, stack(0x000000372ec00000,0x000000372ed00000) (1024K)]
  0x0000017eeb6d9d50 JavaThread "Active Thread: Equinox Container: 35b8e913-8706-487b-aba6-dc5e2bb1b92a"        [_thread_blocked, id=17156, stack(0x000000372f400000,0x000000372f500000) (1024K)]
  0x0000017eeb8922c0 JavaThread "Refresh Thread: Equinox Container: 35b8e913-8706-487b-aba6-dc5e2bb1b92a" daemon [_thread_blocked, id=32824, stack(0x000000372f500000,0x000000372f600000) (1024K)]
  0x0000017eeb6f8b90 JavaThread "Framework Event Dispatcher: Equinox Container: 35b8e913-8706-487b-aba6-dc5e2bb1b92a" daemon [_thread_blocked, id=28944, stack(0x000000372f600000,0x000000372f700000) (1024K)]
  0x0000017ee5be4680 JavaThread "Start Level: Equinox Container: 35b8e913-8706-487b-aba6-dc5e2bb1b92a" daemon [_thread_blocked, id=24784, stack(0x000000372f700000,0x000000372f800000) (1024K)]
  0x0000017eeb2d2c10 JavaThread "Bundle File Closer"         daemon [_thread_blocked, id=4732, stack(0x000000372fa00000,0x000000372fb00000) (1024K)]
  0x0000017eeb5fee20 JavaThread "SCR Component Actor"        daemon [_thread_blocked, id=16104, stack(0x000000372fb00000,0x000000372fc00000) (1024K)]
  0x0000017eeb1e1ec0 JavaThread "Worker-JM"                         [_thread_blocked, id=19832, stack(0x000000372fd00000,0x000000372fe00000) (1024K)]
  0x0000017eeb1e4620 JavaThread "JNA Cleaner"                daemon [_thread_blocked, id=29304, stack(0x000000372fe00000,0x000000372ff00000) (1024K)]
  0x0000017eeb1e11a0 JavaThread "Worker-0: Java indexing... "        [_thread_blocked, id=1580, stack(0x000000372ff00000,0x0000003730000000) (1024K)]
  0x0000017eeb1e2550 JavaThread "Worker-1: Initialize workspace"        [_thread_blocked, id=20476, stack(0x0000003730000000,0x0000003730100000) (1024K)]
  0x0000017eeb1e3900 JavaThread "Worker-2"                          [_thread_blocked, id=4376, stack(0x0000003730100000,0x0000003730200000) (1024K)]
  0x0000017eeb1e2be0 JavaThread "Java indexing"              daemon [_thread_in_Java, id=12296, stack(0x0000003730200000,0x0000003730300000) (1024K)]
  0x0000017eeb1e3270 JavaThread "Worker-3: Download Gradle Wrapper checksums"        [_thread_in_native, id=26396, stack(0x0000003730300000,0x0000003730400000) (1024K)]
  0x0000017eec717b60 JavaThread "Worker-4"                          [_thread_blocked, id=7216, stack(0x0000003730400000,0x0000003730500000) (1024K)]
  0x0000017eec7195a0 JavaThread "Worker-5: Validating Gradle wrapper checksum..."        [_thread_blocked, id=10404, stack(0x0000003730500000,0x0000003730600000) (1024K)]
  0x0000017eec718880 JavaThread "Thread-2"                   daemon [_thread_in_native, id=17648, stack(0x0000003730600000,0x0000003730700000) (1024K)]
  0x0000017eec7167b0 JavaThread "Thread-3"                   daemon [_thread_in_native, id=33448, stack(0x0000003730700000,0x0000003730800000) (1024K)]
  0x0000017eec71a2c0 JavaThread "Thread-4"                   daemon [_thread_in_native, id=9764, stack(0x0000003730800000,0x0000003730900000) (1024K)]
  0x0000017eec7181f0 JavaThread "Thread-5"                   daemon [_thread_in_native, id=28308, stack(0x0000003730900000,0x0000003730a00000) (1024K)]
  0x0000017eec718f10 JavaThread "Thread-6"                   daemon [_thread_in_native, id=16684, stack(0x0000003730a00000,0x0000003730b00000) (1024K)]
  0x0000017eec713330 JavaThread "Thread-7"                   daemon [_thread_in_native, id=18232, stack(0x0000003730b00000,0x0000003730c00000) (1024K)]
  0x0000017eec715400 JavaThread "Thread-8"                   daemon [_thread_in_native, id=21116, stack(0x0000003730c00000,0x0000003730d00000) (1024K)]
  0x0000017eec714050 JavaThread "Thread-9"                   daemon [_thread_in_native, id=18404, stack(0x0000003730d00000,0x0000003730e00000) (1024K)]
  0x0000017eec716120 JavaThread "Thread-10"                  daemon [_thread_in_native, id=21680, stack(0x0000003730e00000,0x0000003730f00000) (1024K)]
  0x0000017eec716e40 JavaThread "Thread-11"                  daemon [_thread_in_native, id=11840, stack(0x0000003730f00000,0x0000003731000000) (1024K)]
  0x0000017eec719c30 JavaThread "Thread-12"                  daemon [_thread_in_native, id=26216, stack(0x0000003731000000,0x0000003731100000) (1024K)]
  0x0000017eec714d70 JavaThread "Thread-13"                  daemon [_thread_in_native, id=13012, stack(0x0000003731100000,0x0000003731200000) (1024K)]
  0x0000017eec71a950 JavaThread "Thread-14"                  daemon [_thread_in_native, id=10740, stack(0x0000003731200000,0x0000003731300000) (1024K)]
  0x0000017eec7139c0 JavaThread "pool-2-thread-1"                   [_thread_blocked, id=20632, stack(0x0000003731300000,0x0000003731400000) (1024K)]
  0x0000017eec715a90 JavaThread "WorkspaceEventsHandler"            [_thread_blocked, id=20456, stack(0x0000003731400000,0x0000003731500000) (1024K)]
  0x0000017eec7146e0 JavaThread "pool-1-thread-1"                   [_thread_blocked, id=12896, stack(0x0000003731500000,0x0000003731600000) (1024K)]
  0x0000017eee799b30 JavaThread "LocalFile Deleter"          daemon [_thread_blocked, id=14572, stack(0x000000372fc00000,0x000000372fd00000) (1024K)]
  0x0000017eee796d40 JavaThread "LocalFile Deleter"          daemon [_thread_blocked, id=15064, stack(0x0000003731600000,0x0000003731700000) (1024K)]
  0x0000017eee796020 JavaThread "LocalFile Deleter"          daemon [_thread_blocked, id=21832, stack(0x0000003731700000,0x0000003731800000) (1024K)]
  0x0000017eee795990 JavaThread "LocalFile Deleter"          daemon [_thread_blocked, id=3108, stack(0x0000003731800000,0x0000003731900000) (1024K)]
  0x0000017eee798780 JavaThread "LocalFile Deleter"          daemon [_thread_blocked, id=11116, stack(0x0000003731900000,0x0000003731a00000) (1024K)]
  0x0000017eee795300 JavaThread "LocalFile Deleter"          daemon [_thread_blocked, id=12120, stack(0x0000003731a00000,0x0000003731b00000) (1024K)]
  0x0000017eee7980f0 JavaThread "LocalFile Deleter"          daemon [_thread_blocked, id=27856, stack(0x0000003731b00000,0x0000003731c00000) (1024K)]
  0x0000017eee7994a0 JavaThread "LocalFile Deleter"          daemon [_thread_blocked, id=28012, stack(0x0000003731c00000,0x0000003731d00000) (1024K)]
  0x0000017eee79a1c0 JavaThread "LocalFile Deleter"          daemon [_thread_blocked, id=14084, stack(0x0000003731d00000,0x0000003731e00000) (1024K)]
  0x0000017eee7966b0 JavaThread "LocalFile Deleter"          daemon [_thread_blocked, id=14812, stack(0x0000003731e00000,0x0000003731f00000) (1024K)]
  0x0000017eee798e10 JavaThread "LocalFile Deleter"          daemon [_thread_blocked, id=11384, stack(0x0000003731f00000,0x0000003732000000) (1024K)]
  0x0000017eee797a60 JavaThread "LocalFile Deleter"          daemon [_thread_blocked, id=32744, stack(0x000000372dd00000,0x000000372de00000) (1024K)]
  0x0000017eee7973d0 JavaThread "Timer-0"                           [_thread_blocked, id=27996, stack(0x0000003732200000,0x0000003732300000) (1024K)]
=>0x0000017eed5bc860 JavaThread "C2 CompilerThread1"         daemon [_thread_in_native, id=7772, stack(0x000000372de00000,0x000000372df00000) (1024K)]
Total: 56

Other Threads:
  0x0000017ecde0ebe0 VMThread "VM Thread"                           [id=20084, stack(0x000000372e200000,0x000000372e300000) (1024K)]
  0x0000017ee46eca10 WatcherThread "VM Periodic Task Thread"        [id=26940, stack(0x000000372e100000,0x000000372e200000) (1024K)]
  0x0000017ecdd94930 WorkerThread "GC Thread#0"                     [id=11904, stack(0x000000372e000000,0x000000372e100000) (1024K)]
  0x0000017eeb02d080 WorkerThread "GC Thread#1"                     [id=12244, stack(0x000000372ee00000,0x000000372ef00000) (1024K)]
  0x0000017eeb02d420 WorkerThread "GC Thread#2"                     [id=26732, stack(0x000000372ef00000,0x000000372f000000) (1024K)]
  0x0000017eeb02d7c0 WorkerThread "GC Thread#3"                     [id=13216, stack(0x000000372f000000,0x000000372f100000) (1024K)]
  0x0000017eeb7a0260 WorkerThread "GC Thread#4"                     [id=33664, stack(0x000000372f100000,0x000000372f200000) (1024K)]
  0x0000017eeb7a0600 WorkerThread "GC Thread#5"                     [id=11584, stack(0x000000372f200000,0x000000372f300000) (1024K)]
  0x0000017eeb1b6280 WorkerThread "GC Thread#6"                     [id=7792, stack(0x000000372f300000,0x000000372f400000) (1024K)]
  0x0000017eeb88f0d0 WorkerThread "GC Thread#7"                     [id=21488, stack(0x000000372ed00000,0x000000372ee00000) (1024K)]
  0x0000017eeb88f470 WorkerThread "GC Thread#8"                     [id=29892, stack(0x000000372f800000,0x000000372f900000) (1024K)]
  0x0000017eeb88e250 WorkerThread "GC Thread#9"                     [id=16600, stack(0x000000372f900000,0x000000372fa00000) (1024K)]
Total: 12

Threads with active compile tasks:
C2 CompilerThread1  104950 11436   !   4       org.eclipse.jdt.internal.core.search.indexing.BinaryIndexer::indexDocument (1168 bytes)
Total: 1

VM state: not at safepoint (normal execution)

VM Mutex/Monitor currently owned by a thread: None

Heap address: 0x0000000080000000, size: 2048 MB, Compressed Oops mode: 32-bit

CDS archive(s) mapped at: [0x0000017e80000000-0x0000017e80ba0000-0x0000017e80ba0000), size 12189696, SharedBaseAddress: 0x0000017e80000000, ArchiveRelocationMode: 1.
Compressed class space mapped at: 0x0000017e81000000-0x0000017ec1000000, reserved size: 1073741824
Narrow klass base: 0x0000017e80000000, Narrow klass shift: 0, Narrow klass range: 0x100000000

GC Precious Log:
 CardTable entry size: 512
 CPUs: 12 total, 12 available
 Memory: 7525M
 Large Page Support: Disabled
 NUMA Support: Disabled
 Compressed Oops: Enabled (32-bit)
 Alignments: Space 512K, Generation 512K, Heap 2M
 Heap Min Capacity: 100M
 Heap Initial Capacity: 100M
 Heap Max Capacity: 2G
 Pre-touch: Disabled
 Parallel Workers: 10

Heap:
 PSYoungGen      total 8192K, used 5933K [0x00000000d5580000, 0x00000000d5e80000, 0x0000000100000000)
  eden space 7168K, 75% used [0x00000000d5580000,0x00000000d5ac1a38,0x00000000d5c80000)
  from space 1024K, 53% used [0x00000000d5d80000,0x00000000d5e09a50,0x00000000d5e80000)
  to   space 1024K, 0% used [0x00000000d5c80000,0x00000000d5c80000,0x00000000d5d80000)
 ParOldGen       total 674304K, used 673910K [0x0000000080000000, 0x00000000a9280000, 0x00000000d5580000)
  object space 674304K, 99% used [0x0000000080000000,0x00000000a921d908,0x00000000a9280000)
 Metaspace       used 65124K, committed 66432K, reserved 1114112K
  class space    used 7406K, committed 8000K, reserved 1048576K

Card table byte_map: [0x0000017ecd730000,0x0000017ecdb40000] _byte_map_base: 0x0000017ecd330000

Marking Bits: (ParMarkBitMap*) 0x00007ffec576a340
 Begin Bits: [0x0000017ee0210000, 0x0000017ee2210000)
 End Bits:   [0x0000017ee2210000, 0x0000017ee4210000)

Polling page: 0x0000017ecba20000

Metaspace:

Usage:
  Non-class:     56.37 MB used.
      Class:      7.23 MB used.
       Both:     63.60 MB used.

Virtual space:
  Non-class space:       64.00 MB reserved,      57.06 MB ( 89%) committed,  1 nodes.
      Class space:        1.00 GB reserved,       7.81 MB ( <1%) committed,  1 nodes.
             Both:        1.06 GB reserved,      64.88 MB (  6%) committed. 

Chunk freelists:
   Non-Class:  6.64 MB
       Class:  8.18 MB
        Both:  14.82 MB

MaxMetaspaceSize: unlimited
CompressedClassSpaceSize: 1.00 GB
Initial GC threshold: 21.00 MB
Current GC threshold: 91.19 MB
CDS: on
 - commit_granule_bytes: 65536.
 - commit_granule_words: 8192.
 - virtual_space_node_default_size: 8388608.
 - enlarge_chunks_in_place: 1.
 - use_allocation_guard: 0.


Internal statistics:

num_allocs_failed_limit: 6.
num_arena_births: 1038.
num_arena_deaths: 30.
num_vsnodes_births: 2.
num_vsnodes_deaths: 0.
num_space_committed: 1038.
num_space_uncommitted: 0.
num_chunks_returned_to_freelist: 41.
num_chunks_taken_from_freelist: 3703.
num_chunk_merges: 10.
num_chunk_splits: 2365.
num_chunks_enlarged: 1496.
num_inconsistent_stats: 0.

CodeHeap 'non-profiled nmethods': size=120000Kb used=7567Kb max_used=7567Kb free=112432Kb
 bounds [0x0000017ed8a30000, 0x0000017ed91a0000, 0x0000017edff60000]
CodeHeap 'profiled nmethods': size=120000Kb used=18040Kb max_used=20794Kb free=101960Kb
 bounds [0x0000017ed0f60000, 0x0000017ed23f0000, 0x0000017ed8490000]
CodeHeap 'non-nmethods': size=5760Kb used=1445Kb max_used=1499Kb free=4315Kb
 bounds [0x0000017ed8490000, 0x0000017ed8700000, 0x0000017ed8a30000]
CodeCache: size=245760Kb, used=27052Kb, max_used=29860Kb, free=218707Kb
 total_blobs=9776, nmethods=9020, adapters=662, full_count=0
Compilation: enabled, stopped_count=0, restarted_count=0

Compilation events (20 events):
Event: 104.410 Thread 0x0000017ecde1b510 11429       4       sun.security.util.math.intpoly.IntegerPolynomial::multByInt (30 bytes)
Event: 104.410 Thread 0x0000017eed5bcf30 11430       4       sun.security.util.math.intpoly.IntegerPolynomial25519::square (613 bytes)
Event: 104.413 Thread 0x0000017eed5bc860 nmethod 11427 0x0000017ed918c610 code [0x0000017ed918c7a0, 0x0000017ed918c940]
Event: 104.413 Thread 0x0000017eed5bc860 11432       4       sun.security.util.math.intpoly.IntegerPolynomial25519::carryReduce (391 bytes)
Event: 104.414 Thread 0x0000017ecde1b510 nmethod 11429 0x0000017ed918ca10 code [0x0000017ed918cbc0, 0x0000017ed918cec0]
Event: 104.414 Thread 0x0000017ecde1b510 11431       4       sun.security.ec.XECOperations::bitAt (23 bytes)
Event: 104.415 Thread 0x0000017eed5bc860 nmethod 11432 0x0000017ed918d010 code [0x0000017ed918d1a0, 0x0000017ed918d438]
Event: 104.415 Thread 0x0000017ecde1b510 nmethod 11431 0x0000017ed918d590 code [0x0000017ed918d720, 0x0000017ed918d818]
Event: 104.418 Thread 0x0000017eed5bcf30 nmethod 11430 0x0000017ed918d910 code [0x0000017ed918dac0, 0x0000017ed918e018]
Event: 104.441 Thread 0x0000017ecde29870 11433   !   3       org.eclipse.jdt.internal.core.search.indexing.AddJarFileToIndex::execute (1557 bytes)
Event: 104.443 Thread 0x0000017eed5bc860 11434   !   4       org.eclipse.jdt.internal.core.search.JavaSearchDocument::getByteContents (41 bytes)
Event: 104.443 Thread 0x0000017eed5bc860 nmethod 11434 0x0000017ed918e190 code [0x0000017ed918e320, 0x0000017ed918e3d0]
Event: 104.456 Thread 0x0000017ecde29870 nmethod 11433 0x0000017ed23cbf10 code [0x0000017ed23cdb20, 0x0000017ed23df5a0]
Event: 104.465 Thread 0x0000017eed5bc860 11435       4       org.eclipse.jdt.internal.compiler.parser.Scanner::scanIdentifier (450 bytes)
Event: 104.471 Thread 0x0000017eed5bc860 nmethod 11435 0x0000017ed918e490 code [0x0000017ed918e6c0, 0x0000017ed918eb70]
Event: 104.487 Thread 0x0000017eed5bc860 11436   !   4       org.eclipse.jdt.internal.core.search.indexing.BinaryIndexer::indexDocument (1168 bytes)
Event: 104.506 Thread 0x0000017eed5bcf30 11437       4       java.lang.StringConcatHelper::prepend (37 bytes)
Event: 104.508 Thread 0x0000017eed5bcf30 nmethod 11437 0x0000017ed918f010 code [0x0000017ed918f1c0, 0x0000017ed918f460]
Event: 104.544 Thread 0x0000017ecde1b510 11438       4       org.eclipse.jdt.core.Signature::encodeTypeSignature (908 bytes)
Event: 104.562 Thread 0x0000017ecde1b510 nmethod 11438 0x0000017ed918f610 code [0x0000017ed918f8e0, 0x0000017ed9190728]

GC Heap History (20 events):
Event: 104.785 GC heap before
{Heap before GC invocations=2681 (full 5):
 PSYoungGen      total 6144K, used 5728K [0x00000000d5580000, 0x00000000d5d80000, 0x0000000100000000)
  eden space 5120K, 100% used [0x00000000d5580000,0x00000000d5a80000,0x00000000d5a80000)
  from space 1024K, 59% used [0x00000000d5a80000,0x00000000d5b18000,0x00000000d5b80000)
  to   space 1024K, 0% used [0x00000000d5c80000,0x00000000d5c80000,0x00000000d5d80000)
 ParOldGen       total 665600K, used 665278K [0x0000000080000000, 0x00000000a8a00000, 0x00000000d5580000)
  object space 665600K, 99% used [0x0000000080000000,0x00000000a89af908,0x00000000a8a00000)
 Metaspace       used 65124K, committed 66432K, reserved 1114112K
  class space    used 7406K, committed 8000K, reserved 1048576K
}
Event: 104.786 GC heap after
{Heap after GC invocations=2681 (full 5):
 PSYoungGen      total 6144K, used 765K [0x00000000d5580000, 0x00000000d5d80000, 0x0000000100000000)
  eden space 5120K, 0% used [0x00000000d5580000,0x00000000d5580000,0x00000000d5a80000)
  from space 1024K, 74% used [0x00000000d5c80000,0x00000000d5d3f690,0x00000000d5d80000)
  to   space 1024K, 0% used [0x00000000d5a80000,0x00000000d5a80000,0x00000000d5b80000)
 ParOldGen       total 666112K, used 665766K [0x0000000080000000, 0x00000000a8a80000, 0x00000000d5580000)
  object space 666112K, 99% used [0x0000000080000000,0x00000000a8a29908,0x00000000a8a80000)
 Metaspace       used 65124K, committed 66432K, reserved 1114112K
  class space    used 7406K, committed 8000K, reserved 1048576K
}
Event: 104.794 GC heap before
{Heap before GC invocations=2682 (full 5):
 PSYoungGen      total 6144K, used 5885K [0x00000000d5580000, 0x00000000d5d80000, 0x0000000100000000)
  eden space 5120K, 100% used [0x00000000d5580000,0x00000000d5a80000,0x00000000d5a80000)
  from space 1024K, 74% used [0x00000000d5c80000,0x00000000d5d3f690,0x00000000d5d80000)
  to   space 1024K, 0% used [0x00000000d5a80000,0x00000000d5a80000,0x00000000d5b80000)
 ParOldGen       total 666112K, used 665766K [0x0000000080000000, 0x00000000a8a80000, 0x00000000d5580000)
  object space 666112K, 99% used [0x0000000080000000,0x00000000a8a29908,0x00000000a8a80000)
 Metaspace       used 65124K, committed 66432K, reserved 1114112K
  class space    used 7406K, committed 8000K, reserved 1048576K
}
Event: 104.796 GC heap after
{Heap after GC invocations=2682 (full 5):
 PSYoungGen      total 6144K, used 913K [0x00000000d5580000, 0x00000000d5d80000, 0x0000000100000000)
  eden space 5120K, 0% used [0x00000000d5580000,0x00000000d5580000,0x00000000d5a80000)
  from space 1024K, 89% used [0x00000000d5a80000,0x00000000d5b64580,0x00000000d5b80000)
  to   space 1024K, 0% used [0x00000000d5c80000,0x00000000d5c80000,0x00000000d5d80000)
 ParOldGen       total 666624K, used 666286K [0x0000000080000000, 0x00000000a8b00000, 0x00000000d5580000)
  object space 666624K, 99% used [0x0000000080000000,0x00000000a8aab908,0x00000000a8b00000)
 Metaspace       used 65124K, committed 66432K, reserved 1114112K
  class space    used 7406K, committed 8000K, reserved 1048576K
}
Event: 104.804 GC heap before
{Heap before GC invocations=2683 (full 5):
 PSYoungGen      total 6144K, used 6033K [0x00000000d5580000, 0x00000000d5d80000, 0x0000000100000000)
  eden space 5120K, 100% used [0x00000000d5580000,0x00000000d5a80000,0x00000000d5a80000)
  from space 1024K, 89% used [0x00000000d5a80000,0x00000000d5b64580,0x00000000d5b80000)
  to   space 1024K, 0% used [0x00000000d5c80000,0x00000000d5c80000,0x00000000d5d80000)
 ParOldGen       total 666624K, used 666286K [0x0000000080000000, 0x00000000a8b00000, 0x00000000d5580000)
  object space 666624K, 99% used [0x0000000080000000,0x00000000a8aab908,0x00000000a8b00000)
 Metaspace       used 65124K, committed 66432K, reserved 1114112K
  class space    used 7406K, committed 8000K, reserved 1048576K
}
Event: 104.807 GC heap after
{Heap after GC invocations=2683 (full 5):
 PSYoungGen      total 7168K, used 716K [0x00000000d5580000, 0x00000000d5d80000, 0x0000000100000000)
  eden space 6144K, 0% used [0x00000000d5580000,0x00000000d5580000,0x00000000d5b80000)
  from space 1024K, 69% used [0x00000000d5c80000,0x00000000d5d33320,0x00000000d5d80000)
  to   space 1024K, 0% used [0x00000000d5b80000,0x00000000d5b80000,0x00000000d5c80000)
 ParOldGen       total 667136K, used 666942K [0x0000000080000000, 0x00000000a8b80000, 0x00000000d5580000)
  object space 667136K, 99% used [0x0000000080000000,0x00000000a8b4f908,0x00000000a8b80000)
 Metaspace       used 65124K, committed 66432K, reserved 1114112K
  class space    used 7406K, committed 8000K, reserved 1048576K
}
Event: 104.816 GC heap before
{Heap before GC invocations=2684 (full 5):
 PSYoungGen      total 7168K, used 6835K [0x00000000d5580000, 0x00000000d5d80000, 0x0000000100000000)
  eden space 6144K, 99% used [0x00000000d5580000,0x00000000d5b79c20,0x00000000d5b80000)
  from space 1024K, 69% used [0x00000000d5c80000,0x00000000d5d33320,0x00000000d5d80000)
  to   space 1024K, 0% used [0x00000000d5b80000,0x00000000d5b80000,0x00000000d5c80000)
 ParOldGen       total 667136K, used 666942K [0x0000000080000000, 0x00000000a8b80000, 0x00000000d5580000)
  object space 667136K, 99% used [0x0000000080000000,0x00000000a8b4f908,0x00000000a8b80000)
 Metaspace       used 65124K, committed 66432K, reserved 1114112K
  class space    used 7406K, committed 8000K, reserved 1048576K
}
Event: 104.818 GC heap after
{Heap after GC invocations=2684 (full 5):
 PSYoungGen      total 7168K, used 754K [0x00000000d5580000, 0x00000000d5f00000, 0x0000000100000000)
  eden space 6144K, 0% used [0x00000000d5580000,0x00000000d5580000,0x00000000d5b80000)
  from space 1024K, 73% used [0x00000000d5b80000,0x00000000d5c3cb18,0x00000000d5c80000)
  to   space 1024K, 0% used [0x00000000d5e00000,0x00000000d5e00000,0x00000000d5f00000)
 ParOldGen       total 667648K, used 667478K [0x0000000080000000, 0x00000000a8c00000, 0x00000000d5580000)
  object space 667648K, 99% used [0x0000000080000000,0x00000000a8bd5908,0x00000000a8c00000)
 Metaspace       used 65124K, committed 66432K, reserved 1114112K
  class space    used 7406K, committed 8000K, reserved 1048576K
}
Event: 104.828 GC heap before
{Heap before GC invocations=2685 (full 5):
 PSYoungGen      total 7168K, used 6898K [0x00000000d5580000, 0x00000000d5f00000, 0x0000000100000000)
  eden space 6144K, 100% used [0x00000000d5580000,0x00000000d5b80000,0x00000000d5b80000)
  from space 1024K, 73% used [0x00000000d5b80000,0x00000000d5c3cb18,0x00000000d5c80000)
  to   space 1024K, 0% used [0x00000000d5e00000,0x00000000d5e00000,0x00000000d5f00000)
 ParOldGen       total 667648K, used 667478K [0x0000000080000000, 0x00000000a8c00000, 0x00000000d5580000)
  object space 667648K, 99% used [0x0000000080000000,0x00000000a8bd5908,0x00000000a8c00000)
 Metaspace       used 65124K, committed 66432K, reserved 1114112K
  class space    used 7406K, committed 8000K, reserved 1048576K
}
Event: 104.830 GC heap after
{Heap after GC invocations=2685 (full 5):
 PSYoungGen      total 8704K, used 672K [0x00000000d5580000, 0x00000000d5f00000, 0x0000000100000000)
  eden space 7680K, 0% used [0x00000000d5580000,0x00000000d5580000,0x00000000d5d00000)
  from space 1024K, 65% used [0x00000000d5e00000,0x00000000d5ea8000,0x00000000d5f00000)
  to   space 1024K, 0% used [0x00000000d5d00000,0x00000000d5d00000,0x00000000d5e00000)
 ParOldGen       total 668160K, used 668126K [0x0000000080000000, 0x00000000a8c80000, 0x00000000d5580000)
  object space 668160K, 99% used [0x0000000080000000,0x00000000a8c77908,0x00000000a8c80000)
 Metaspace       used 65124K, committed 66432K, reserved 1114112K
  class space    used 7406K, committed 8000K, reserved 1048576K
}
Event: 104.842 GC heap before
{Heap before GC invocations=2686 (full 5):
 PSYoungGen      total 8704K, used 8352K [0x00000000d5580000, 0x00000000d5f00000, 0x0000000100000000)
  eden space 7680K, 100% used [0x00000000d5580000,0x00000000d5d00000,0x00000000d5d00000)
  from space 1024K, 65% used [0x00000000d5e00000,0x00000000d5ea8000,0x00000000d5f00000)
  to   space 1024K, 0% used [0x00000000d5d00000,0x00000000d5d00000,0x00000000d5e00000)
 ParOldGen       total 668160K, used 668126K [0x0000000080000000, 0x00000000a8c80000, 0x00000000d5580000)
  object space 668160K, 99% used [0x0000000080000000,0x00000000a8c77908,0x00000000a8c80000)
 Metaspace       used 65124K, committed 66432K, reserved 1114112K
  class space    used 7406K, committed 8000K, reserved 1048576K
}
Event: 104.844 GC heap after
{Heap after GC invocations=2686 (full 5):
 PSYoungGen      total 8704K, used 864K [0x00000000d5580000, 0x00000000d5f00000, 0x0000000100000000)
  eden space 7680K, 0% used [0x00000000d5580000,0x00000000d5580000,0x00000000d5d00000)
  from space 1024K, 84% used [0x00000000d5d00000,0x00000000d5dd8000,0x00000000d5e00000)
  to   space 1024K, 0% used [0x00000000d5e00000,0x00000000d5e00000,0x00000000d5f00000)
 ParOldGen       total 668672K, used 668638K [0x0000000080000000, 0x00000000a8d00000, 0x00000000d5580000)
  object space 668672K, 99% used [0x0000000080000000,0x00000000a8cf7908,0x00000000a8d00000)
 Metaspace       used 65124K, committed 66432K, reserved 1114112K
  class space    used 7406K, committed 8000K, reserved 1048576K
}
Event: 104.856 GC heap before
{Heap before GC invocations=2687 (full 5):
 PSYoungGen      total 8704K, used 8544K [0x00000000d5580000, 0x00000000d5f00000, 0x0000000100000000)
  eden space 7680K, 100% used [0x00000000d5580000,0x00000000d5d00000,0x00000000d5d00000)
  from space 1024K, 84% used [0x00000000d5d00000,0x00000000d5dd8000,0x00000000d5e00000)
  to   space 1024K, 0% used [0x00000000d5e00000,0x00000000d5e00000,0x00000000d5f00000)
 ParOldGen       total 668672K, used 668638K [0x0000000080000000, 0x00000000a8d00000, 0x00000000d5580000)
  object space 668672K, 99% used [0x0000000080000000,0x00000000a8cf7908,0x00000000a8d00000)
 Metaspace       used 65124K, committed 66432K, reserved 1114112K
  class space    used 7406K, committed 8000K, reserved 1048576K
}
Event: 104.858 GC heap after
{Heap after GC invocations=2687 (full 5):
 PSYoungGen      total 8192K, used 1024K [0x00000000d5580000, 0x00000000d6000000, 0x0000000100000000)
  eden space 7168K, 0% used [0x00000000d5580000,0x00000000d5580000,0x00000000d5c80000)
  from space 1024K, 100% used [0x00000000d5e00000,0x00000000d5f00000,0x00000000d5f00000)
  to   space 1536K, 0% used [0x00000000d5c80000,0x00000000d5c80000,0x00000000d5e00000)
 ParOldGen       total 669696K, used 669422K [0x0000000080000000, 0x00000000a8e00000, 0x00000000d5580000)
  object space 669696K, 99% used [0x0000000080000000,0x00000000a8dbb908,0x00000000a8e00000)
 Metaspace       used 65124K, committed 66432K, reserved 1114112K
  class space    used 7406K, committed 8000K, reserved 1048576K
}
Event: 104.870 GC heap before
{Heap before GC invocations=2688 (full 5):
 PSYoungGen      total 8192K, used 8192K [0x00000000d5580000, 0x00000000d6000000, 0x0000000100000000)
  eden space 7168K, 100% used [0x00000000d5580000,0x00000000d5c80000,0x00000000d5c80000)
  from space 1024K, 100% used [0x00000000d5e00000,0x00000000d5f00000,0x00000000d5f00000)
  to   space 1536K, 0% used [0x00000000d5c80000,0x00000000d5c80000,0x00000000d5e00000)
 ParOldGen       total 669696K, used 669422K [0x0000000080000000, 0x00000000a8e00000, 0x00000000d5580000)
  object space 669696K, 99% used [0x0000000080000000,0x00000000a8dbb908,0x00000000a8e00000)
 Metaspace       used 65124K, committed 66432K, reserved 1114112K
  class space    used 7406K, committed 8000K, reserved 1048576K
}
Event: 104.871 GC heap after
{Heap after GC invocations=2688 (full 5):
 PSYoungGen      total 8192K, used 928K [0x00000000d5580000, 0x00000000d5e80000, 0x0000000100000000)
  eden space 7168K, 0% used [0x00000000d5580000,0x00000000d5580000,0x00000000d5c80000)
  from space 1024K, 90% used [0x00000000d5c80000,0x00000000d5d68000,0x00000000d5d80000)
  to   space 1024K, 0% used [0x00000000d5d80000,0x00000000d5d80000,0x00000000d5e80000)
 ParOldGen       total 670720K, used 670358K [0x0000000080000000, 0x00000000a8f00000, 0x00000000d5580000)
  object space 670720K, 99% used [0x0000000080000000,0x00000000a8ea5908,0x00000000a8f00000)
 Metaspace       used 65124K, committed 66432K, reserved 1114112K
  class space    used 7406K, committed 8000K, reserved 1048576K
}
Event: 104.884 GC heap before
{Heap before GC invocations=2689 (full 5):
 PSYoungGen      total 8192K, used 8096K [0x00000000d5580000, 0x00000000d5e80000, 0x0000000100000000)
  eden space 7168K, 100% used [0x00000000d5580000,0x00000000d5c80000,0x00000000d5c80000)
  from space 1024K, 90% used [0x00000000d5c80000,0x00000000d5d68000,0x00000000d5d80000)
  to   space 1024K, 0% used [0x00000000d5d80000,0x00000000d5d80000,0x00000000d5e80000)
 ParOldGen       total 670720K, used 670358K [0x0000000080000000, 0x00000000a8f00000, 0x00000000d5580000)
  object space 670720K, 99% used [0x0000000080000000,0x00000000a8ea5908,0x00000000a8f00000)
 Metaspace       used 65124K, committed 66432K, reserved 1114112K
  class space    used 7406K, committed 8000K, reserved 1048576K
}
Event: 104.886 GC heap after
{Heap after GC invocations=2689 (full 5):
 PSYoungGen      total 8192K, used 736K [0x00000000d5580000, 0x00000000d5e80000, 0x0000000100000000)
  eden space 7168K, 0% used [0x00000000d5580000,0x00000000d5580000,0x00000000d5c80000)
  from space 1024K, 71% used [0x00000000d5d80000,0x00000000d5e38000,0x00000000d5e80000)
  to   space 1024K, 0% used [0x00000000d5c80000,0x00000000d5c80000,0x00000000d5d80000)
 ParOldGen       total 671232K, used 671126K [0x0000000080000000, 0x00000000a8f80000, 0x00000000d5580000)
  object space 671232K, 99% used [0x0000000080000000,0x00000000a8f65908,0x00000000a8f80000)
 Metaspace       used 65124K, committed 66432K, reserved 1114112K
  class space    used 7406K, committed 8000K, reserved 1048576K
}
Event: 104.898 GC heap before
{Heap before GC invocations=2690 (full 5):
 PSYoungGen      total 8192K, used 7904K [0x00000000d5580000, 0x00000000d5e80000, 0x0000000100000000)
  eden space 7168K, 100% used [0x00000000d5580000,0x00000000d5c80000,0x00000000d5c80000)
  from space 1024K, 71% used [0x00000000d5d80000,0x00000000d5e38000,0x00000000d5e80000)
  to   space 1024K, 0% used [0x00000000d5c80000,0x00000000d5c80000,0x00000000d5d80000)
 ParOldGen       total 671232K, used 671126K [0x0000000080000000, 0x00000000a8f80000, 0x00000000d5580000)
  object space 671232K, 99% used [0x0000000080000000,0x00000000a8f65908,0x00000000a8f80000)
 Metaspace       used 65124K, committed 66432K, reserved 1114112K
  class space    used 7406K, committed 8000K, reserved 1048576K
}
Event: 104.900 GC heap after
{Heap after GC invocations=2690 (full 5):
 PSYoungGen      total 8192K, used 922K [0x00000000d5580000, 0x00000000d5e80000, 0x0000000100000000)
  eden space 7168K, 0% used [0x00000000d5580000,0x00000000d5580000,0x00000000d5c80000)
  from space 1024K, 90% used [0x00000000d5c80000,0x00000000d5d66ae0,0x00000000d5d80000)
  to   space 1024K, 0% used [0x00000000d5d80000,0x00000000d5d80000,0x00000000d5e80000)
 ParOldGen       total 672256K, used 671766K [0x0000000080000000, 0x00000000a9080000, 0x00000000d5580000)
  object space 672256K, 99% used [0x0000000080000000,0x00000000a9005908,0x00000000a9080000)
 Metaspace       used 65124K, committed 66432K, reserved 1114112K
  class space    used 7406K, committed 8000K, reserved 1048576K
}

Dll operation events (15 events):
Event: 0.015 Loaded shared library c:\Users\waniw\.vscode\extensions\redhat.java-1.44.0-win32-x64\jre\21.0.8-win32-x86_64\bin\java.dll
Event: 0.277 Loaded shared library c:\Users\waniw\.vscode\extensions\redhat.java-1.44.0-win32-x64\jre\21.0.8-win32-x86_64\bin\zip.dll
Event: 0.309 Loaded shared library C:\Users\waniw\.vscode\extensions\redhat.java-1.44.0-win32-x64\jre\21.0.8-win32-x86_64\bin\instrument.dll
Event: 0.318 Loaded shared library C:\Users\waniw\.vscode\extensions\redhat.java-1.44.0-win32-x64\jre\21.0.8-win32-x86_64\bin\net.dll
Event: 0.322 Loaded shared library C:\Users\waniw\.vscode\extensions\redhat.java-1.44.0-win32-x64\jre\21.0.8-win32-x86_64\bin\nio.dll
Event: 0.329 Loaded shared library C:\Users\waniw\.vscode\extensions\redhat.java-1.44.0-win32-x64\jre\21.0.8-win32-x86_64\bin\zip.dll
Event: 0.363 Loaded shared library C:\Users\waniw\.vscode\extensions\redhat.java-1.44.0-win32-x64\jre\21.0.8-win32-x86_64\bin\jimage.dll
Event: 0.523 Loaded shared library c:\Users\waniw\.vscode\extensions\redhat.java-1.44.0-win32-x64\jre\21.0.8-win32-x86_64\bin\verify.dll
Event: 12.374 Loaded shared library C:\Users\waniw\AppData\Roaming\Code\User\globalStorage\redhat.java\1.44.0\config_win\org.eclipse.equinox.launcher\org.eclipse.equinox.launcher.win32.win32.x86_64_1.2.1400.v20250730-1736\eclipse_11913.dll
Event: 31.562 Loaded shared library C:\Users\waniw\AppData\Local\Temp\jna-112897810\jna375435314832449984.dll
Event: 90.295 Loaded shared library C:\Users\waniw\.gradle\native\1def1411415f61bf3af743bc5b6707747c0891f09f0c88961ee8f79bc544acac\windows-amd64\native-platform.dll
Event: 102.336 Loaded shared library C:\Users\waniw\.vscode\extensions\redhat.java-1.44.0-win32-x64\jre\21.0.8-win32-x86_64\bin\management.dll
Event: 102.346 Loaded shared library C:\Users\waniw\.vscode\extensions\redhat.java-1.44.0-win32-x64\jre\21.0.8-win32-x86_64\bin\management_ext.dll
Event: 102.614 Loaded shared library C:\Users\waniw\.vscode\extensions\redhat.java-1.44.0-win32-x64\jre\21.0.8-win32-x86_64\bin\sunmscapi.dll
Event: 103.190 Loaded shared library C:\Users\waniw\.vscode\extensions\redhat.java-1.44.0-win32-x64\jre\21.0.8-win32-x86_64\bin\extnet.dll

Deoptimization events (20 events):
Event: 104.347 Thread 0x0000017eeb1e2be0 DEOPT PACKING pc=0x0000017ed0f8e8bb sp=0x00000037302fed80
Event: 104.347 Thread 0x0000017eeb1e2be0 DEOPT UNPACKING pc=0x0000017ed84e4242 sp=0x00000037302fe2b8 mode 0
Event: 104.351 Thread 0x0000017eeb1e2be0 DEOPT PACKING pc=0x0000017ed0f8e8bb sp=0x00000037302fed80
Event: 104.351 Thread 0x0000017eeb1e2be0 DEOPT UNPACKING pc=0x0000017ed84e4242 sp=0x00000037302fe2b8 mode 0
Event: 104.356 Thread 0x0000017eeb1e2be0 DEOPT PACKING pc=0x0000017ed0f8e8bb sp=0x00000037302fed80
Event: 104.356 Thread 0x0000017eeb1e2be0 DEOPT UNPACKING pc=0x0000017ed84e4242 sp=0x00000037302fe2b8 mode 0
Event: 104.364 Thread 0x0000017eeb1e2be0 DEOPT PACKING pc=0x0000017ed0f8e8bb sp=0x00000037302fed80
Event: 104.365 Thread 0x0000017eeb1e2be0 DEOPT UNPACKING pc=0x0000017ed84e4242 sp=0x00000037302fe2b8 mode 0
Event: 104.367 Thread 0x0000017eeb1e2be0 DEOPT PACKING pc=0x0000017ed0f8e8bb sp=0x00000037302fed80
Event: 104.367 Thread 0x0000017eeb1e2be0 DEOPT UNPACKING pc=0x0000017ed84e4242 sp=0x00000037302fe2b8 mode 0
Event: 104.369 Thread 0x0000017eeb1e2be0 DEOPT PACKING pc=0x0000017ed0f8e8bb sp=0x00000037302fed80
Event: 104.369 Thread 0x0000017eeb1e2be0 DEOPT UNPACKING pc=0x0000017ed84e4242 sp=0x00000037302fe2b8 mode 0
Event: 104.373 Thread 0x0000017eeb1e2be0 DEOPT PACKING pc=0x0000017ed0f8e8bb sp=0x00000037302fed80
Event: 104.373 Thread 0x0000017eeb1e2be0 DEOPT UNPACKING pc=0x0000017ed84e4242 sp=0x00000037302fe2b8 mode 0
Event: 104.375 Thread 0x0000017eeb1e2be0 DEOPT PACKING pc=0x0000017ed0f8e8bb sp=0x00000037302fed80
Event: 104.375 Thread 0x0000017eeb1e2be0 DEOPT UNPACKING pc=0x0000017ed84e4242 sp=0x00000037302fe2b8 mode 0
Event: 104.404 Thread 0x0000017eeb1e3270 Uncommon trap: trap_request=0xffffff45 fr.pc=0x0000017ed8b33e40 relative=0x0000000000000180
Event: 104.404 Thread 0x0000017eeb1e3270 Uncommon trap: reason=unstable_if action=reinterpret pc=0x0000017ed8b33e40 method=java.nio.Buffer.<init>(IIIILjava/lang/foreign/MemorySegment;)V @ 50 c2
Event: 104.404 Thread 0x0000017eeb1e3270 DEOPT PACKING pc=0x0000017ed8b33e40 sp=0x00000037303fe9d0
Event: 104.404 Thread 0x0000017eeb1e3270 DEOPT UNPACKING pc=0x0000017ed84e3aa2 sp=0x00000037303fe990 mode 2

Classes loaded (20 events):
Event: 104.090 Loading class sun/net/www/MeteredStream done
Event: 104.090 Loading class sun/net/www/http/KeepAliveStream done
Event: 104.090 Loading class sun/net/www/http/KeepAliveStreamCleaner
Event: 104.091 Loading class sun/net/www/http/KeepAliveStreamCleaner done
Event: 104.092 Loading class sun/net/www/http/KeepAliveStreamCleaner$1
Event: 104.092 Loading class sun/net/www/http/KeepAliveStreamCleaner$1 done
Event: 104.093 Loading class sun/net/www/http/KeepAliveStreamCleaner$2
Event: 104.093 Loading class sun/net/www/http/KeepAliveStreamCleaner$2 done
Event: 104.093 Loading class sun/security/ssl/Alert
Event: 104.094 Loading class sun/security/ssl/Alert done
Event: 104.094 Loading class sun/security/ssl/Alert$AlertConsumer
Event: 104.094 Loading class sun/security/ssl/Alert$AlertConsumer done
Event: 104.094 Loading class sun/security/ssl/Alert$Level
Event: 104.094 Loading class sun/security/ssl/Alert$Level done
Event: 104.113 Loading class java/util/Collections$SynchronizedRandomAccessList
Event: 104.114 Loading class java/util/Collections$SynchronizedList
Event: 104.114 Loading class java/util/Collections$SynchronizedList done
Event: 104.114 Loading class java/util/Collections$SynchronizedRandomAccessList done
Event: 104.128 Loading class java/util/concurrent/CompletableFuture$Signaller
Event: 104.135 Loading class java/util/concurrent/CompletableFuture$Signaller done

Classes unloaded (15 events):
Event: 32.751 Thread 0x0000017ecde0ebe0 Unloading class 0x0000017e811ac800 'java/lang/invoke/LambdaForm$MH+0x0000017e811ac800'
Event: 32.751 Thread 0x0000017ecde0ebe0 Unloading class 0x0000017e811ac400 'java/lang/invoke/LambdaForm$MH+0x0000017e811ac400'
Event: 32.751 Thread 0x0000017ecde0ebe0 Unloading class 0x0000017e811ac000 'java/lang/invoke/LambdaForm$MH+0x0000017e811ac000'
Event: 32.751 Thread 0x0000017ecde0ebe0 Unloading class 0x0000017e811abc00 'java/lang/invoke/LambdaForm$MH+0x0000017e811abc00'
Event: 32.751 Thread 0x0000017ecde0ebe0 Unloading class 0x0000017e811ab800 'java/lang/invoke/LambdaForm$BMH+0x0000017e811ab800'
Event: 32.751 Thread 0x0000017ecde0ebe0 Unloading class 0x0000017e811ab400 'java/lang/invoke/LambdaForm$DMH+0x0000017e811ab400'
Event: 32.751 Thread 0x0000017ecde0ebe0 Unloading class 0x0000017e811aa000 'java/lang/invoke/LambdaForm$DMH+0x0000017e811aa000'
Event: 34.366 Thread 0x0000017ecde0ebe0 Unloading class 0x0000017e81304000 'java/lang/invoke/LambdaForm$MH+0x0000017e81304000'
Event: 34.366 Thread 0x0000017ecde0ebe0 Unloading class 0x0000017e812df800 'java/lang/invoke/LambdaForm$MH+0x0000017e812df800'
Event: 34.366 Thread 0x0000017ecde0ebe0 Unloading class 0x0000017e812df000 'java/lang/invoke/LambdaForm$MH+0x0000017e812df000'
Event: 34.366 Thread 0x0000017ecde0ebe0 Unloading class 0x0000017e812de800 'java/lang/invoke/LambdaForm$MH+0x0000017e812de800'
Event: 34.366 Thread 0x0000017ecde0ebe0 Unloading class 0x0000017e812de000 'java/lang/invoke/LambdaForm$MH+0x0000017e812de000'
Event: 34.366 Thread 0x0000017ecde0ebe0 Unloading class 0x0000017e812dd800 'java/lang/invoke/LambdaForm$MH+0x0000017e812dd800'
Event: 34.366 Thread 0x0000017ecde0ebe0 Unloading class 0x0000017e812dd400 'java/lang/invoke/LambdaForm$MH+0x0000017e812dd400'
Event: 34.366 Thread 0x0000017ecde0ebe0 Unloading class 0x0000017e812dc800 'java/lang/invoke/LambdaForm$MH+0x0000017e812dc800'

Classes redefined (0 events):
No events

Internal exceptions (20 events):
Event: 103.765 Thread 0x0000017eec717b60 Exception <a 'sun/nio/fs/WindowsException'{0x00000000d5c673a0}> (0x00000000d5c673a0) 
thrown [s\src\hotspot\share\prims\jni.cpp, line 520]
Event: 104.003 Thread 0x0000017eec717b60 Exception <a 'sun/nio/fs/WindowsException'{0x00000000d591ec78}> (0x00000000d591ec78) 
thrown [s\src\hotspot\share\prims\jni.cpp, line 520]
Event: 104.003 Thread 0x0000017eec717b60 Exception <a 'sun/nio/fs/WindowsException'{0x00000000d59639b0}> (0x00000000d59639b0) 
thrown [s\src\hotspot\share\prims\jni.cpp, line 520]
Event: 104.078 Thread 0x0000017eec7146e0 Implicit null exception at 0x0000017ed9144f80 to 0x0000017ed9145384
Event: 104.078 Thread 0x0000017eec7146e0 Exception <a 'sun/nio/fs/WindowsException'{0x00000000d5bec0a8}> (0x00000000d5bec0a8) 
thrown [s\src\hotspot\share\prims\jni.cpp, line 520]
Event: 104.078 Thread 0x0000017eec7146e0 Exception <a 'sun/nio/fs/WindowsException'{0x00000000d5bec6d8}> (0x00000000d5bec6d8) 
thrown [s\src\hotspot\share\prims\jni.cpp, line 520]
Event: 104.081 Thread 0x0000017eec7146e0 Exception <a 'sun/nio/fs/WindowsException'{0x00000000d55fc730}> (0x00000000d55fc730) 
thrown [s\src\hotspot\share\prims\jni.cpp, line 520]
Event: 104.081 Thread 0x0000017eec7146e0 Exception <a 'sun/nio/fs/WindowsException'{0x00000000d5622950}> (0x00000000d5622950) 
thrown [s\src\hotspot\share\prims\jni.cpp, line 520]
Event: 104.087 Thread 0x0000017eec7146e0 Exception <a 'sun/nio/fs/WindowsException'{0x00000000d5726800}> (0x00000000d5726800) 
thrown [s\src\hotspot\share\prims\jni.cpp, line 520]
Event: 104.087 Thread 0x0000017eec7146e0 Exception <a 'sun/nio/fs/WindowsException'{0x00000000d5726de0}> (0x00000000d5726de0) 
thrown [s\src\hotspot\share\prims\jni.cpp, line 520]
Event: 104.090 Thread 0x0000017eec7146e0 Exception <a 'sun/nio/fs/WindowsException'{0x00000000d5747380}> (0x00000000d5747380) 
thrown [s\src\hotspot\share\prims\jni.cpp, line 520]
Event: 104.090 Thread 0x0000017eec7146e0 Exception <a 'sun/nio/fs/WindowsException'{0x00000000d5748668}> (0x00000000d5748668) 
thrown [s\src\hotspot\share\prims\jni.cpp, line 520]
Event: 104.091 Thread 0x0000017eec7146e0 Exception <a 'sun/nio/fs/WindowsException'{0x00000000d574a4f8}> (0x00000000d574a4f8) 
thrown [s\src\hotspot\share\prims\jni.cpp, line 520]
Event: 104.091 Thread 0x0000017eec7146e0 Exception <a 'sun/nio/fs/WindowsException'{0x00000000d5761728}> (0x00000000d5761728) 
thrown [s\src\hotspot\share\prims\jni.cpp, line 520]
Event: 104.092 Thread 0x0000017eec7146e0 Exception <a 'sun/nio/fs/WindowsException'{0x00000000d576ac98}> (0x00000000d576ac98) 
thrown [s\src\hotspot\share\prims\jni.cpp, line 520]
Event: 104.092 Thread 0x0000017eec7146e0 Exception <a 'sun/nio/fs/WindowsException'{0x00000000d576c390}> (0x00000000d576c390) 
thrown [s\src\hotspot\share\prims\jni.cpp, line 520]
Event: 104.093 Thread 0x0000017eec7146e0 Exception <a 'sun/nio/fs/WindowsException'{0x00000000d576d288}> (0x00000000d576d288) 
thrown [s\src\hotspot\share\prims\jni.cpp, line 520]
Event: 104.093 Thread 0x0000017eec7146e0 Exception <a 'sun/nio/fs/WindowsException'{0x00000000d5776920}> (0x00000000d5776920) 
thrown [s\src\hotspot\share\prims\jni.cpp, line 520]
Event: 104.093 Thread 0x0000017eec7146e0 Exception <a 'sun/nio/fs/WindowsException'{0x00000000d5778898}> (0x00000000d5778898) 
thrown [s\src\hotspot\share\prims\jni.cpp, line 520]
Event: 104.093 Thread 0x0000017eec7146e0 Exception <a 'sun/nio/fs/WindowsException'{0x00000000d5778ee8}> (0x00000000d5778ee8) 
thrown [s\src\hotspot\share\prims\jni.cpp, line 520]

ZGC Phase Switch (0 events):
No events

VM Operations (20 events):
Event: 104.785 Executing VM operation: ParallelGCFailedAllocation (Allocation Failure)
Event: 104.786 Executing VM operation: ParallelGCFailedAllocation (Allocation Failure) done
Event: 104.794 Executing VM operation: ParallelGCFailedAllocation (Allocation Failure)
Event: 104.796 Executing VM operation: ParallelGCFailedAllocation (Allocation Failure) done
Event: 104.804 Executing VM operation: ParallelGCFailedAllocation (Allocation Failure)
Event: 104.807 Executing VM operation: ParallelGCFailedAllocation (Allocation Failure) done
Event: 104.816 Executing VM operation: ParallelGCFailedAllocation (Allocation Failure)
Event: 104.818 Executing VM operation: ParallelGCFailedAllocation (Allocation Failure) done
Event: 104.828 Executing VM operation: ParallelGCFailedAllocation (Allocation Failure)
Event: 104.830 Executing VM operation: ParallelGCFailedAllocation (Allocation Failure) done
Event: 104.842 Executing VM operation: ParallelGCFailedAllocation (Allocation Failure)
Event: 104.845 Executing VM operation: ParallelGCFailedAllocation (Allocation Failure) done
Event: 104.856 Executing VM operation: ParallelGCFailedAllocation (Allocation Failure)
Event: 104.858 Executing VM operation: ParallelGCFailedAllocation (Allocation Failure) done
Event: 104.870 Executing VM operation: ParallelGCFailedAllocation (Allocation Failure)
Event: 104.871 Executing VM operation: ParallelGCFailedAllocation (Allocation Failure) done
Event: 104.884 Executing VM operation: ParallelGCFailedAllocation (Allocation Failure)
Event: 104.886 Executing VM operation: ParallelGCFailedAllocation (Allocation Failure) done
Event: 104.898 Executing VM operation: ParallelGCFailedAllocation (Allocation Failure)
Event: 104.900 Executing VM operation: ParallelGCFailedAllocation (Allocation Failure) done

Memory protections (0 events):
No events

Nmethod flushes (20 events):
Event: 84.433 Thread 0x0000017ecde0ebe0 flushing  nmethod 0x0000017ed2208010
Event: 84.433 Thread 0x0000017ecde0ebe0 flushing  nmethod 0x0000017ed2231290
Event: 84.433 Thread 0x0000017ecde0ebe0 flushing  nmethod 0x0000017ed223b790
Event: 84.433 Thread 0x0000017ecde0ebe0 flushing  nmethod 0x0000017ed224bd90
Event: 84.433 Thread 0x0000017ecde0ebe0 flushing  nmethod 0x0000017ed2267910
Event: 84.434 Thread 0x0000017ecde0ebe0 flushing  nmethod 0x0000017ed22cbe10
Event: 84.434 Thread 0x0000017ecde0ebe0 flushing  nmethod 0x0000017ed231ff10
Event: 84.434 Thread 0x0000017ecde0ebe0 flushing  nmethod 0x0000017ed2331f10
Event: 84.434 Thread 0x0000017ecde0ebe0 flushing  nmethod 0x0000017ed2332410
Event: 84.434 Thread 0x0000017ecde0ebe0 flushing  nmethod 0x0000017ed2334390
Event: 84.434 Thread 0x0000017ecde0ebe0 flushing  nmethod 0x0000017ed2337b10
Event: 84.434 Thread 0x0000017ecde0ebe0 flushing  nmethod 0x0000017ed2338790
Event: 84.434 Thread 0x0000017ecde0ebe0 flushing  nmethod 0x0000017ed2338f10
Event: 84.434 Thread 0x0000017ecde0ebe0 flushing  nmethod 0x0000017ed2339810
Event: 84.434 Thread 0x0000017ecde0ebe0 flushing  nmethod 0x0000017ed233d310
Event: 84.434 Thread 0x0000017ecde0ebe0 flushing  nmethod 0x0000017ed2343410
Event: 84.434 Thread 0x0000017ecde0ebe0 flushing  nmethod 0x0000017ed2344590
Event: 84.434 Thread 0x0000017ecde0ebe0 flushing  nmethod 0x0000017ed2354810
Event: 84.434 Thread 0x0000017ecde0ebe0 flushing  nmethod 0x0000017ed2363890
Event: 84.434 Thread 0x0000017ecde0ebe0 flushing  nmethod 0x0000017ed2368a10

Events (20 events):
Event: 62.037 Thread 0x0000017eee795990 Thread added: 0x0000017eee7980f0
Event: 62.037 Thread 0x0000017eee796020 Thread added: 0x0000017eee7994a0
Event: 62.038 Thread 0x0000017eee795300 Thread added: 0x0000017eee79a1c0
Event: 62.705 Thread 0x0000017eee795300 Thread added: 0x0000017eee7966b0
Event: 62.705 Thread 0x0000017eee7994a0 Thread added: 0x0000017eee798e10
Event: 63.268 Thread 0x0000017eeb7449e0 Thread exited: 0x0000017eeb7449e0
Event: 63.293 Thread 0x0000017eee796020 Thread added: 0x0000017eee797a60
Event: 67.587 Thread 0x0000017eec717b60 Thread added: 0x0000017eee7973d0
Event: 67.788 Thread 0x0000017eec717b60 Thread added: 0x0000017eee79aee0
Event: 90.452 Thread 0x0000017ecde29870 Thread added: 0x0000017eedadd1f0
Event: 90.457 Thread 0x0000017ecde29870 Thread added: 0x0000017eedd852f0
Event: 90.833 Thread 0x0000017eedd852f0 Thread exited: 0x0000017eedd852f0
Event: 91.042 Thread 0x0000017eedadd1f0 Thread exited: 0x0000017eedadd1f0
Event: 102.477 Thread 0x0000017eee79aee0 Thread exited: 0x0000017eee79aee0
Event: 102.499 Thread 0x0000017ecde29870 Thread added: 0x0000017eed5bc860
Event: 102.526 Thread 0x0000017ecde29870 Thread added: 0x0000017eed5bcf30
Event: 103.986 Thread 0x0000017eeb1e3270 Thread added: 0x0000017eeb1e3f90
Event: 103.987 Thread 0x0000017eeb1e3f90 Thread exited: 0x0000017eeb1e3f90
Event: 104.496 Thread 0x0000017eeb1e3270 Thread added: 0x0000017eeb1e3f90
Event: 104.496 Thread 0x0000017eeb1e3f90 Thread exited: 0x0000017eeb1e3f90


Dynamic libraries:
0x00007ff7e97b0000 - 0x00007ff7e97be000 	c:\Users\waniw\.vscode\extensions\redhat.java-1.44.0-win32-x64\jre\21.0.8-win32-x86_64\bin\java.exe
0x00007fff6e030000 - 0x00007fff6e247000 	C:\WINDOWS\SYSTEM32\ntdll.dll
0x00007fff6c780000 - 0x00007fff6c844000 	C:\WINDOWS\System32\KERNEL32.DLL
0x00007fff6b330000 - 0x00007fff6b702000 	C:\WINDOWS\System32\KERNELBASE.dll
0x00007fff6b710000 - 0x00007fff6b821000 	C:\WINDOWS\System32\ucrtbase.dll
0x00007fff61e90000 - 0x00007fff61ea8000 	c:\Users\waniw\.vscode\extensions\redhat.java-1.44.0-win32-x64\jre\21.0.8-win32-x86_64\bin\jli.dll
0x00007fff6d0c0000 - 0x00007fff6d271000 	C:\WINDOWS\System32\USER32.dll
0x00007fff6bc10000 - 0x00007fff6bc36000 	C:\WINDOWS\System32\win32u.dll
0x00007fff6c370000 - 0x00007fff6c399000 	C:\WINDOWS\System32\GDI32.dll
0x00007fff6b9a0000 - 0x00007fff6bac3000 	C:\WINDOWS\System32\gdi32full.dll
0x00007fff6b1a0000 - 0x00007fff6b23a000 	C:\WINDOWS\System32\msvcp_win.dll
0x00007fff5a4d0000 - 0x00007fff5a4ee000 	c:\Users\waniw\.vscode\extensions\redhat.java-1.44.0-win32-x64\jre\21.0.8-win32-x86_64\bin\VCRUNTIME140.dll
0x00007fff6a5c0000 - 0x00007fff6a85b000 	C:\WINDOWS\WinSxS\amd64_microsoft.windows.common-controls_6595b64144ccf1df_6.0.22621.5547_none_27104afb73855772\COMCTL32.dll
0x00007fff6c6d0000 - 0x00007fff6c777000 	C:\WINDOWS\System32\msvcrt.dll
0x00007fff6d080000 - 0x00007fff6d0b1000 	C:\WINDOWS\System32\IMM32.DLL
0x00007fff65fc0000 - 0x00007fff65fcc000 	c:\Users\waniw\.vscode\extensions\redhat.java-1.44.0-win32-x64\jre\21.0.8-win32-x86_64\bin\vcruntime140_1.dll
0x00007fff28b90000 - 0x00007fff28c1d000 	c:\Users\waniw\.vscode\extensions\redhat.java-1.44.0-win32-x64\jre\21.0.8-win32-x86_64\bin\msvcp140.dll
0x00007ffec4ab0000 - 0x00007ffec5847000 	c:\Users\waniw\.vscode\extensions\redhat.java-1.44.0-win32-x64\jre\21.0.8-win32-x86_64\bin\server\jvm.dll
0x00007fff6cc80000 - 0x00007fff6cd31000 	C:\WINDOWS\System32\ADVAPI32.dll
0x00007fff6ce00000 - 0x00007fff6cea8000 	C:\WINDOWS\System32\sechost.dll
0x00007fff6b240000 - 0x00007fff6b268000 	C:\WINDOWS\System32\bcrypt.dll
0x00007fff6bd30000 - 0x00007fff6be44000 	C:\WINDOWS\System32\RPCRT4.dll
0x00007fff6c850000 - 0x00007fff6c8c1000 	C:\WINDOWS\System32\WS2_32.dll
0x00007fff6afe0000 - 0x00007fff6b02d000 	C:\WINDOWS\SYSTEM32\POWRPROF.dll
0x00007fff659d0000 - 0x00007fff65a04000 	C:\WINDOWS\SYSTEM32\WINMM.dll
0x00007fff69850000 - 0x00007fff6985a000 	C:\WINDOWS\SYSTEM32\VERSION.dll
0x00007fff6afc0000 - 0x00007fff6afd3000 	C:\WINDOWS\SYSTEM32\UMPDC.dll
0x00007fff69210000 - 0x00007fff69228000 	C:\WINDOWS\SYSTEM32\kernel.appcore.dll
0x00007fff63ab0000 - 0x00007fff63aba000 	c:\Users\waniw\.vscode\extensions\redhat.java-1.44.0-win32-x64\jre\21.0.8-win32-x86_64\bin\jimage.dll
0x00007fff6a8c0000 - 0x00007fff6aaf3000 	C:\WINDOWS\SYSTEM32\DBGHELP.DLL
0x00007fff6db90000 - 0x00007fff6df23000 	C:\WINDOWS\System32\combase.dll
0x00007fff6c920000 - 0x00007fff6c9f7000 	C:\WINDOWS\System32\OLEAUT32.dll
0x00007fff6a880000 - 0x00007fff6a8b2000 	C:\WINDOWS\SYSTEM32\dbgcore.DLL
0x00007fff6bc40000 - 0x00007fff6bcbb000 	C:\WINDOWS\System32\bcryptPrimitives.dll
0x00007fff5f670000 - 0x00007fff5f67f000 	c:\Users\waniw\.vscode\extensions\redhat.java-1.44.0-win32-x64\jre\21.0.8-win32-x86_64\bin\instrument.dll
0x00007fff51f40000 - 0x00007fff51f5f000 	c:\Users\waniw\.vscode\extensions\redhat.java-1.44.0-win32-x64\jre\21.0.8-win32-x86_64\bin\java.dll
0x00007fff6d2e0000 - 0x00007fff6db82000 	C:\WINDOWS\System32\SHELL32.dll
0x00007fff6bad0000 - 0x00007fff6bc0f000 	C:\WINDOWS\System32\wintypes.dll
0x00007fff680d0000 - 0x00007fff689ed000 	C:\WINDOWS\SYSTEM32\windows.storage.dll
0x00007fff6c540000 - 0x00007fff6c64c000 	C:\WINDOWS\System32\SHCORE.dll
0x00007fff6cd90000 - 0x00007fff6cdf9000 	C:\WINDOWS\System32\shlwapi.dll
0x00007fff6b050000 - 0x00007fff6b07b000 	C:\WINDOWS\SYSTEM32\profapi.dll
0x00007fff49650000 - 0x00007fff49668000 	c:\Users\waniw\.vscode\extensions\redhat.java-1.44.0-win32-x64\jre\21.0.8-win32-x86_64\bin\zip.dll
0x00007fff61db0000 - 0x00007fff61dc0000 	C:\Users\waniw\.vscode\extensions\redhat.java-1.44.0-win32-x64\jre\21.0.8-win32-x86_64\bin\net.dll
0x00007fff66f50000 - 0x00007fff6707c000 	C:\WINDOWS\SYSTEM32\WINHTTP.dll
0x00007fff69600000 - 0x00007fff69669000 	C:\WINDOWS\system32\mswsock.dll
0x00007fff455c0000 - 0x00007fff455d6000 	C:\Users\waniw\.vscode\extensions\redhat.java-1.44.0-win32-x64\jre\21.0.8-win32-x86_64\bin\nio.dll
0x00007fff61f70000 - 0x00007fff61f80000 	c:\Users\waniw\.vscode\extensions\redhat.java-1.44.0-win32-x64\jre\21.0.8-win32-x86_64\bin\verify.dll
0x00007fff41960000 - 0x00007fff419a5000 	C:\Users\waniw\AppData\Roaming\Code\User\globalStorage\redhat.java\1.44.0\config_win\org.eclipse.equinox.launcher\org.eclipse.equinox.launcher.win32.win32.x86_64_1.2.1400.v20250730-1736\eclipse_11913.dll
0x00007fff6c3a0000 - 0x00007fff6c540000 	C:\WINDOWS\System32\ole32.dll
0x00007fff6acd0000 - 0x00007fff6aceb000 	C:\WINDOWS\SYSTEM32\CRYPTSP.dll
0x00007fff69170000 - 0x00007fff691a7000 	C:\WINDOWS\system32\rsaenh.dll
0x00007fff696f0000 - 0x00007fff69718000 	C:\WINDOWS\SYSTEM32\USERENV.dll
0x00007fff69860000 - 0x00007fff6986c000 	C:\WINDOWS\SYSTEM32\CRYPTBASE.dll
0x00007fff68c50000 - 0x00007fff68c7d000 	C:\WINDOWS\SYSTEM32\IPHLPAPI.DLL
0x00007fff6c8f0000 - 0x00007fff6c8f9000 	C:\WINDOWS\System32\NSI.dll
0x00007fff32800000 - 0x00007fff32849000 	C:\Users\waniw\AppData\Local\Temp\jna-112897810\jna375435314832449984.dll
0x00007fff6cb60000 - 0x00007fff6cb68000 	C:\WINDOWS\System32\PSAPI.DLL
0x00007fff66460000 - 0x00007fff66479000 	C:\WINDOWS\SYSTEM32\dhcpcsvc6.DLL
0x00007fff66280000 - 0x00007fff6629f000 	C:\WINDOWS\SYSTEM32\dhcpcsvc.DLL
0x00007fff4cc50000 - 0x00007fff4cc77000 	C:\Users\waniw\.gradle\native\1def1411415f61bf3af743bc5b6707747c0891f09f0c88961ee8f79bc544acac\windows-amd64\native-platform.dll
0x00007fff61f60000 - 0x00007fff61f6a000 	C:\Users\waniw\.vscode\extensions\redhat.java-1.44.0-win32-x64\jre\21.0.8-win32-x86_64\bin\management.dll
0x00007fff51f60000 - 0x00007fff51f6b000 	C:\Users\waniw\.vscode\extensions\redhat.java-1.44.0-win32-x64\jre\21.0.8-win32-x86_64\bin\management_ext.dll
0x00007fff50fa0000 - 0x00007fff50fae000 	C:\Users\waniw\.vscode\extensions\redhat.java-1.44.0-win32-x64\jre\21.0.8-win32-x86_64\bin\sunmscapi.dll
0x00007fff6b830000 - 0x00007fff6b997000 	C:\WINDOWS\System32\CRYPT32.dll
0x00007fff6a2b0000 - 0x00007fff6a2dd000 	C:\WINDOWS\SYSTEM32\ncrypt.dll
0x00007fff6a270000 - 0x00007fff6a2a7000 	C:\WINDOWS\SYSTEM32\NTASN1.dll
0x00007fff68cc0000 - 0x00007fff68db8000 	C:\WINDOWS\SYSTEM32\DNSAPI.dll
0x0000000072fa0000 - 0x0000000072fd5000 	C:\Program Files\Bonjour\mdnsNSP.dll
0x00007fff65e10000 - 0x00007fff65e1a000 	C:\Windows\System32\rasadhlp.dll
0x00007fff65e20000 - 0x00007fff65ea4000 	C:\WINDOWS\System32\fwpuclnt.dll
0x00007fff4fe60000 - 0x00007fff4fe69000 	C:\Users\waniw\.vscode\extensions\redhat.java-1.44.0-win32-x64\jre\21.0.8-win32-x86_64\bin\extnet.dll

JVMTI agents:
c:\Users\waniw\.vscode\extensions\redhat.java-1.44.0-win32-x64\lombok\lombok-1.18.39-4050.jar path:c:\Users\waniw\.vscode\extensions\redhat.java-1.44.0-win32-x64\jre\21.0.8-win32-x86_64\bin\instrument.dll, loaded, initialized, instrumentlib options:none

dbghelp: loaded successfully - version: 4.0.5 - missing functions: none
symbol engine: initialized successfully - sym options: 0x614 - pdb path: .;c:\Users\waniw\.vscode\extensions\redhat.java-1.44.0-win32-x64\jre\21.0.8-win32-x86_64\bin;C:\WINDOWS\SYSTEM32;C:\WINDOWS\WinSxS\amd64_microsoft.windows.common-controls_6595b64144ccf1df_6.0.22621.5547_none_27104afb73855772;c:\Users\waniw\.vscode\extensions\redhat.java-1.44.0-win32-x64\jre\21.0.8-win32-x86_64\bin\server;C:\Users\waniw\AppData\Roaming\Code\User\globalStorage\redhat.java\1.44.0\config_win\org.eclipse.equinox.launcher\org.eclipse.equinox.launcher.win32.win32.x86_64_1.2.1400.v20250730-1736;C:\Users\waniw\AppData\Local\Temp\jna-112897810;C:\Users\waniw\.gradle\native\1def1411415f61bf3af743bc5b6707747c0891f09f0c88961ee8f79bc544acac\windows-amd64;C:\Program Files\Bonjour

VM Arguments:
jvm_args: --add-modules=ALL-SYSTEM --add-opens=java.base/java.util=ALL-UNNAMED --add-opens=java.base/java.lang=ALL-UNNAMED --add-opens=java.base/sun.nio.fs=ALL-UNNAMED -Declipse.application=org.eclipse.jdt.ls.core.id1 -Dosgi.bundles.defaultStartLevel=4 -Declipse.product=org.eclipse.jdt.ls.core.product -Djava.import.generatesMetadataFilesAtProjectRoot=false -DDetectVMInstallationsJob.disabled=true -Dfile.encoding=utf8 -XX:+UseParallelGC -XX:GCTimeRatio=4 -XX:AdaptiveSizePolicyWeight=90 -Dsun.zip.disableMemoryMapping=true -Xmx2G -Xms100m -Xlog:disable -javaagent:c:\Users\waniw\.vscode\extensions\redhat.java-1.44.0-win32-x64\lombok\lombok-1.18.39-4050.jar -XX:+HeapDumpOnOutOfMemoryError -XX:HeapDumpPath=c:\Users\waniw\AppData\Roaming\Code\User\workspaceStorage\67cdc74a77c06671975aabb63d870477\redhat.java -Daether.dependencyCollector.impl=bf 
java_command: c:\Users\waniw\.vscode\extensions\redhat.java-1.44.0-win32-x64\server\plugins\org.eclipse.equinox.launcher_1.7.0.v20250519-0528.jar -configuration c:\Users\waniw\AppData\Roaming\Code\User\globalStorage\redhat.java\1.44.0\config_win -data c:\Users\waniw\AppData\Roaming\Code\User\workspaceStorage\67cdc74a77c06671975aabb63d870477\redhat.java\jdt_ws --pipe=\\.\pipe\lsp-43b5004c3b4efaf7cfc8b97c7c747e0f-sock
java_class_path (initial): c:\Users\waniw\.vscode\extensions\redhat.java-1.44.0-win32-x64\server\plugins\org.eclipse.equinox.launcher_1.7.0.v20250519-0528.jar
Launcher Type: SUN_STANDARD

[Global flags]
    uintx AdaptiveSizePolicyWeight                 = 90                                        {product} {command line}
     intx CICompilerCount                          = 4                                         {product} {ergonomic}
    uintx GCTimeRatio                              = 4                                         {product} {command line}
     bool HeapDumpOnOutOfMemoryError               = true                                   {manageable} {command line}
    ccstr HeapDumpPath                             = c:\Users\waniw\AppData\Roaming\Code\User\workspaceStorage\67cdc74a77c06671975aabb63d870477\redhat.java         {manageable} {command line}
   size_t InitialHeapSize                          = 104857600                                 {product} {command line}
   size_t MaxHeapSize                              = 2147483648                                {product} {command line}
   size_t MaxNewSize                               = 715653120                                 {product} {ergonomic}
   size_t MinHeapDeltaBytes                        = 524288                                    {product} {ergonomic}
   size_t MinHeapSize                              = 104857600                                 {product} {command line}
   size_t NewSize                                  = 34603008                                  {product} {ergonomic}
    uintx NonNMethodCodeHeapSize                   = 5839372                                {pd product} {ergonomic}
    uintx NonProfiledCodeHeapSize                  = 122909434                              {pd product} {ergonomic}
   size_t OldSize                                  = 70254592                                  {product} {ergonomic}
    uintx ProfiledCodeHeapSize                     = 122909434                              {pd product} {ergonomic}
    uintx ReservedCodeCacheSize                    = 251658240                              {pd product} {ergonomic}
     bool SegmentedCodeCache                       = true                                      {product} {ergonomic}
   size_t SoftMaxHeapSize                          = 2147483648                             {manageable} {ergonomic}
     bool UseCompressedOops                        = true                           {product lp64_product} {ergonomic}
     bool UseLargePagesIndividualAllocation        = false                                  {pd product} {ergonomic}
     bool UseParallelGC                            = true                                      {product} {command line}

Logging:
Log output configuration:
 #0: stdout all=off uptime,level,tags foldmultilines=false
 #1: stderr all=off uptime,level,tags foldmultilines=false

Environment Variables:
CLASSPATH=C:\Users\waniw\Downloads\free1\library
PATH=C:\Program Files (x86)\Common Files\Intel\Shared Libraries\redist\intel64\compiler;C:\Program Files\Common Files\Oracle\Java\javapath;C:\Program Files (x86)\Common Files\Oracle\Java\java8path;C:\Program Files (x86)\Common Files\Oracle\Java\javapath;C:\WINDOWS\system32;C:\WINDOWS;C:\WINDOWS\System32\Wbem;C:\WINDOWS\System32\WindowsPowerShell\v1.0\;C:\WINDOWS\System32\OpenSSH\;C:\Program Files\Novell\iPrint;C:\Program Files\Git\cmd;C:\Program Files (x86)\Microsoft SQL Server\150\DTS\Binn\;C:\Program Files\PuTTY\;C:\Program Files (x86)\Microsoft SQL Server\160\DTS\Binn\;C:\Program Files\Azure Data Studio\bin;C:\Program Files\MongoDB\Server\7.0\bin;C:\Program Files\Vim\vim91;C:\Program Files\dotnet\;C:\Program Files\HP\HP One Agent;C:\Program Files\Microsoft SQL Server\150\Tools\Binn\;C:\Program Files\Microsoft SQL Server\Client SDK\ODBC\170\Tools\Binn\;C:\Program Files\nodejs\;C:\ProgramData\chocolatey\bin;C:\Program Files (x86)\Microsoft SQL Server\160\Tools\Binn\;C:\Program Files\Microsoft SQL Server\160\Tools\Binn\;C:\Program Files\Microsoft SQL Server\160\DTS\Binn\;C:\Program Files\php-8.3.12;C:\Users\waniw\AppData\Local\Programs\Python\Launcher\;C:\Users\waniw\AppData\Local\Microsoft\WindowsApps;C:\Users\waniw\AppData\Local\Programs\Microsoft VS Code\bin;C:\Users\waniw\AppData\Local\atom\bin;C:\Users\waniw\AppData\Local\Programs\Hyper\resources\bin;C:\msys64\mingw64\bin;C:\src\flutter\flutter\bin;C:\Program Files\Azure Data Studio\bin;C:\Users\waniw\AppData\Local\Programs\mongosh\;C:\Users\waniw\.dotnet\tools;C:\Program Files\heroku\bin;C:\Users\waniw\AppData\Roaming\npm;c:\Gradle\gradle-8.0.2\bin;C:\Program Files\JetBrains\WebStorm 2024.3.4\bin;C:\Program Files (x86)\BrowserStackLocal\;C:\Users\waniw\.fly\bin;C:\Users\waniw\AppData\Local\Google\Cloud SDK\google-cloud-sdk\bin
USERNAME=waniw
OS=Windows_NT
PROCESSOR_IDENTIFIER=AMD64 Family 25 Model 80 Stepping 0, AuthenticAMD
TMP=C:\Users\waniw\AppData\Local\Temp
TEMP=C:\Users\waniw\AppData\Local\Temp




Periodic native trim disabled

---------------  S Y S T E M  ---------------

OS:
 Windows 11 , 64 bit Build 22621 (10.0.22621.5415)
OS uptime: 5 days 5:54 hours
Hyper-V role detected

CPU: total 12 (initial active 12) (12 cores per cpu, 2 threads per core) family 25 model 80 stepping 0 microcode 0x0, cx8, cmov, fxsr, ht, mmx, 3dnowpref, sse, sse2, sse3, ssse3, sse4a, sse4.1, sse4.2, popcnt, lzcnt, tsc, tscinvbit, avx, avx2, aes, erms, clmul, bmi1, bmi2, adx, sha, fma, vzeroupper, clflush, clflushopt, hv, rdtscp, rdpid, fsrm, f16c, cet_ss
Processor Information for processor 0
  Max Mhz: 2301, Current Mhz: 2301, Mhz Limit: 2301
Processor Information for processor 1
  Max Mhz: 2301, Current Mhz: 2301, Mhz Limit: 2301
Processor Information for processor 2
  Max Mhz: 2301, Current Mhz: 2301, Mhz Limit: 2301
Processor Information for processor 3
  Max Mhz: 2301, Current Mhz: 2301, Mhz Limit: 2301
Processor Information for processor 4
  Max Mhz: 2301, Current Mhz: 1783, Mhz Limit: 2301
Processor Information for processor 5
  Max Mhz: 2301, Current Mhz: 2301, Mhz Limit: 2301
Processor Information for processor 6
  Max Mhz: 2301, Current Mhz: 2301, Mhz Limit: 2301
Processor Information for processor 7
  Max Mhz: 2301, Current Mhz: 1783, Mhz Limit: 2301
Processor Information for processor 8
  Max Mhz: 2301, Current Mhz: 1783, Mhz Limit: 2301
Processor Information for processor 9
  Max Mhz: 2301, Current Mhz: 1783, Mhz Limit: 2301
Processor Information for processor 10
  Max Mhz: 2301, Current Mhz: 1783, Mhz Limit: 2301
Processor Information for processor 11
  Max Mhz: 2301, Current Mhz: 2301, Mhz Limit: 2301

Memory: 4k page, system-wide physical 7525M (1515M free)
TotalPageFile size 31077M (AvailPageFile size 11M)
current process WorkingSet (physical memory assigned to process): 808M, peak: 808M
current process commit charge ("private bytes"): 984M, peak: 1644M

vm_info: OpenJDK 64-Bit Server VM (21.0.8+9-LTS) for windows-amd64 JRE (21.0.8+9-LTS), built on 2025-07-15T00:00:00Z by "admin" with MS VC++ 17.7 (VS2022)

END.
