#
# There is insufficient memory for the Java Runtime Environment to continue.
# Native memory allocation (malloc) failed to allocate 2035376 bytes. Error detail: Chunk::new
# Possible reasons:
#   The system is out of physical RAM or swap space
#   This process is running with CompressedOops enabled, and the Java Heap may be blocking the growth of the native heap
# Possible solutions:
#   Reduce memory load on the system
#   Increase physical memory or swap space
#   Check if swap backing store is full
#   Decrease Java heap size (-Xmx/-Xms)
#   Decrease number of Java threads
#   Decrease Java thread stack sizes (-Xss)
#   Set larger code cache with -XX:ReservedCodeCacheSize=
#   JVM is running with Unscaled Compressed Oops mode in which the Java heap is
#     placed in the first 4GB address space. The Java Heap base address is the
#     maximum limit for the native heap growth. Please use -XX:HeapBaseMinAddress
#     to set the Java Heap base and to place the Java Heap above 4GB virtual address.
# This output file may be truncated or incomplete.
#
#  Out of Memory Error (arena.cpp:168), pid=28348, tid=24800
#
# JRE version: OpenJDK Runtime Environment Temurin-21.0.8+9 (21.0.8+9) (build 21.0.8+9-LTS)
# Java VM: OpenJDK 64-Bit Server VM Temurin-21.0.8+9 (21.0.8+9-LTS, mixed mode, sharing, tiered, compressed oops, compressed class ptrs, parallel gc, windows-amd64)
# No core dump will be written. Minidumps are not enabled by default on client versions of Windows
#

---------------  S U M M A R Y ------------

Command Line: --add-modules=ALL-SYSTEM --add-opens=java.base/java.util=ALL-UNNAMED --add-opens=java.base/java.lang=ALL-UNNAMED --add-opens=java.base/sun.nio.fs=ALL-UNNAMED -Declipse.application=org.eclipse.jdt.ls.core.id1 -Dosgi.bundles.defaultStartLevel=4 -Declipse.product=org.eclipse.jdt.ls.core.product -Djava.import.generatesMetadataFilesAtProjectRoot=false -DDetectVMInstallationsJob.disabled=true -Dfile.encoding=utf8 -XX:+UseParallelGC -XX:GCTimeRatio=4 -XX:AdaptiveSizePolicyWeight=90 -Dsun.zip.disableMemoryMapping=true -Xmx2G -Xms100m -Xlog:disable -javaagent:c:\Users\waniw\.vscode\extensions\redhat.java-1.46.0-win32-x64\lombok\lombok-1.18.39-4050.jar -XX:+HeapDumpOnOutOfMemoryError -XX:HeapDumpPath=c:\Users\waniw\AppData\Roaming\Code\User\workspaceStorage\67cdc74a77c06671975aabb63d870477\redhat.java -Daether.dependencyCollector.impl=bf c:\Users\waniw\.vscode\extensions\redhat.java-1.46.0-win32-x64\server\plugins\org.eclipse.equinox.launcher_1.7.0.v20250519-0528.jar -configuration c:\Users\waniw\AppData\Roaming\Code\User\globalStorage\redhat.java\1.46.0\config_win -data c:\Users\waniw\AppData\Roaming\Code\User\workspaceStorage\67cdc74a77c06671975aabb63d870477\redhat.java\jdt_ws --pipe=\\.\pipe\lsp-9afb8483f764ed516ebb306e7420ae24-sock

Host: AMD Ryzen 5 5600U with Radeon Graphics         , 12 cores, 7G,  Windows 11 , 64 bit Build 26100 (10.0.26100.5074)
Time: Wed Oct  8 22:24:21 2025 South Africa Standard Time elapsed time: 8.203747 seconds (0d 0h 0m 8s)

---------------  T H R E A D  ---------------

Current thread (0x000001f67e413680):  JavaThread "C2 CompilerThread1" daemon [_thread_in_native, id=24800, stack(0x00000019dc000000,0x00000019dc100000) (1024K)]


Current CompileTask:
C2:8204 8182       4       org.eclipse.jdt.internal.compiler.util.JrtFileSystem$2::visitFile (72 bytes)

Stack: [0x00000019dc000000,0x00000019dc100000]
Native frames: (J=compiled Java code, j=interpreted, Vv=VM code, C=native code)
V  [jvm.dll+0x6d2449]
V  [jvm.dll+0x8ae341]
V  [jvm.dll+0x8b08be]
V  [jvm.dll+0x8b0fa3]
V  [jvm.dll+0x280c96]
V  [jvm.dll+0xc581d]
V  [jvm.dll+0xc5d53]
V  [jvm.dll+0x3b9162]
V  [jvm.dll+0x385315]
V  [jvm.dll+0x38477a]
V  [jvm.dll+0x248ed0]
V  [jvm.dll+0x2484af]
V  [jvm.dll+0x1c89ee]
V  [jvm.dll+0x257d4d]
V  [jvm.dll+0x2562ea]
V  [jvm.dll+0x3f2d16]
V  [jvm.dll+0x857e6b]
V  [jvm.dll+0x6d0b0d]
C  [ucrtbase.dll+0x37b0]
C  [KERNEL32.DLL+0x2e8d7]
C  [ntdll.dll+0x8d9c]


---------------  P R O C E S S  ---------------

Threads class SMR info:
_java_thread_list=0x000001f66c8a9840, length=44, elements={
0x000001f66ec311c0, 0x000001f66ecd5400, 0x000001f66ebddf90, 0x000001f66ecda500,
0x000001f66ecdb050, 0x000001f66ece0080, 0x000001f66ece4a50, 0x000001f6779337e0,
0x000001f677936ea0, 0x000001f66ece5770, 0x000001f66ece5e00, 0x000001f66ece7ed0,
0x000001f66ece6b20, 0x000001f66ece71b0, 0x000001f66ece7840, 0x000001f66ece50e0,
0x000001f67dcbc410, 0x000001f67dcbcaa0, 0x000001f67dcbbd80, 0x000001f67e413680,
0x000001f67dcbb6f0, 0x000001f67dcbd130, 0x000001f67dcbd7c0, 0x000001f67dcbe4e0,
0x000001f67dcbb060, 0x000001f67dcc1960, 0x000001f67dcc1ff0, 0x000001f67dcbf200,
0x000001f67dcbeb70, 0x000001f67dcc0c40, 0x000001f67dcbff20, 0x000001f67dcc2680,
0x000001f67dcc05b0, 0x000001f67dcc12d0, 0x000001f67dcbf890, 0x000001f65127edd0,
0x000001f65127d390, 0x000001f65127e0b0, 0x000001f65127f460, 0x000001f65127bfe0,
0x000001f65127e740, 0x000001f65127faf0, 0x000001f65127c670, 0x000001f651e57300
}

Java Threads: ( => current thread )
  0x000001f66ec311c0 JavaThread "main"                              [_thread_blocked, id=1300, stack(0x00000019db100000,0x00000019db200000) (1024K)]
  0x000001f66ecd5400 JavaThread "Reference Handler"          daemon [_thread_blocked, id=34708, stack(0x00000019db500000,0x00000019db600000) (1024K)]
  0x000001f66ebddf90 JavaThread "Finalizer"                  daemon [_thread_blocked, id=27856, stack(0x00000019db600000,0x00000019db700000) (1024K)]
  0x000001f66ecda500 JavaThread "Signal Dispatcher"          daemon [_thread_blocked, id=24844, stack(0x00000019db700000,0x00000019db800000) (1024K)]
  0x000001f66ecdb050 JavaThread "Attach Listener"            daemon [_thread_blocked, id=31736, stack(0x00000019db800000,0x00000019db900000) (1024K)]
  0x000001f66ece0080 JavaThread "Service Thread"             daemon [_thread_blocked, id=11120, stack(0x00000019db900000,0x00000019dba00000) (1024K)]
  0x000001f66ece4a50 JavaThread "Monitor Deflation Thread"   daemon [_thread_blocked, id=22484, stack(0x00000019dba00000,0x00000019dbb00000) (1024K)]
  0x000001f6779337e0 JavaThread "C2 CompilerThread0"         daemon [_thread_blocked, id=27912, stack(0x00000019dbb00000,0x00000019dbc00000) (1024K)]
  0x000001f677936ea0 JavaThread "C1 CompilerThread0"         daemon [_thread_blocked, id=9984, stack(0x00000019dbc00000,0x00000019dbd00000) (1024K)]
  0x000001f66ece5770 JavaThread "Common-Cleaner"             daemon [_thread_blocked, id=27496, stack(0x00000019dbd00000,0x00000019dbe00000) (1024K)]
  0x000001f66ece5e00 JavaThread "Notification Thread"        daemon [_thread_blocked, id=31552, stack(0x00000019dbf00000,0x00000019dc000000) (1024K)]
  0x000001f66ece7ed0 JavaThread "Active Thread: Equinox Container: ce986ec9-fce7-434e-b219-c05ad3015392"        [_thread_blocked, id=28780, stack(0x00000019dc700000,0x00000019dc800000) (1024K)]
  0x000001f66ece6b20 JavaThread "Refresh Thread: Equinox Container: ce986ec9-fce7-434e-b219-c05ad3015392" daemon [_thread_blocked, id=18344, stack(0x00000019dc800000,0x00000019dc900000) (1024K)]
  0x000001f66ece71b0 JavaThread "Framework Event Dispatcher: Equinox Container: ce986ec9-fce7-434e-b219-c05ad3015392" daemon [_thread_blocked, id=28860, stack(0x00000019dca00000,0x00000019dcb00000) (1024K)]
  0x000001f66ece7840 JavaThread "Start Level: Equinox Container: ce986ec9-fce7-434e-b219-c05ad3015392" daemon [_thread_blocked, id=39584, stack(0x00000019dcb00000,0x00000019dcc00000) (1024K)]
  0x000001f66ece50e0 JavaThread "Bundle File Closer"         daemon [_thread_blocked, id=20612, stack(0x00000019dce00000,0x00000019dcf00000) (1024K)]
  0x000001f67dcbc410 JavaThread "SCR Component Actor"        daemon [_thread_blocked, id=25048, stack(0x00000019dcf00000,0x00000019dd000000) (1024K)]
  0x000001f67dcbcaa0 JavaThread "Worker-JM"                         [_thread_blocked, id=15804, stack(0x00000019dd000000,0x00000019dd100000) (1024K)]
  0x000001f67dcbbd80 JavaThread "JNA Cleaner"                daemon [_thread_blocked, id=39780, stack(0x00000019dbe00000,0x00000019dbf00000) (1024K)]
=>0x000001f67e413680 JavaThread "C2 CompilerThread1"         daemon [_thread_in_native, id=24800, stack(0x00000019dc000000,0x00000019dc100000) (1024K)]
  0x000001f67dcbb6f0 JavaThread "Worker-0: Initialize After Load"        [_thread_blocked, id=1296, stack(0x00000019dd200000,0x00000019dd300000) (1024K)]
  0x000001f67dcbd130 JavaThread "Worker-1: Java indexing... "        [_thread_blocked, id=34688, stack(0x00000019dd300000,0x00000019dd400000) (1024K)]
  0x000001f67dcbd7c0 JavaThread "Java indexing"              daemon [_thread_blocked, id=29044, stack(0x00000019dd400000,0x00000019dd500000) (1024K)]
  0x000001f67dcbe4e0 JavaThread "Worker-2"                          [_thread_blocked, id=37976, stack(0x00000019dd700000,0x00000019dd800000) (1024K)]
  0x000001f67dcbb060 JavaThread "Worker-3"                          [_thread_blocked, id=8328, stack(0x00000019dd800000,0x00000019dd900000) (1024K)]
  0x000001f67dcc1960 JavaThread "Thread-1"                   daemon [_thread_in_native, id=31140, stack(0x00000019dd900000,0x00000019dda00000) (1024K)]
  0x000001f67dcc1ff0 JavaThread "Thread-2"                   daemon [_thread_in_native, id=33200, stack(0x00000019dda00000,0x00000019ddb00000) (1024K)]
  0x000001f67dcbf200 JavaThread "Thread-3"                   daemon [_thread_in_native, id=39668, stack(0x00000019ddb00000,0x00000019ddc00000) (1024K)]
  0x000001f67dcbeb70 JavaThread "Thread-4"                   daemon [_thread_in_native, id=22324, stack(0x00000019ddc00000,0x00000019ddd00000) (1024K)]
  0x000001f67dcc0c40 JavaThread "Thread-5"                   daemon [_thread_in_native, id=25452, stack(0x00000019ddd00000,0x00000019dde00000) (1024K)]
  0x000001f67dcbff20 JavaThread "Thread-6"                   daemon [_thread_in_native, id=41836, stack(0x00000019dde00000,0x00000019ddf00000) (1024K)]
  0x000001f67dcc2680 JavaThread "Thread-7"                   daemon [_thread_in_native, id=40680, stack(0x00000019ddf00000,0x00000019de000000) (1024K)]
  0x000001f67dcc05b0 JavaThread "Thread-8"                   daemon [_thread_in_native, id=26608, stack(0x00000019de000000,0x00000019de100000) (1024K)]
  0x000001f67dcc12d0 JavaThread "Thread-9"                   daemon [_thread_in_native, id=14440, stack(0x00000019de100000,0x00000019de200000) (1024K)]
  0x000001f67dcbf890 JavaThread "Thread-10"                  daemon [_thread_in_native, id=27432, stack(0x00000019de200000,0x00000019de300000) (1024K)]
  0x000001f65127edd0 JavaThread "Thread-11"                  daemon [_thread_in_native, id=14860, stack(0x00000019de300000,0x00000019de400000) (1024K)]
  0x000001f65127d390 JavaThread "Thread-12"                  daemon [_thread_in_native, id=30024, stack(0x00000019de400000,0x00000019de500000) (1024K)]
  0x000001f65127e0b0 JavaThread "Thread-13"                  daemon [_thread_in_native, id=13976, stack(0x00000019de500000,0x00000019de600000) (1024K)]
  0x000001f65127f460 JavaThread "pool-2-thread-1"                   [_thread_blocked, id=29464, stack(0x00000019de600000,0x00000019de700000) (1024K)]
  0x000001f65127bfe0 JavaThread "Worker-4"                          [_thread_blocked, id=12920, stack(0x00000019de700000,0x00000019de800000) (1024K)]
  0x000001f65127e740 JavaThread "WorkspaceEventsHandler"            [_thread_blocked, id=21200, stack(0x00000019de800000,0x00000019de900000) (1024K)]
  0x000001f65127faf0 JavaThread "pool-1-thread-1"                   [_thread_blocked, id=17564, stack(0x00000019de900000,0x00000019dea00000) (1024K)]
  0x000001f65127c670 JavaThread "Worker-5"                          [_thread_blocked, id=20332, stack(0x00000019dea00000,0x00000019deb00000) (1024K)]
  0x000001f651e57300 JavaThread "C2 CompilerThread2"         daemon [_thread_blocked, id=14932, stack(0x00000019dd100000,0x00000019dd200000) (1024K)]
Total: 44

Other Threads:
  0x000001f66ecd07b0 VMThread "VM Thread"                           [id=24724, stack(0x00000019db400000,0x00000019db500000) (1024K)]
  0x000001f66eabca00 WatcherThread "VM Periodic Task Thread"        [id=17032, stack(0x00000019db300000,0x00000019db400000) (1024K)]
  0x000001f66ec50930 WorkerThread "GC Thread#0"                     [id=17148, stack(0x00000019db200000,0x00000019db300000) (1024K)]
  0x000001f67d04b450 WorkerThread "GC Thread#1"                     [id=9532, stack(0x00000019dc100000,0x00000019dc200000) (1024K)]
  0x000001f67d600330 WorkerThread "GC Thread#2"                     [id=21588, stack(0x00000019dc200000,0x00000019dc300000) (1024K)]
  0x000001f67d6006d0 WorkerThread "GC Thread#3"                     [id=31700, stack(0x00000019dc300000,0x00000019dc400000) (1024K)]
  0x000001f67d818250 WorkerThread "GC Thread#4"                     [id=9700, stack(0x00000019dc400000,0x00000019dc500000) (1024K)]
  0x000001f67dae0080 WorkerThread "GC Thread#5"                     [id=2036, stack(0x00000019dc500000,0x00000019dc600000) (1024K)]
  0x000001f67d6d9ca0 WorkerThread "GC Thread#6"                     [id=1308, stack(0x00000019dc600000,0x00000019dc700000) (1024K)]
  0x000001f67db32370 WorkerThread "GC Thread#7"                     [id=28956, stack(0x00000019dc900000,0x00000019dca00000) (1024K)]
  0x000001f67ddf92c0 WorkerThread "GC Thread#8"                     [id=36516, stack(0x00000019dcc00000,0x00000019dcd00000) (1024K)]
  0x000001f67d016ff0 WorkerThread "GC Thread#9"                     [id=23856, stack(0x00000019dcd00000,0x00000019dce00000) (1024K)]
Total: 12

Threads with active compile tasks:
C2 CompilerThread0  8247 8211   !   4       org.eclipse.jdt.internal.core.search.indexing.BinaryIndexer::indexDocument (1172 bytes)
C2 CompilerThread1  8247 8182       4       org.eclipse.jdt.internal.compiler.util.JrtFileSystem$2::visitFile (72 bytes)
C2 CompilerThread2  8247 8181       4       org.eclipse.jdt.internal.compiler.util.JrtFileSystem$2::visitFile (10 bytes)
Total: 3

VM state: at safepoint (normal execution)

VM Mutex/Monitor currently owned by a thread:  ([mutex/lock_event])
[0x00007fffb3825458] Threads_lock - owner thread: 0x000001f66ecd07b0
[0x00007fffb3825558] Heap_lock - owner thread: 0x000001f67dcbd7c0
[0x00007fffb38259d8] PSOldGenExpand_lock - owner thread: 0x000001f67d600330

Heap address: 0x0000000080000000, size: 2048 MB, Compressed Oops mode: 32-bit

CDS archive(s) mapped at: [0x000001f60f000000-0x000001f60fba0000-0x000001f60fba0000), size 12189696, SharedBaseAddress: 0x000001f60f000000, ArchiveRelocationMode: 1.
Compressed class space mapped at: 0x000001f610000000-0x000001f650000000, reserved size: 1073741824
Narrow klass base: 0x000001f60f000000, Narrow klass shift: 0, Narrow klass range: 0x100000000

GC Precious Log:
 CardTable entry size: 512
 CPUs: 12 total, 12 available
 Memory: 7525M
 Large Page Support: Disabled
 NUMA Support: Disabled
 Compressed Oops: Enabled (32-bit)
 Alignments: Space 512K, Generation 512K, Heap 2M
 Heap Min Capacity: 100M
 Heap Initial Capacity: 100M
 Heap Max Capacity: 2G
 Pre-touch: Disabled
 Parallel Workers: 10

Heap:
 PSYoungGen      total 6656K, used 6467K [0x00000000d5580000, 0x00000000d5d80000, 0x0000000100000000)
  eden space 5120K, 100% used [0x00000000d5580000,0x00000000d5a80000,0x00000000d5a80000)
  from space 1536K, 87% used [0x00000000d5c00000,0x00000000d5d50e30,0x00000000d5d80000)
  to   space 1536K, 19% used [0x00000000d5a80000,0x00000000d5acc398,0x00000000d5c00000)
 ParOldGen       total 148480K, used 148477K [0x0000000080000000, 0x0000000089100000, 0x00000000d5580000)
  object space 148480K, 99% used [0x0000000080000000,0x00000000890ff420,0x0000000089100000)
 Metaspace       used 48513K, committed 49664K, reserved 1114112K
  class space    used 5192K, committed 5696K, reserved 1048576K

Card table byte_map: [0x000001f66e5d0000,0x000001f66e9e0000] _byte_map_base: 0x000001f66e1d0000

Marking Bits: (ParMarkBitMap*) 0x00007fffb382a340
 Begin Bits: [0x000001f6720d0000, 0x000001f6740d0000)
 End Bits:   [0x000001f6740d0000, 0x000001f6760d0000)

Polling page: 0x000001f66c860000

Metaspace:

Usage:
  Non-class:     42.31 MB used.
      Class:      5.07 MB used.
       Both:     47.38 MB used.

Virtual space:
  Non-class space:       64.00 MB reserved,      42.94 MB ( 67%) committed,  1 nodes.
      Class space:        1.00 GB reserved,       5.56 MB ( <1%) committed,  1 nodes.
             Both:        1.06 GB reserved,      48.50 MB (  4%) committed. 

Chunk freelists:
   Non-Class:  5.09 MB
       Class:  10.38 MB
        Both:  15.47 MB

MaxMetaspaceSize: unlimited
CompressedClassSpaceSize: 1.00 GB
Initial GC threshold: 21.00 MB
Current GC threshold: 58.38 MB
CDS: on
 - commit_granule_bytes: 65536.
 - commit_granule_words: 8192.
 - virtual_space_node_default_size: 8388608.
 - enlarge_chunks_in_place: 1.
 - use_allocation_guard: 0.


Internal statistics:

num_allocs_failed_limit: 6.
num_arena_births: 880.
num_arena_deaths: 14.
num_vsnodes_births: 2.
num_vsnodes_deaths: 0.
num_space_committed: 776.
num_space_uncommitted: 0.
num_chunks_returned_to_freelist: 20.
num_chunks_taken_from_freelist: 2983.
num_chunk_merges: 10.
num_chunk_splits: 1895.
num_chunks_enlarged: 1151.
num_inconsistent_stats: 0.

CodeHeap 'non-profiled nmethods': size=120000Kb used=4732Kb max_used=4732Kb free=115267Kb
 bounds [0x000001f607ad0000, 0x000001f607f70000, 0x000001f60f000000]
CodeHeap 'profiled nmethods': size=120000Kb used=15709Kb max_used=15709Kb free=104290Kb
 bounds [0x000001f600000000, 0x000001f600f60000, 0x000001f607530000]
CodeHeap 'non-nmethods': size=5760Kb used=1388Kb max_used=1459Kb free=4371Kb
 bounds [0x000001f607530000, 0x000001f6077a0000, 0x000001f607ad0000]
CodeCache: size=245760Kb, used=21829Kb, max_used=21900Kb, free=223928Kb
 total_blobs=8246, nmethods=7554, adapters=598, full_count=0
Compilation: enabled, stopped_count=0, restarted_count=0

Compilation events (20 events):
Event: 7.775 Thread 0x000001f651e57300 nmethod 8190 0x000001f607f65890 code [0x000001f607f65a20, 0x000001f607f65c30]
Event: 7.775 Thread 0x000001f651e57300 8181       4       org.eclipse.jdt.internal.compiler.util.JrtFileSystem$2::visitFile (10 bytes)
Event: 7.777 Thread 0x000001f67e413680 nmethod 8201 0x000001f607f65d10 code [0x000001f607f65fe0, 0x000001f607f680f0]
Event: 7.779 Thread 0x000001f67e413680 8182       4       org.eclipse.jdt.internal.compiler.util.JrtFileSystem$2::visitFile (72 bytes)
Event: 7.803 Thread 0x000001f6779337e0 nmethod 8192 0x000001f607f69010 code [0x000001f607f69340, 0x000001f607f6add8]
Event: 7.803 Thread 0x000001f6779337e0 8189       4       java.net.URI$Parser::checkChars (44 bytes)
Event: 7.813 Thread 0x000001f6779337e0 nmethod 8189 0x000001f607f6bf90 code [0x000001f607f6c180, 0x000001f607f6c830]
Event: 7.813 Thread 0x000001f6779337e0 8206       4       org.eclipse.jdt.core.Signature::appendClassTypeSignature (323 bytes)
Event: 7.831 Thread 0x000001f677936ea0 8210       2       org.eclipse.jdt.internal.compiler.classfmt.ClassFileStruct::i4At (69 bytes)
Event: 7.831 Thread 0x000001f677936ea0 nmethod 8210 0x000001f600f54410 code [0x000001f600f545c0, 0x000001f600f54788]
Event: 7.834 Thread 0x000001f6779337e0 nmethod 8206 0x000001f607f6cc90 code [0x000001f607f6cf20, 0x000001f607f6df30]
Event: 7.834 Thread 0x000001f6779337e0 8211   !   4       org.eclipse.jdt.internal.core.search.indexing.BinaryIndexer::indexDocument (1172 bytes)
Event: 7.982 Thread 0x000001f677936ea0 8212       2       org.eclipse.jdt.internal.compiler.classfmt.FieldInfo::decodeAnnotations (185 bytes)
Event: 7.983 Thread 0x000001f677936ea0 nmethod 8212 0x000001f600f54890 code [0x000001f600f54a80, 0x000001f600f55260]
Event: 8.010 Thread 0x000001f677936ea0 8214       3       org.eclipse.jdt.internal.compiler.util.Util::scanClassTypeSignature (109 bytes)
Event: 8.011 Thread 0x000001f677936ea0 nmethod 8214 0x000001f600f55590 code [0x000001f600f55800, 0x000001f600f56108]
Event: 8.018 Thread 0x000001f677936ea0 8215       2       org.eclipse.jdt.internal.compiler.classfmt.ClassFileReader::decodeAnnotations (252 bytes)
Event: 8.019 Thread 0x000001f677936ea0 nmethod 8215 0x000001f600f56490 code [0x000001f600f566c0, 0x000001f600f57260]
Event: 8.036 Thread 0x000001f677936ea0 8217       1       jdk.internal.event.ThreadSleepEvent::isEnabled (2 bytes)
Event: 8.036 Thread 0x000001f677936ea0 nmethod 8217 0x000001f607f6ee10 code [0x000001f607f6efa0, 0x000001f607f6f068]

GC Heap History (20 events):
Event: 7.875 GC heap after
{Heap after GC invocations=67 (full 2):
 PSYoungGen      total 6656K, used 1251K [0x00000000d5580000, 0x00000000d5d80000, 0x0000000100000000)
  eden space 5120K, 0% used [0x00000000d5580000,0x00000000d5580000,0x00000000d5a80000)
  from space 1536K, 81% used [0x00000000d5a80000,0x00000000d5bb8e58,0x00000000d5c00000)
  to   space 1536K, 0% used [0x00000000d5c00000,0x00000000d5c00000,0x00000000d5d80000)
 ParOldGen       total 138240K, used 138022K [0x0000000080000000, 0x0000000088700000, 0x00000000d5580000)
  object space 138240K, 99% used [0x0000000080000000,0x00000000886c9ab8,0x0000000088700000)
 Metaspace       used 48513K, committed 49664K, reserved 1114112K
  class space    used 5192K, committed 5696K, reserved 1048576K
}
Event: 7.896 GC heap before
{Heap before GC invocations=68 (full 2):
 PSYoungGen      total 6656K, used 6371K [0x00000000d5580000, 0x00000000d5d80000, 0x0000000100000000)
  eden space 5120K, 100% used [0x00000000d5580000,0x00000000d5a80000,0x00000000d5a80000)
  from space 1536K, 81% used [0x00000000d5a80000,0x00000000d5bb8e58,0x00000000d5c00000)
  to   space 1536K, 0% used [0x00000000d5c00000,0x00000000d5c00000,0x00000000d5d80000)
 ParOldGen       total 138240K, used 138022K [0x0000000080000000, 0x0000000088700000, 0x00000000d5580000)
  object space 138240K, 99% used [0x0000000080000000,0x00000000886c9ab8,0x0000000088700000)
 Metaspace       used 48513K, committed 49664K, reserved 1114112K
  class space    used 5192K, committed 5696K, reserved 1048576K
}
Event: 7.898 GC heap after
{Heap after GC invocations=68 (full 2):
 PSYoungGen      total 6656K, used 1278K [0x00000000d5580000, 0x00000000d5d80000, 0x0000000100000000)
  eden space 5120K, 0% used [0x00000000d5580000,0x00000000d5580000,0x00000000d5a80000)
  from space 1536K, 83% used [0x00000000d5c00000,0x00000000d5d3f978,0x00000000d5d80000)
  to   space 1536K, 0% used [0x00000000d5a80000,0x00000000d5a80000,0x00000000d5c00000)
 ParOldGen       total 139264K, used 139088K [0x0000000080000000, 0x0000000088800000, 0x00000000d5580000)
  object space 139264K, 99% used [0x0000000080000000,0x00000000887d43a0,0x0000000088800000)
 Metaspace       used 48513K, committed 49664K, reserved 1114112K
  class space    used 5192K, committed 5696K, reserved 1048576K
}
Event: 7.920 GC heap before
{Heap before GC invocations=69 (full 2):
 PSYoungGen      total 6656K, used 6398K [0x00000000d5580000, 0x00000000d5d80000, 0x0000000100000000)
  eden space 5120K, 100% used [0x00000000d5580000,0x00000000d5a80000,0x00000000d5a80000)
  from space 1536K, 83% used [0x00000000d5c00000,0x00000000d5d3f978,0x00000000d5d80000)
  to   space 1536K, 0% used [0x00000000d5a80000,0x00000000d5a80000,0x00000000d5c00000)
 ParOldGen       total 139264K, used 139088K [0x0000000080000000, 0x0000000088800000, 0x00000000d5580000)
  object space 139264K, 99% used [0x0000000080000000,0x00000000887d43a0,0x0000000088800000)
 Metaspace       used 48513K, committed 49664K, reserved 1114112K
  class space    used 5192K, committed 5696K, reserved 1048576K
}
Event: 7.921 GC heap after
{Heap after GC invocations=69 (full 2):
 PSYoungGen      total 6656K, used 1214K [0x00000000d5580000, 0x00000000d5d80000, 0x0000000100000000)
  eden space 5120K, 0% used [0x00000000d5580000,0x00000000d5580000,0x00000000d5a80000)
  from space 1536K, 79% used [0x00000000d5a80000,0x00000000d5baf928,0x00000000d5c00000)
  to   space 1536K, 0% used [0x00000000d5c00000,0x00000000d5c00000,0x00000000d5d80000)
 ParOldGen       total 140288K, used 140224K [0x0000000080000000, 0x0000000088900000, 0x00000000d5580000)
  object space 140288K, 99% used [0x0000000080000000,0x00000000888f00a0,0x0000000088900000)
 Metaspace       used 48513K, committed 49664K, reserved 1114112K
  class space    used 5192K, committed 5696K, reserved 1048576K
}
Event: 7.944 GC heap before
{Heap before GC invocations=70 (full 2):
 PSYoungGen      total 6656K, used 6334K [0x00000000d5580000, 0x00000000d5d80000, 0x0000000100000000)
  eden space 5120K, 100% used [0x00000000d5580000,0x00000000d5a80000,0x00000000d5a80000)
  from space 1536K, 79% used [0x00000000d5a80000,0x00000000d5baf928,0x00000000d5c00000)
  to   space 1536K, 0% used [0x00000000d5c00000,0x00000000d5c00000,0x00000000d5d80000)
 ParOldGen       total 140288K, used 140224K [0x0000000080000000, 0x0000000088900000, 0x00000000d5580000)
  object space 140288K, 99% used [0x0000000080000000,0x00000000888f00a0,0x0000000088900000)
 Metaspace       used 48513K, committed 49664K, reserved 1114112K
  class space    used 5192K, committed 5696K, reserved 1048576K
}
Event: 7.946 GC heap after
{Heap after GC invocations=70 (full 2):
 PSYoungGen      total 6656K, used 1419K [0x00000000d5580000, 0x00000000d5d80000, 0x0000000100000000)
  eden space 5120K, 0% used [0x00000000d5580000,0x00000000d5580000,0x00000000d5a80000)
  from space 1536K, 92% used [0x00000000d5c00000,0x00000000d5d62c68,0x00000000d5d80000)
  to   space 1536K, 0% used [0x00000000d5a80000,0x00000000d5a80000,0x00000000d5c00000)
 ParOldGen       total 141824K, used 141316K [0x0000000080000000, 0x0000000088a80000, 0x00000000d5580000)
  object space 141824K, 99% used [0x0000000080000000,0x0000000088a01128,0x0000000088a80000)
 Metaspace       used 48513K, committed 49664K, reserved 1114112K
  class space    used 5192K, committed 5696K, reserved 1048576K
}
Event: 7.966 GC heap before
{Heap before GC invocations=71 (full 2):
 PSYoungGen      total 6656K, used 6539K [0x00000000d5580000, 0x00000000d5d80000, 0x0000000100000000)
  eden space 5120K, 100% used [0x00000000d5580000,0x00000000d5a80000,0x00000000d5a80000)
  from space 1536K, 92% used [0x00000000d5c00000,0x00000000d5d62c68,0x00000000d5d80000)
  to   space 1536K, 0% used [0x00000000d5a80000,0x00000000d5a80000,0x00000000d5c00000)
 ParOldGen       total 141824K, used 141316K [0x0000000080000000, 0x0000000088a80000, 0x00000000d5580000)
  object space 141824K, 99% used [0x0000000080000000,0x0000000088a01128,0x0000000088a80000)
 Metaspace       used 48513K, committed 49664K, reserved 1114112K
  class space    used 5192K, committed 5696K, reserved 1048576K
}
Event: 7.968 GC heap after
{Heap after GC invocations=71 (full 2):
 PSYoungGen      total 6656K, used 1311K [0x00000000d5580000, 0x00000000d5d80000, 0x0000000100000000)
  eden space 5120K, 0% used [0x00000000d5580000,0x00000000d5580000,0x00000000d5a80000)
  from space 1536K, 85% used [0x00000000d5a80000,0x00000000d5bc7cf0,0x00000000d5c00000)
  to   space 1536K, 0% used [0x00000000d5c00000,0x00000000d5c00000,0x00000000d5d80000)
 ParOldGen       total 142848K, used 142594K [0x0000000080000000, 0x0000000088b80000, 0x00000000d5580000)
  object space 142848K, 99% used [0x0000000080000000,0x0000000088b40960,0x0000000088b80000)
 Metaspace       used 48513K, committed 49664K, reserved 1114112K
  class space    used 5192K, committed 5696K, reserved 1048576K
}
Event: 7.991 GC heap before
{Heap before GC invocations=72 (full 2):
 PSYoungGen      total 6656K, used 6431K [0x00000000d5580000, 0x00000000d5d80000, 0x0000000100000000)
  eden space 5120K, 100% used [0x00000000d5580000,0x00000000d5a80000,0x00000000d5a80000)
  from space 1536K, 85% used [0x00000000d5a80000,0x00000000d5bc7cf0,0x00000000d5c00000)
  to   space 1536K, 0% used [0x00000000d5c00000,0x00000000d5c00000,0x00000000d5d80000)
 ParOldGen       total 142848K, used 142594K [0x0000000080000000, 0x0000000088b80000, 0x00000000d5580000)
  object space 142848K, 99% used [0x0000000080000000,0x0000000088b40960,0x0000000088b80000)
 Metaspace       used 48513K, committed 49664K, reserved 1114112K
  class space    used 5192K, committed 5696K, reserved 1048576K
}
Event: 8.005 GC heap after
{Heap after GC invocations=72 (full 2):
 PSYoungGen      total 6656K, used 1294K [0x00000000d5580000, 0x00000000d5d80000, 0x0000000100000000)
  eden space 5120K, 0% used [0x00000000d5580000,0x00000000d5580000,0x00000000d5a80000)
  from space 1536K, 84% used [0x00000000d5c00000,0x00000000d5d43828,0x00000000d5d80000)
  to   space 1536K, 0% used [0x00000000d5a80000,0x00000000d5a80000,0x00000000d5c00000)
 ParOldGen       total 143872K, used 143737K [0x0000000080000000, 0x0000000088c80000, 0x00000000d5580000)
  object space 143872K, 99% used [0x0000000080000000,0x0000000088c5e6a0,0x0000000088c80000)
 Metaspace       used 48513K, committed 49664K, reserved 1114112K
  class space    used 5192K, committed 5696K, reserved 1048576K
}
Event: 8.025 GC heap before
{Heap before GC invocations=73 (full 2):
 PSYoungGen      total 6656K, used 6414K [0x00000000d5580000, 0x00000000d5d80000, 0x0000000100000000)
  eden space 5120K, 100% used [0x00000000d5580000,0x00000000d5a80000,0x00000000d5a80000)
  from space 1536K, 84% used [0x00000000d5c00000,0x00000000d5d43828,0x00000000d5d80000)
  to   space 1536K, 0% used [0x00000000d5a80000,0x00000000d5a80000,0x00000000d5c00000)
 ParOldGen       total 143872K, used 143737K [0x0000000080000000, 0x0000000088c80000, 0x00000000d5580000)
  object space 143872K, 99% used [0x0000000080000000,0x0000000088c5e6a0,0x0000000088c80000)
 Metaspace       used 48513K, committed 49664K, reserved 1114112K
  class space    used 5192K, committed 5696K, reserved 1048576K
}
Event: 8.027 GC heap after
{Heap after GC invocations=73 (full 2):
 PSYoungGen      total 6656K, used 1262K [0x00000000d5580000, 0x00000000d5d80000, 0x0000000100000000)
  eden space 5120K, 0% used [0x00000000d5580000,0x00000000d5580000,0x00000000d5a80000)
  from space 1536K, 82% used [0x00000000d5a80000,0x00000000d5bbbb68,0x00000000d5c00000)
  to   space 1536K, 0% used [0x00000000d5c00000,0x00000000d5c00000,0x00000000d5d80000)
 ParOldGen       total 144896K, used 144878K [0x0000000080000000, 0x0000000088d80000, 0x00000000d5580000)
  object space 144896K, 99% used [0x0000000080000000,0x0000000088d7b838,0x0000000088d80000)
 Metaspace       used 48513K, committed 49664K, reserved 1114112K
  class space    used 5192K, committed 5696K, reserved 1048576K
}
Event: 8.047 GC heap before
{Heap before GC invocations=74 (full 2):
 PSYoungGen      total 6656K, used 6382K [0x00000000d5580000, 0x00000000d5d80000, 0x0000000100000000)
  eden space 5120K, 100% used [0x00000000d5580000,0x00000000d5a80000,0x00000000d5a80000)
  from space 1536K, 82% used [0x00000000d5a80000,0x00000000d5bbbb68,0x00000000d5c00000)
  to   space 1536K, 0% used [0x00000000d5c00000,0x00000000d5c00000,0x00000000d5d80000)
 ParOldGen       total 144896K, used 144878K [0x0000000080000000, 0x0000000088d80000, 0x00000000d5580000)
  object space 144896K, 99% used [0x0000000080000000,0x0000000088d7b838,0x0000000088d80000)
 Metaspace       used 48513K, committed 49664K, reserved 1114112K
  class space    used 5192K, committed 5696K, reserved 1048576K
}
Event: 8.049 GC heap after
{Heap after GC invocations=74 (full 2):
 PSYoungGen      total 6656K, used 1285K [0x00000000d5580000, 0x00000000d5d80000, 0x0000000100000000)
  eden space 5120K, 0% used [0x00000000d5580000,0x00000000d5580000,0x00000000d5a80000)
  from space 1536K, 83% used [0x00000000d5c00000,0x00000000d5d41478,0x00000000d5d80000)
  to   space 1536K, 0% used [0x00000000d5a80000,0x00000000d5a80000,0x00000000d5c00000)
 ParOldGen       total 146432K, used 146022K [0x0000000080000000, 0x0000000088f00000, 0x00000000d5580000)
  object space 146432K, 99% used [0x0000000080000000,0x0000000088e99a40,0x0000000088f00000)
 Metaspace       used 48513K, committed 49664K, reserved 1114112K
  class space    used 5192K, committed 5696K, reserved 1048576K
}
Event: 8.069 GC heap before
{Heap before GC invocations=75 (full 2):
 PSYoungGen      total 6656K, used 6405K [0x00000000d5580000, 0x00000000d5d80000, 0x0000000100000000)
  eden space 5120K, 100% used [0x00000000d5580000,0x00000000d5a80000,0x00000000d5a80000)
  from space 1536K, 83% used [0x00000000d5c00000,0x00000000d5d41478,0x00000000d5d80000)
  to   space 1536K, 0% used [0x00000000d5a80000,0x00000000d5a80000,0x00000000d5c00000)
 ParOldGen       total 146432K, used 146022K [0x0000000080000000, 0x0000000088f00000, 0x00000000d5580000)
  object space 146432K, 99% used [0x0000000080000000,0x0000000088e99a40,0x0000000088f00000)
 Metaspace       used 48513K, committed 49664K, reserved 1114112K
  class space    used 5192K, committed 5696K, reserved 1048576K
}
Event: 8.071 GC heap after
{Heap after GC invocations=75 (full 2):
 PSYoungGen      total 6656K, used 1364K [0x00000000d5580000, 0x00000000d5d80000, 0x0000000100000000)
  eden space 5120K, 0% used [0x00000000d5580000,0x00000000d5580000,0x00000000d5a80000)
  from space 1536K, 88% used [0x00000000d5a80000,0x00000000d5bd5150,0x00000000d5c00000)
  to   space 1536K, 0% used [0x00000000d5c00000,0x00000000d5c00000,0x00000000d5d80000)
 ParOldGen       total 147456K, used 147186K [0x0000000080000000, 0x0000000089000000, 0x00000000d5580000)
  object space 147456K, 99% used [0x0000000080000000,0x0000000088fbc890,0x0000000089000000)
 Metaspace       used 48513K, committed 49664K, reserved 1114112K
  class space    used 5192K, committed 5696K, reserved 1048576K
}
Event: 8.089 GC heap before
{Heap before GC invocations=76 (full 2):
 PSYoungGen      total 6656K, used 6484K [0x00000000d5580000, 0x00000000d5d80000, 0x0000000100000000)
  eden space 5120K, 100% used [0x00000000d5580000,0x00000000d5a80000,0x00000000d5a80000)
  from space 1536K, 88% used [0x00000000d5a80000,0x00000000d5bd5150,0x00000000d5c00000)
  to   space 1536K, 0% used [0x00000000d5c00000,0x00000000d5c00000,0x00000000d5d80000)
 ParOldGen       total 147456K, used 147186K [0x0000000080000000, 0x0000000089000000, 0x00000000d5580000)
  object space 147456K, 99% used [0x0000000080000000,0x0000000088fbc890,0x0000000089000000)
 Metaspace       used 48513K, committed 49664K, reserved 1114112K
  class space    used 5192K, committed 5696K, reserved 1048576K
}
Event: 8.091 GC heap after
{Heap after GC invocations=76 (full 2):
 PSYoungGen      total 6656K, used 1347K [0x00000000d5580000, 0x00000000d5d80000, 0x0000000100000000)
  eden space 5120K, 0% used [0x00000000d5580000,0x00000000d5580000,0x00000000d5a80000)
  from space 1536K, 87% used [0x00000000d5c00000,0x00000000d5d50e30,0x00000000d5d80000)
  to   space 1536K, 0% used [0x00000000d5a80000,0x00000000d5a80000,0x00000000d5c00000)
 ParOldGen       total 148480K, used 148365K [0x0000000080000000, 0x0000000089100000, 0x00000000d5580000)
  object space 148480K, 99% used [0x0000000080000000,0x00000000890e3420,0x0000000089100000)
 Metaspace       used 48513K, committed 49664K, reserved 1114112K
  class space    used 5192K, committed 5696K, reserved 1048576K
}
Event: 8.111 GC heap before
{Heap before GC invocations=77 (full 2):
 PSYoungGen      total 6656K, used 6467K [0x00000000d5580000, 0x00000000d5d80000, 0x0000000100000000)
  eden space 5120K, 100% used [0x00000000d5580000,0x00000000d5a80000,0x00000000d5a80000)
  from space 1536K, 87% used [0x00000000d5c00000,0x00000000d5d50e30,0x00000000d5d80000)
  to   space 1536K, 0% used [0x00000000d5a80000,0x00000000d5a80000,0x00000000d5c00000)
 ParOldGen       total 148480K, used 148365K [0x0000000080000000, 0x0000000089100000, 0x00000000d5580000)
  object space 148480K, 99% used [0x0000000080000000,0x00000000890e3420,0x0000000089100000)
 Metaspace       used 48513K, committed 49664K, reserved 1114112K
  class space    used 5192K, committed 5696K, reserved 1048576K
}

Dll operation events (10 events):
Event: 0.009 Loaded shared library c:\Users\waniw\.vscode\extensions\redhat.java-1.46.0-win32-x64\jre\21.0.8-win32-x86_64\bin\java.dll
Event: 0.058 Loaded shared library c:\Users\waniw\.vscode\extensions\redhat.java-1.46.0-win32-x64\jre\21.0.8-win32-x86_64\bin\zip.dll
Event: 0.075 Loaded shared library C:\Users\waniw\.vscode\extensions\redhat.java-1.46.0-win32-x64\jre\21.0.8-win32-x86_64\bin\instrument.dll
Event: 0.079 Loaded shared library C:\Users\waniw\.vscode\extensions\redhat.java-1.46.0-win32-x64\jre\21.0.8-win32-x86_64\bin\net.dll
Event: 0.081 Loaded shared library C:\Users\waniw\.vscode\extensions\redhat.java-1.46.0-win32-x64\jre\21.0.8-win32-x86_64\bin\nio.dll
Event: 0.084 Loaded shared library C:\Users\waniw\.vscode\extensions\redhat.java-1.46.0-win32-x64\jre\21.0.8-win32-x86_64\bin\zip.dll
Event: 0.096 Loaded shared library C:\Users\waniw\.vscode\extensions\redhat.java-1.46.0-win32-x64\jre\21.0.8-win32-x86_64\bin\jimage.dll
Event: 0.154 Loaded shared library c:\Users\waniw\.vscode\extensions\redhat.java-1.46.0-win32-x64\jre\21.0.8-win32-x86_64\bin\verify.dll
Event: 1.040 Loaded shared library C:\Users\waniw\AppData\Roaming\Code\User\globalStorage\redhat.java\1.46.0\config_win\org.eclipse.equinox.launcher\org.eclipse.equinox.launcher.win32.win32.x86_64_1.2.1400.v20250801-0854\eclipse_11916.dll
Event: 2.312 Loaded shared library C:\Users\waniw\AppData\Local\Temp\jna-112897810\jna16719600118893659494.dll

Deoptimization events (20 events):
Event: 7.527 Thread 0x000001f67dcbd7c0 DEOPT PACKING pc=0x000001f600dad822 sp=0x00000019dd4fe410
Event: 7.527 Thread 0x000001f67dcbd7c0 DEOPT UNPACKING pc=0x000001f607584242 sp=0x00000019dd4fd988 mode 0
Event: 7.540 Thread 0x000001f67dcbd7c0 DEOPT PACKING pc=0x000001f600dad822 sp=0x00000019dd4fe410
Event: 7.540 Thread 0x000001f67dcbd7c0 DEOPT UNPACKING pc=0x000001f607584242 sp=0x00000019dd4fd988 mode 0
Event: 7.594 Thread 0x000001f67dcbd7c0 DEOPT PACKING pc=0x000001f600dad822 sp=0x00000019dd4fe410
Event: 7.594 Thread 0x000001f67dcbd7c0 DEOPT UNPACKING pc=0x000001f607584242 sp=0x00000019dd4fd988 mode 0
Event: 7.611 Thread 0x000001f67dcbd7c0 DEOPT PACKING pc=0x000001f600dad822 sp=0x00000019dd4fe410
Event: 7.611 Thread 0x000001f67dcbd7c0 DEOPT UNPACKING pc=0x000001f607584242 sp=0x00000019dd4fd988 mode 0
Event: 7.632 Thread 0x000001f67dcbd7c0 DEOPT PACKING pc=0x000001f600dad822 sp=0x00000019dd4fe410
Event: 7.632 Thread 0x000001f67dcbd7c0 DEOPT UNPACKING pc=0x000001f607584242 sp=0x00000019dd4fd988 mode 0
Event: 7.642 Thread 0x000001f67dcbd7c0 DEOPT PACKING pc=0x000001f600dad822 sp=0x00000019dd4fe410
Event: 7.642 Thread 0x000001f67dcbd7c0 DEOPT UNPACKING pc=0x000001f607584242 sp=0x00000019dd4fd988 mode 0
Event: 7.670 Thread 0x000001f67dcbd7c0 DEOPT PACKING pc=0x000001f600dad822 sp=0x00000019dd4fe410
Event: 7.670 Thread 0x000001f67dcbd7c0 DEOPT UNPACKING pc=0x000001f607584242 sp=0x00000019dd4fd988 mode 0
Event: 7.706 Thread 0x000001f67dcbd7c0 DEOPT PACKING pc=0x000001f600dad822 sp=0x00000019dd4fe410
Event: 7.706 Thread 0x000001f67dcbd7c0 DEOPT UNPACKING pc=0x000001f607584242 sp=0x00000019dd4fd988 mode 0
Event: 7.725 Thread 0x000001f67dcbd7c0 DEOPT PACKING pc=0x000001f600dad822 sp=0x00000019dd4fe410
Event: 7.725 Thread 0x000001f67dcbd7c0 DEOPT UNPACKING pc=0x000001f607584242 sp=0x00000019dd4fd988 mode 0
Event: 7.749 Thread 0x000001f67dcbd7c0 DEOPT PACKING pc=0x000001f600dad822 sp=0x00000019dd4fe410
Event: 7.749 Thread 0x000001f67dcbd7c0 DEOPT UNPACKING pc=0x000001f607584242 sp=0x00000019dd4fd988 mode 0

Classes loaded (20 events):
Event: 5.844 Loading class jdk/internal/jimage/ImageReader$Directory
Event: 5.844 Loading class jdk/internal/jimage/ImageReader$Directory done
Event: 5.879 Loading class java/nio/file/FileTreeWalker$DirectoryNode
Event: 5.879 Loading class java/nio/file/FileTreeWalker$DirectoryNode done
Event: 5.879 Loading class java/nio/file/FileTreeWalker$Event
Event: 5.879 Loading class java/nio/file/FileTreeWalker$Event done
Event: 5.879 Loading class java/nio/file/FileTreeWalker$EventType
Event: 5.879 Loading class java/nio/file/FileTreeWalker$EventType done
Event: 5.879 Loading class java/nio/file/Files$3
Event: 5.879 Loading class java/nio/file/Files$3 done
Event: 5.879 Loading class java/nio/file/FileVisitResult
Event: 5.880 Loading class java/nio/file/FileVisitResult done
Event: 5.937 Loading class java/nio/channels/Channels$ReadableByteChannelImpl
Event: 5.937 Loading class java/nio/channels/Channels$ReadableByteChannelImpl done
Event: 5.938 Loading class java/nio/channels/NonWritableChannelException
Event: 5.938 Loading class java/nio/channels/NonWritableChannelException done
Event: 6.112 Loading class java/util/AbstractList$ListItr
Event: 6.112 Loading class java/util/AbstractList$ListItr done
Event: 6.687 Loading class java/util/WeakHashMap$KeyIterator
Event: 6.687 Loading class java/util/WeakHashMap$KeyIterator done

Classes unloaded (7 events):
Event: 2.873 Thread 0x000001f66ecd07b0 Unloading class 0x000001f6101ad000 'java/lang/invoke/LambdaForm$MH+0x000001f6101ad000'
Event: 2.873 Thread 0x000001f66ecd07b0 Unloading class 0x000001f6101acc00 'java/lang/invoke/LambdaForm$MH+0x000001f6101acc00'
Event: 2.873 Thread 0x000001f66ecd07b0 Unloading class 0x000001f6101ac800 'java/lang/invoke/LambdaForm$MH+0x000001f6101ac800'
Event: 2.873 Thread 0x000001f66ecd07b0 Unloading class 0x000001f6101ac400 'java/lang/invoke/LambdaForm$MH+0x000001f6101ac400'
Event: 2.873 Thread 0x000001f66ecd07b0 Unloading class 0x000001f6101ac000 'java/lang/invoke/LambdaForm$BMH+0x000001f6101ac000'
Event: 2.873 Thread 0x000001f66ecd07b0 Unloading class 0x000001f6101abc00 'java/lang/invoke/LambdaForm$DMH+0x000001f6101abc00'
Event: 2.873 Thread 0x000001f66ecd07b0 Unloading class 0x000001f6101aa800 'java/lang/invoke/LambdaForm$DMH+0x000001f6101aa800'

Classes redefined (0 events):
No events

Internal exceptions (20 events):
Event: 6.898 Thread 0x000001f67dcbb6f0 Exception <a 'sun/nio/fs/WindowsException'{0x00000000d5719ac0}> (0x00000000d5719ac0) 
thrown [s\src\hotspot\share\prims\jni.cpp, line 520]
Event: 6.898 Thread 0x000001f67dcbb6f0 Exception <a 'sun/nio/fs/WindowsException'{0x00000000d571a110}> (0x00000000d571a110) 
thrown [s\src\hotspot\share\prims\jni.cpp, line 520]
Event: 6.900 Thread 0x000001f67dcbb6f0 Exception <a 'sun/nio/fs/WindowsException'{0x00000000d58ee618}> (0x00000000d58ee618) 
thrown [s\src\hotspot\share\prims\jni.cpp, line 520]
Event: 6.900 Thread 0x000001f67dcbb6f0 Exception <a 'sun/nio/fs/WindowsException'{0x00000000d58eec68}> (0x00000000d58eec68) 
thrown [s\src\hotspot\share\prims\jni.cpp, line 520]
Event: 6.939 Thread 0x000001f67dcbb6f0 Exception <a 'sun/nio/fs/WindowsException'{0x00000000d5580548}> (0x00000000d5580548) 
thrown [s\src\hotspot\share\prims\jni.cpp, line 520]
Event: 6.939 Thread 0x000001f67dcbb6f0 Exception <a 'sun/nio/fs/WindowsException'{0x00000000d5580b98}> (0x00000000d5580b98) 
thrown [s\src\hotspot\share\prims\jni.cpp, line 520]
Event: 6.942 Thread 0x000001f67dcbb6f0 Exception <a 'sun/nio/fs/WindowsException'{0x00000000d5672ce8}> (0x00000000d5672ce8) 
thrown [s\src\hotspot\share\prims\jni.cpp, line 520]
Event: 6.942 Thread 0x000001f67dcbb6f0 Exception <a 'sun/nio/fs/WindowsException'{0x00000000d5673338}> (0x00000000d5673338) 
thrown [s\src\hotspot\share\prims\jni.cpp, line 520]
Event: 6.943 Thread 0x000001f67dcbb6f0 Exception <a 'sun/nio/fs/WindowsException'{0x00000000d56750f8}> (0x00000000d56750f8) 
thrown [s\src\hotspot\share\prims\jni.cpp, line 520]
Event: 6.943 Thread 0x000001f67dcbb6f0 Exception <a 'sun/nio/fs/WindowsException'{0x00000000d5675748}> (0x00000000d5675748) 
thrown [s\src\hotspot\share\prims\jni.cpp, line 520]
Event: 6.944 Thread 0x000001f67dcbb6f0 Exception <a 'sun/nio/fs/WindowsException'{0x00000000d5677838}> (0x00000000d5677838) 
thrown [s\src\hotspot\share\prims\jni.cpp, line 520]
Event: 6.944 Thread 0x000001f67dcbb6f0 Exception <a 'sun/nio/fs/WindowsException'{0x00000000d5677e88}> (0x00000000d5677e88) 
thrown [s\src\hotspot\share\prims\jni.cpp, line 520]
Event: 6.944 Thread 0x000001f67dcbb6f0 Exception <a 'sun/nio/fs/WindowsException'{0x00000000d5679c48}> (0x00000000d5679c48) 
thrown [s\src\hotspot\share\prims\jni.cpp, line 520]
Event: 6.944 Thread 0x000001f67dcbb6f0 Exception <a 'sun/nio/fs/WindowsException'{0x00000000d567a298}> (0x00000000d567a298) 
thrown [s\src\hotspot\share\prims\jni.cpp, line 520]
Event: 6.945 Thread 0x000001f67dcbb6f0 Exception <a 'sun/nio/fs/WindowsException'{0x00000000d567c2f0}> (0x00000000d567c2f0) 
thrown [s\src\hotspot\share\prims\jni.cpp, line 520]
Event: 6.945 Thread 0x000001f67dcbb6f0 Exception <a 'sun/nio/fs/WindowsException'{0x00000000d567c940}> (0x00000000d567c940) 
thrown [s\src\hotspot\share\prims\jni.cpp, line 520]
Event: 6.946 Thread 0x000001f67dcbb6f0 Exception <a 'sun/nio/fs/WindowsException'{0x00000000d5863de8}> (0x00000000d5863de8) 
thrown [s\src\hotspot\share\prims\jni.cpp, line 520]
Event: 6.946 Thread 0x000001f67dcbb6f0 Exception <a 'sun/nio/fs/WindowsException'{0x00000000d5864438}> (0x00000000d5864438) 
thrown [s\src\hotspot\share\prims\jni.cpp, line 520]
Event: 6.947 Thread 0x000001f67dcbb6f0 Exception <a 'sun/nio/fs/WindowsException'{0x00000000d5866658}> (0x00000000d5866658) 
thrown [s\src\hotspot\share\prims\jni.cpp, line 520]
Event: 6.947 Thread 0x000001f67dcbb6f0 Exception <a 'sun/nio/fs/WindowsException'{0x00000000d5866ca8}> (0x00000000d5866ca8) 
thrown [s\src\hotspot\share\prims\jni.cpp, line 520]

ZGC Phase Switch (0 events):
No events

VM Operations (20 events):
Event: 7.875 Executing VM operation: ParallelGCFailedAllocation (Allocation Failure) done
Event: 7.896 Executing VM operation: ParallelGCFailedAllocation (Allocation Failure)
Event: 7.898 Executing VM operation: ParallelGCFailedAllocation (Allocation Failure) done
Event: 7.920 Executing VM operation: ParallelGCFailedAllocation (Allocation Failure)
Event: 7.921 Executing VM operation: ParallelGCFailedAllocation (Allocation Failure) done
Event: 7.944 Executing VM operation: ParallelGCFailedAllocation (Allocation Failure)
Event: 7.946 Executing VM operation: ParallelGCFailedAllocation (Allocation Failure) done
Event: 7.966 Executing VM operation: ParallelGCFailedAllocation (Allocation Failure)
Event: 7.968 Executing VM operation: ParallelGCFailedAllocation (Allocation Failure) done
Event: 7.991 Executing VM operation: ParallelGCFailedAllocation (Allocation Failure)
Event: 8.005 Executing VM operation: ParallelGCFailedAllocation (Allocation Failure) done
Event: 8.025 Executing VM operation: ParallelGCFailedAllocation (Allocation Failure)
Event: 8.027 Executing VM operation: ParallelGCFailedAllocation (Allocation Failure) done
Event: 8.047 Executing VM operation: ParallelGCFailedAllocation (Allocation Failure)
Event: 8.049 Executing VM operation: ParallelGCFailedAllocation (Allocation Failure) done
Event: 8.069 Executing VM operation: ParallelGCFailedAllocation (Allocation Failure)
Event: 8.071 Executing VM operation: ParallelGCFailedAllocation (Allocation Failure) done
Event: 8.089 Executing VM operation: ParallelGCFailedAllocation (Allocation Failure)
Event: 8.091 Executing VM operation: ParallelGCFailedAllocation (Allocation Failure) done
Event: 8.111 Executing VM operation: ParallelGCFailedAllocation (Allocation Failure)

Memory protections (0 events):
No events

Nmethod flushes (20 events):
Event: 4.065 Thread 0x000001f66ecd07b0 flushing  nmethod 0x000001f60067a710
Event: 4.065 Thread 0x000001f66ecd07b0 flushing  nmethod 0x000001f600682d10
Event: 4.065 Thread 0x000001f66ecd07b0 flushing  nmethod 0x000001f6006b0a90
Event: 4.065 Thread 0x000001f66ecd07b0 flushing  nmethod 0x000001f6006b0e90
Event: 4.065 Thread 0x000001f66ecd07b0 flushing  nmethod 0x000001f6006b1790
Event: 4.065 Thread 0x000001f66ecd07b0 flushing  nmethod 0x000001f6006b3a10
Event: 4.065 Thread 0x000001f66ecd07b0 flushing  nmethod 0x000001f6006b4210
Event: 4.065 Thread 0x000001f66ecd07b0 flushing  nmethod 0x000001f6006b4990
Event: 4.065 Thread 0x000001f66ecd07b0 flushing  nmethod 0x000001f6006b6a90
Event: 4.065 Thread 0x000001f66ecd07b0 flushing  nmethod 0x000001f6006b6f90
Event: 4.065 Thread 0x000001f66ecd07b0 flushing  nmethod 0x000001f6006b8490
Event: 4.065 Thread 0x000001f66ecd07b0 flushing  nmethod 0x000001f6006b8890
Event: 4.065 Thread 0x000001f66ecd07b0 flushing  nmethod 0x000001f6006c1d10
Event: 4.065 Thread 0x000001f66ecd07b0 flushing  nmethod 0x000001f6006c2f90
Event: 4.065 Thread 0x000001f66ecd07b0 flushing  nmethod 0x000001f6006c3490
Event: 4.065 Thread 0x000001f66ecd07b0 flushing  nmethod 0x000001f6006d4d10
Event: 4.065 Thread 0x000001f66ecd07b0 flushing  nmethod 0x000001f6006da790
Event: 4.065 Thread 0x000001f66ecd07b0 flushing  nmethod 0x000001f6006ec790
Event: 4.065 Thread 0x000001f66ecd07b0 flushing  nmethod 0x000001f6006eea10
Event: 4.065 Thread 0x000001f66ecd07b0 flushing  nmethod 0x000001f60078ff90

Events (20 events):
Event: 3.783 Thread 0x000001f66ec311c0 Thread added: 0x000001f67dcc1960
Event: 3.783 Thread 0x000001f66ec311c0 Thread added: 0x000001f67dcc1ff0
Event: 3.783 Thread 0x000001f66ec311c0 Thread added: 0x000001f67dcbf200
Event: 3.784 Thread 0x000001f66ec311c0 Thread added: 0x000001f67dcbeb70
Event: 3.784 Thread 0x000001f66ec311c0 Thread added: 0x000001f67dcc0c40
Event: 3.784 Thread 0x000001f66ec311c0 Thread added: 0x000001f67dcbff20
Event: 3.784 Thread 0x000001f66ec311c0 Thread added: 0x000001f67dcc2680
Event: 3.784 Thread 0x000001f66ec311c0 Thread added: 0x000001f67dcc05b0
Event: 3.784 Thread 0x000001f66ec311c0 Thread added: 0x000001f67dcc12d0
Event: 3.785 Thread 0x000001f66ec311c0 Thread added: 0x000001f67dcbf890
Event: 3.785 Thread 0x000001f66ec311c0 Thread added: 0x000001f65127edd0
Event: 3.785 Thread 0x000001f66ec311c0 Thread added: 0x000001f65127d390
Event: 3.786 Thread 0x000001f66ec311c0 Thread added: 0x000001f65127e0b0
Event: 3.840 Thread 0x000001f66ec311c0 Thread added: 0x000001f65127f460
Event: 3.972 Thread 0x000001f67dcbd130 Thread added: 0x000001f65127bfe0
Event: 4.120 Thread 0x000001f66ec311c0 Thread added: 0x000001f65127e740
Event: 4.121 Thread 0x000001f66ec311c0 Thread added: 0x000001f65127faf0
Event: 4.147 Thread 0x000001f65127bfe0 Thread added: 0x000001f65127c670
Event: 5.696 Thread 0x000001f67e5cd000 Thread exited: 0x000001f67e5cd000
Event: 5.850 Thread 0x000001f677936ea0 Thread added: 0x000001f651e57300


Dynamic libraries:
0x00007ff67f1c0000 - 0x00007ff67f1ce000 	c:\Users\waniw\.vscode\extensions\redhat.java-1.46.0-win32-x64\jre\21.0.8-win32-x86_64\bin\java.exe
0x00007ff839c00000 - 0x00007ff839e69000 	C:\WINDOWS\SYSTEM32\ntdll.dll
0x00007ff8384d0000 - 0x00007ff838599000 	C:\WINDOWS\System32\KERNEL32.DLL
0x00007ff836f10000 - 0x00007ff837303000 	C:\WINDOWS\System32\KERNELBASE.dll
0x00007ff837880000 - 0x00007ff8379cb000 	C:\WINDOWS\System32\ucrtbase.dll
0x00007ff811fd0000 - 0x00007ff811fee000 	c:\Users\waniw\.vscode\extensions\redhat.java-1.46.0-win32-x64\jre\21.0.8-win32-x86_64\bin\VCRUNTIME140.dll
0x00007ff8120a0000 - 0x00007ff8120b8000 	c:\Users\waniw\.vscode\extensions\redhat.java-1.46.0-win32-x64\jre\21.0.8-win32-x86_64\bin\jli.dll
0x00007ff837b60000 - 0x00007ff837d24000 	C:\WINDOWS\System32\USER32.dll
0x00007ff81db30000 - 0x00007ff81ddc3000 	C:\WINDOWS\WinSxS\amd64_microsoft.windows.common-controls_6595b64144ccf1df_6.0.26100.5074_none_3e0d6f78e32fd63f\COMCTL32.dll
0x00007ff8376e0000 - 0x00007ff837707000 	C:\WINDOWS\System32\win32u.dll
0x00007ff839790000 - 0x00007ff8397bb000 	C:\WINDOWS\System32\GDI32.dll
0x00007ff838fb0000 - 0x00007ff839059000 	C:\WINDOWS\System32\msvcrt.dll
0x00007ff837310000 - 0x00007ff83743d000 	C:\WINDOWS\System32\gdi32full.dll
0x00007ff837440000 - 0x00007ff8374e3000 	C:\WINDOWS\System32\msvcp_win.dll
0x00007ff839120000 - 0x00007ff83914f000 	C:\WINDOWS\System32\IMM32.DLL
0x00007ff813aa0000 - 0x00007ff813aac000 	c:\Users\waniw\.vscode\extensions\redhat.java-1.46.0-win32-x64\jre\21.0.8-win32-x86_64\bin\vcruntime140_1.dll
0x00007fffe4390000 - 0x00007fffe441d000 	c:\Users\waniw\.vscode\extensions\redhat.java-1.46.0-win32-x64\jre\21.0.8-win32-x86_64\bin\msvcp140.dll
0x00007fffb2b70000 - 0x00007fffb3907000 	c:\Users\waniw\.vscode\extensions\redhat.java-1.46.0-win32-x64\jre\21.0.8-win32-x86_64\bin\server\jvm.dll
0x00007ff8383a0000 - 0x00007ff838454000 	C:\WINDOWS\System32\ADVAPI32.dll
0x00007ff838e10000 - 0x00007ff838eb6000 	C:\WINDOWS\System32\sechost.dll
0x00007ff8385a0000 - 0x00007ff8386b8000 	C:\WINDOWS\System32\RPCRT4.dll
0x00007ff839a80000 - 0x00007ff839af4000 	C:\WINDOWS\System32\WS2_32.dll
0x00007ff836c10000 - 0x00007ff836c6e000 	C:\WINDOWS\SYSTEM32\POWRPROF.dll
0x00007ff82f940000 - 0x00007ff82f94b000 	C:\WINDOWS\SYSTEM32\VERSION.dll
0x00007ff82ede0000 - 0x00007ff82ee15000 	C:\WINDOWS\SYSTEM32\WINMM.dll
0x00007ff836bf0000 - 0x00007ff836c04000 	C:\WINDOWS\SYSTEM32\UMPDC.dll
0x00007ff835b70000 - 0x00007ff835b8b000 	C:\WINDOWS\SYSTEM32\kernel.appcore.dll
0x00007ff813a10000 - 0x00007ff813a1a000 	c:\Users\waniw\.vscode\extensions\redhat.java-1.46.0-win32-x64\jre\21.0.8-win32-x86_64\bin\jimage.dll
0x00007ff8345a0000 - 0x00007ff8347e2000 	C:\WINDOWS\SYSTEM32\DBGHELP.DLL
0x00007ff839160000 - 0x00007ff8394db000 	C:\WINDOWS\System32\combase.dll
0x00007ff8397c0000 - 0x00007ff839897000 	C:\WINDOWS\System32\OLEAUT32.dll
0x00007ff81cc50000 - 0x00007ff81cc8d000 	C:\WINDOWS\SYSTEM32\dbgcore.DLL
0x00007ff837640000 - 0x00007ff8376d9000 	C:\WINDOWS\System32\bcryptPrimitives.dll
0x00007fffffa00000 - 0x00007fffffa0f000 	c:\Users\waniw\.vscode\extensions\redhat.java-1.46.0-win32-x64\jre\21.0.8-win32-x86_64\bin\instrument.dll
0x00007ff811f20000 - 0x00007ff811f3f000 	c:\Users\waniw\.vscode\extensions\redhat.java-1.46.0-win32-x64\jre\21.0.8-win32-x86_64\bin\java.dll
0x00007ff8386c0000 - 0x00007ff838e0d000 	C:\WINDOWS\System32\SHELL32.dll
0x00007ff837710000 - 0x00007ff83787c000 	C:\WINDOWS\System32\wintypes.dll
0x00007ff8349f0000 - 0x00007ff835249000 	C:\WINDOWS\SYSTEM32\windows.storage.dll
0x00007ff8394f0000 - 0x00007ff8395e0000 	C:\WINDOWS\System32\SHCORE.dll
0x00007ff8398b0000 - 0x00007ff839912000 	C:\WINDOWS\System32\shlwapi.dll
0x00007ff836cb0000 - 0x00007ff836cd9000 	C:\WINDOWS\SYSTEM32\profapi.dll
0x00007ff807110000 - 0x00007ff807128000 	c:\Users\waniw\.vscode\extensions\redhat.java-1.46.0-win32-x64\jre\21.0.8-win32-x86_64\bin\zip.dll
0x00007ff814db0000 - 0x00007ff814dc0000 	C:\Users\waniw\.vscode\extensions\redhat.java-1.46.0-win32-x64\jre\21.0.8-win32-x86_64\bin\net.dll
0x00007ff82ff40000 - 0x00007ff83005f000 	C:\WINDOWS\SYSTEM32\WINHTTP.dll
0x00007ff8360f0000 - 0x00007ff83615b000 	C:\WINDOWS\system32\mswsock.dll
0x00007ff806b70000 - 0x00007ff806b86000 	C:\Users\waniw\.vscode\extensions\redhat.java-1.46.0-win32-x64\jre\21.0.8-win32-x86_64\bin\nio.dll
0x00007ffffa640000 - 0x00007ffffa650000 	c:\Users\waniw\.vscode\extensions\redhat.java-1.46.0-win32-x64\jre\21.0.8-win32-x86_64\bin\verify.dll
0x00007ff813dc0000 - 0x00007ff813e04000 	C:\Users\waniw\AppData\Roaming\Code\User\globalStorage\redhat.java\1.46.0\config_win\org.eclipse.equinox.launcher\org.eclipse.equinox.launcher.win32.win32.x86_64_1.2.1400.v20250801-0854\eclipse_11916.dll
0x00007ff8395f0000 - 0x00007ff839788000 	C:\WINDOWS\System32\ole32.dll
0x00007ff836390000 - 0x00007ff8363ab000 	C:\WINDOWS\SYSTEM32\CRYPTSP.dll
0x00007ff835ad0000 - 0x00007ff835b0b000 	C:\WINDOWS\system32\rsaenh.dll
0x00007ff836190000 - 0x00007ff8361bb000 	C:\WINDOWS\SYSTEM32\USERENV.dll
0x00007ff836c80000 - 0x00007ff836ca6000 	C:\WINDOWS\SYSTEM32\bcrypt.dll
0x00007ff8363b0000 - 0x00007ff8363bc000 	C:\WINDOWS\SYSTEM32\CRYPTBASE.dll
0x00007ff835620000 - 0x00007ff835654000 	C:\WINDOWS\SYSTEM32\IPHLPAPI.DLL
0x00007ff8398a0000 - 0x00007ff8398aa000 	C:\WINDOWS\System32\NSI.dll
0x00007ffff07e0000 - 0x00007ffff0829000 	C:\Users\waniw\AppData\Local\Temp\jna-112897810\jna16719600118893659494.dll
0x00007ff838ec0000 - 0x00007ff838ec8000 	C:\WINDOWS\System32\PSAPI.DLL
0x00007ff835c90000 - 0x00007ff835cc6000 	C:\WINDOWS\SYSTEM32\ntmarta.dll
0x00007ff830b10000 - 0x00007ff830b2e000 	C:\WINDOWS\SYSTEM32\dhcpcsvc6.DLL
0x00007ff8306c0000 - 0x00007ff8306e3000 	C:\WINDOWS\SYSTEM32\dhcpcsvc.DLL

JVMTI agents:
c:\Users\waniw\.vscode\extensions\redhat.java-1.46.0-win32-x64\lombok\lombok-1.18.39-4050.jar path:c:\Users\waniw\.vscode\extensions\redhat.java-1.46.0-win32-x64\jre\21.0.8-win32-x86_64\bin\instrument.dll, loaded, initialized, instrumentlib options:none

dbghelp: loaded successfully - version: 4.0.5 - missing functions: none
symbol engine: initialized successfully - sym options: 0x614 - pdb path: .;c:\Users\waniw\.vscode\extensions\redhat.java-1.46.0-win32-x64\jre\21.0.8-win32-x86_64\bin;C:\WINDOWS\SYSTEM32;C:\WINDOWS\WinSxS\amd64_microsoft.windows.common-controls_6595b64144ccf1df_6.0.26100.5074_none_3e0d6f78e32fd63f;c:\Users\waniw\.vscode\extensions\redhat.java-1.46.0-win32-x64\jre\21.0.8-win32-x86_64\bin\server;C:\Users\waniw\AppData\Roaming\Code\User\globalStorage\redhat.java\1.46.0\config_win\org.eclipse.equinox.launcher\org.eclipse.equinox.launcher.win32.win32.x86_64_1.2.1400.v20250801-0854;C:\Users\waniw\AppData\Local\Temp\jna-112897810

VM Arguments:
jvm_args: --add-modules=ALL-SYSTEM --add-opens=java.base/java.util=ALL-UNNAMED --add-opens=java.base/java.lang=ALL-UNNAMED --add-opens=java.base/sun.nio.fs=ALL-UNNAMED -Declipse.application=org.eclipse.jdt.ls.core.id1 -Dosgi.bundles.defaultStartLevel=4 -Declipse.product=org.eclipse.jdt.ls.core.product -Djava.import.generatesMetadataFilesAtProjectRoot=false -DDetectVMInstallationsJob.disabled=true -Dfile.encoding=utf8 -XX:+UseParallelGC -XX:GCTimeRatio=4 -XX:AdaptiveSizePolicyWeight=90 -Dsun.zip.disableMemoryMapping=true -Xmx2G -Xms100m -Xlog:disable -javaagent:c:\Users\waniw\.vscode\extensions\redhat.java-1.46.0-win32-x64\lombok\lombok-1.18.39-4050.jar -XX:+HeapDumpOnOutOfMemoryError -XX:HeapDumpPath=c:\Users\waniw\AppData\Roaming\Code\User\workspaceStorage\67cdc74a77c06671975aabb63d870477\redhat.java -Daether.dependencyCollector.impl=bf 
java_command: c:\Users\waniw\.vscode\extensions\redhat.java-1.46.0-win32-x64\server\plugins\org.eclipse.equinox.launcher_1.7.0.v20250519-0528.jar -configuration c:\Users\waniw\AppData\Roaming\Code\User\globalStorage\redhat.java\1.46.0\config_win -data c:\Users\waniw\AppData\Roaming\Code\User\workspaceStorage\67cdc74a77c06671975aabb63d870477\redhat.java\jdt_ws --pipe=\\.\pipe\lsp-9afb8483f764ed516ebb306e7420ae24-sock
java_class_path (initial): c:\Users\waniw\.vscode\extensions\redhat.java-1.46.0-win32-x64\server\plugins\org.eclipse.equinox.launcher_1.7.0.v20250519-0528.jar
Launcher Type: SUN_STANDARD

[Global flags]
    uintx AdaptiveSizePolicyWeight                 = 90                                        {product} {command line}
     intx CICompilerCount                          = 4                                         {product} {ergonomic}
    uintx GCTimeRatio                              = 4                                         {product} {command line}
     bool HeapDumpOnOutOfMemoryError               = true                                   {manageable} {command line}
    ccstr HeapDumpPath                             = c:\Users\waniw\AppData\Roaming\Code\User\workspaceStorage\67cdc74a77c06671975aabb63d870477\redhat.java         {manageable} {command line}
   size_t InitialHeapSize                          = 104857600                                 {product} {command line}
   size_t MaxHeapSize                              = 2147483648                                {product} {command line}
   size_t MaxNewSize                               = 715653120                                 {product} {ergonomic}
   size_t MinHeapDeltaBytes                        = 524288                                    {product} {ergonomic}
   size_t MinHeapSize                              = 104857600                                 {product} {command line}
   size_t NewSize                                  = 34603008                                  {product} {ergonomic}
    uintx NonNMethodCodeHeapSize                   = 5839372                                {pd product} {ergonomic}
    uintx NonProfiledCodeHeapSize                  = 122909434                              {pd product} {ergonomic}
   size_t OldSize                                  = 70254592                                  {product} {ergonomic}
    uintx ProfiledCodeHeapSize                     = 122909434                              {pd product} {ergonomic}
    uintx ReservedCodeCacheSize                    = 251658240                              {pd product} {ergonomic}
     bool SegmentedCodeCache                       = true                                      {product} {ergonomic}
   size_t SoftMaxHeapSize                          = 2147483648                             {manageable} {ergonomic}
     bool UseCompressedOops                        = true                           {product lp64_product} {ergonomic}
     bool UseLargePagesIndividualAllocation        = false                                  {pd product} {ergonomic}
     bool UseParallelGC                            = true                                      {product} {command line}

Logging:
Log output configuration:
 #0: stdout all=off uptime,level,tags foldmultilines=false
 #1: stderr all=off uptime,level,tags foldmultilines=false

Environment Variables:
CLASSPATH=C:\Users\waniw\Downloads\free1\library
PATH=C:\Users\waniw\AppData\Local\cloud-code\installer\google-cloud-sdk\bin;C:\Program Files (x86)\Common Files\Intel\Shared Libraries\redist\intel64\compiler;C:\Program Files\Common Files\Oracle\Java\javapath;C:\Program Files (x86)\Common Files\Oracle\Java\java8path;C:\Program Files (x86)\Common Files\Oracle\Java\javapath;C:\WINDOWS\system32;C:\WINDOWS;C:\WINDOWS\System32\Wbem;C:\WINDOWS\System32\WindowsPowerShell\v1.0\;C:\WINDOWS\System32\OpenSSH\;C:\Program Files\Novell\iPrint;C:\Program Files\Git\cmd;C:\Program Files (x86)\Microsoft SQL Server\150\DTS\Binn\;C:\Program Files\PuTTY\;C:\Program Files (x86)\Microsoft SQL Server\160\DTS\Binn\;C:\Program Files\Azure Data Studio\bin;C:\Program Files\MongoDB\Server\7.0\bin;C:\Program Files\Vim\vim91;C:\Program Files\dotnet\;C:\Program Files\HP\HP One Agent;C:\Program Files\Microsoft SQL Server\150\Tools\Binn\;C:\Program Files\Microsoft SQL Server\Client SDK\ODBC\170\Tools\Binn\;C:\Program Files\nodejs\;C:\ProgramData\chocolatey\bin;C:\Program Files (x86)\Microsoft SQL Server\160\Tools\Binn\;C:\Program Files\Microsoft SQL Server\160\Tools\Binn\;C:\Program Files\Microsoft SQL Server\160\DTS\Binn\;C:\Program Files\php-8.3.12;;C:\WINDOWS\system32;C:\WINDOWS;C:\WINDOWS\System32\Wbem;C:\WINDOWS\System32\WindowsPowerShell\v1.0\;C:\WINDOWS\System32\OpenSSH\;C:\Users\waniw\AppData\Local\Programs\Python\Launcher\;C:\Users\waniw\AppData\Local\Microsoft\WindowsApps;C:\Users\waniw\AppData\Local\Programs\Microsoft VS Code\bin;C:\Users\waniw\AppData\Local\atom\bin;C:\Users\waniw\AppData\Local\Programs\Hyper\resources\bin;C:\msys64\mingw64\bin;C:\src\flutter\flutter\bin;C:\Program Files\Azure Data Studio\bin;C:\Users\waniw\AppData\Local\Programs\mongosh\;C:\Users\waniw\.dotnet\tools;C:\Program Files\heroku\bin;C:\Users\waniw\AppData\Roaming\npm;c:\Gradle\gradle-8.0.2\bin;C:\Program Files\JetBrains\WebStorm 2024.3.4\bin;C:\Program Files (x86)\BrowserStackLocal\;C:\Users\waniw\.fly\bin;C:\Users\waniw\AppData\Local\Google\Cloud SDK\google-cloud-sdk\bin;C:\Users\waniw\AppData\Local\Microsoft\WindowsApps;
USERNAME=waniw
OS=Windows_NT
PROCESSOR_IDENTIFIER=AMD64 Family 25 Model 80 Stepping 0, AuthenticAMD
TMP=C:\Users\waniw\AppData\Local\Temp
TEMP=C:\Users\waniw\AppData\Local\Temp




Periodic native trim disabled

---------------  S Y S T E M  ---------------

OS:
 Windows 11 , 64 bit Build 26100 (10.0.26100.5074)
OS uptime: 7 days 13:24 hours
Hyper-V role detected

CPU: total 12 (initial active 12) (12 cores per cpu, 2 threads per core) family 25 model 80 stepping 0 microcode 0xa50000c, cx8, cmov, fxsr, ht, mmx, 3dnowpref, sse, sse2, sse3, ssse3, sse4a, sse4.1, sse4.2, popcnt, lzcnt, tsc, tscinvbit, avx, avx2, aes, erms, clmul, bmi1, bmi2, adx, sha, fma, vzeroupper, clflush, clflushopt, hv, rdtscp, rdpid, fsrm, f16c, cet_ss
Processor Information for processor 0
  Max Mhz: 2301, Current Mhz: 2301, Mhz Limit: 2301
Processor Information for processor 1
  Max Mhz: 2301, Current Mhz: 1990, Mhz Limit: 2301
Processor Information for processor 2
  Max Mhz: 2301, Current Mhz: 2301, Mhz Limit: 2301
Processor Information for processor 3
  Max Mhz: 2301, Current Mhz: 2301, Mhz Limit: 2301
Processor Information for processor 4
  Max Mhz: 2301, Current Mhz: 1990, Mhz Limit: 2301
Processor Information for processor 5
  Max Mhz: 2301, Current Mhz: 2301, Mhz Limit: 2301
Processor Information for processor 6
  Max Mhz: 2301, Current Mhz: 1990, Mhz Limit: 2301
Processor Information for processor 7
  Max Mhz: 2301, Current Mhz: 2301, Mhz Limit: 2301
Processor Information for processor 8
  Max Mhz: 2301, Current Mhz: 1990, Mhz Limit: 2301
Processor Information for processor 9
  Max Mhz: 2301, Current Mhz: 1990, Mhz Limit: 2301
Processor Information for processor 10
  Max Mhz: 2301, Current Mhz: 2301, Mhz Limit: 2301
Processor Information for processor 11
  Max Mhz: 2301, Current Mhz: 2301, Mhz Limit: 2301

Memory: 4k page, system-wide physical 7525M (692M free)
TotalPageFile size 31077M (AvailPageFile size 0M)
current process WorkingSet (physical memory assigned to process): 397M, peak: 397M
current process commit charge ("private bytes"): 440M, peak: 442M

vm_info: OpenJDK 64-Bit Server VM (21.0.8+9-LTS) for windows-amd64 JRE (21.0.8+9-LTS), built on 2025-07-15T00:00:00Z by "admin" with MS VC++ 17.7 (VS2022)

END.
